Archive member included to satisfy reference by file (symbol)

/usr/bin/../lib/gcc/arm-none-eabi/7.3.1/thumb/v7-m/libgcc.a(_arm_addsubdf3.o)
                              ./app/src/screen.o (__aeabi_dsub)
/usr/bin/../lib/gcc/arm-none-eabi/7.3.1/thumb/v7-m/libgcc.a(_arm_muldivdf3.o)
                              ./drivers/src/actuator.o (__aeabi_dmul)
/usr/bin/../lib/gcc/arm-none-eabi/7.3.1/thumb/v7-m/libgcc.a(_arm_cmpdf2.o)
                              ./app/src/screen.o (__aeabi_dcmplt)
/usr/bin/../lib/gcc/arm-none-eabi/7.3.1/thumb/v7-m/libgcc.a(_arm_fixdfsi.o)
                              ./app/src/system.o (__aeabi_d2iz)
/usr/bin/../lib/gcc/arm-none-eabi/7.3.1/thumb/v7-m/libgcc.a(_arm_fixunsdfsi.o)
                              ./drivers/src/actuator.o (__aeabi_d2uiz)
/usr/bin/../lib/gcc/arm-none-eabi/7.3.1/thumb/v7-m/libgcc.a(_arm_truncdfsf2.o)
                              ./app/src/system.o (__aeabi_d2f)
/usr/bin/../lib/gcc/arm-none-eabi/7.3.1/thumb/v7-m/libgcc.a(_arm_addsubsf3.o)
                              ./app/src/naveg.o (__aeabi_fsub)
/usr/bin/../lib/gcc/arm-none-eabi/7.3.1/thumb/v7-m/libgcc.a(_arm_muldivsf3.o)
                              ./drivers/src/actuator.o (__aeabi_fmul)
/usr/bin/../lib/gcc/arm-none-eabi/7.3.1/thumb/v7-m/libgcc.a(_arm_cmpsf2.o)
                              ./app/src/naveg.o (__aeabi_fcmpeq)
/usr/bin/../lib/gcc/arm-none-eabi/7.3.1/thumb/v7-m/libgcc.a(_arm_fixsfsi.o)
                              ./app/src/screen.o (__aeabi_f2iz)
/usr/bin/../lib/gcc/arm-none-eabi/7.3.1/thumb/v7-m/libgcc.a(_arm_fixunssfsi.o)
                              ./app/src/naveg.o (__aeabi_f2uiz)
/usr/bin/../lib/gcc/arm-none-eabi/7.3.1/thumb/v7-m/libgcc.a(_aeabi_ldivmod.o)
                              ./nxp-lpc/LPC177x_8xLib/src/lpc177x_8x_uart.o (__aeabi_ldivmod)
/usr/bin/../lib/gcc/arm-none-eabi/7.3.1/thumb/v7-m/libgcc.a(_aeabi_uldivmod.o)
                              ./nxp-lpc/LPC177x_8xLib/src/lpc177x_8x_timer.o (__aeabi_uldivmod)
/usr/bin/../lib/gcc/arm-none-eabi/7.3.1/thumb/v7-m/libgcc.a(_udivmoddi4.o)
                              /usr/bin/../lib/gcc/arm-none-eabi/7.3.1/thumb/v7-m/libgcc.a(_aeabi_ldivmod.o) (__udivmoddi4)
/usr/bin/../lib/gcc/arm-none-eabi/7.3.1/thumb/v7-m/libgcc.a(_dvmd_tls.o)
                              /usr/bin/../lib/gcc/arm-none-eabi/7.3.1/thumb/v7-m/libgcc.a(_aeabi_ldivmod.o) (__aeabi_ldiv0)
/usr/bin/../lib/gcc/arm-none-eabi/7.3.1/../../../../arm-none-eabi/lib/thumb/v7-m/libc.a(lib_a-atof.o)
                              ./app/src/system.o (atof)
/usr/bin/../lib/gcc/arm-none-eabi/7.3.1/../../../../arm-none-eabi/lib/thumb/v7-m/libc.a(lib_a-atoi.o)
                              ./app/src/system.o (atoi)
/usr/bin/../lib/gcc/arm-none-eabi/7.3.1/../../../../arm-none-eabi/lib/thumb/v7-m/libc.a(lib_a-malloc.o)
                              ./app/src/naveg.o (malloc)
/usr/bin/../lib/gcc/arm-none-eabi/7.3.1/../../../../arm-none-eabi/lib/thumb/v7-m/libc.a(lib_a-mallocr.o)
                              /usr/bin/../lib/gcc/arm-none-eabi/7.3.1/../../../../arm-none-eabi/lib/thumb/v7-m/libc.a(lib_a-malloc.o) (_malloc_r)
/usr/bin/../lib/gcc/arm-none-eabi/7.3.1/../../../../arm-none-eabi/lib/thumb/v7-m/libc.a(lib_a-memcpy.o)
                              ./freertos/src/queue.o (memcpy)
/usr/bin/../lib/gcc/arm-none-eabi/7.3.1/../../../../arm-none-eabi/lib/thumb/v7-m/libc.a(lib_a-memset.o)
                              ./app/src/comm.o (memset)
/usr/bin/../lib/gcc/arm-none-eabi/7.3.1/../../../../arm-none-eabi/lib/thumb/v7-m/libc.a(lib_a-mlock.o)
                              /usr/bin/../lib/gcc/arm-none-eabi/7.3.1/../../../../arm-none-eabi/lib/thumb/v7-m/libc.a(lib_a-mallocr.o) (__malloc_lock)
/usr/bin/../lib/gcc/arm-none-eabi/7.3.1/../../../../arm-none-eabi/lib/thumb/v7-m/libc.a(lib_a-s_modf.o)
                              ./app/src/utils.o (modf)
/usr/bin/../lib/gcc/arm-none-eabi/7.3.1/../../../../arm-none-eabi/lib/thumb/v7-m/libc.a(lib_a-sbrkr.o)
                              /usr/bin/../lib/gcc/arm-none-eabi/7.3.1/../../../../arm-none-eabi/lib/thumb/v7-m/libc.a(lib_a-mallocr.o) (_sbrk_r)
/usr/bin/../lib/gcc/arm-none-eabi/7.3.1/../../../../arm-none-eabi/lib/thumb/v7-m/libc.a(lib_a-stpcpy.o)
                              ./app/src/system.o (stpcpy)
/usr/bin/../lib/gcc/arm-none-eabi/7.3.1/../../../../arm-none-eabi/lib/thumb/v7-m/libc.a(lib_a-strcasecmp.o)
                              ./app/src/naveg.o (strcasecmp)
/usr/bin/../lib/gcc/arm-none-eabi/7.3.1/../../../../arm-none-eabi/lib/thumb/v7-m/libc.a(lib_a-strcat.o)
                              ./app/src/screen.o (strcat)
/usr/bin/../lib/gcc/arm-none-eabi/7.3.1/../../../../arm-none-eabi/lib/thumb/v7-m/libc.a(lib_a-strchr.o)
                              ./app/src/protocol.o (strchr)
/usr/bin/../lib/gcc/arm-none-eabi/7.3.1/../../../../arm-none-eabi/lib/thumb/v7-m/libc.a(lib_a-strcmp.o)
                              ./app/src/protocol.o (strcmp)
[...]
Memory Configuration

Name             Origin             Length             Attributes
FLASH            0x0000000000000000 0x0000000000080000 xr
SRAM             0x0000000010000000 0x000000000000ffff xrw
SRAM0            0x0000000020000000 0x0000000000008000 xrw
*default*        0x0000000000000000 0xffffffffffffffff

Linker script and memory map

LOAD ./nxp-lpc/CMSISv2p00_LPC177x_8x/src/cr_startup_lpc177x_8x.o
LOAD ./nxp-lpc/CMSISv2p00_LPC177x_8x/src/core_cm3.o
LOAD ./nxp-lpc/CMSISv2p00_LPC177x_8x/src/system_LPC177x_8x.o
LOAD ./nxp-lpc/LPC177x_8xLib/src/lpc177x_8x_clkpwr.o
LOAD ./nxp-lpc/LPC177x_8xLib/src/lpc177x_8x_adc.o
LOAD ./nxp-lpc/LPC177x_8xLib/src/lpc177x_8x_gpio.o
LOAD ./nxp-lpc/LPC177x_8xLib/src/lpc177x_8x_pinsel.o
LOAD ./nxp-lpc/LPC177x_8xLib/src/lpc177x_8x_systick.o
LOAD ./nxp-lpc/LPC177x_8xLib/src/lpc177x_8x_timer.o
LOAD ./nxp-lpc/LPC177x_8xLib/src/lpc177x_8x_uart.o
LOAD ./nxp-lpc/LPC177x_8xLib/src/lpc177x_8x_ssp.o
LOAD ./freertos/src/heap_5.o
LOAD ./freertos/src/queue.o
LOAD ./freertos/src/croutine.o
LOAD ./freertos/src/list.o
LOAD ./freertos/src/port.o
LOAD ./freertos/src/event_groups.o
LOAD ./freertos/src/tasks.o
LOAD ./freertos/src/timers.o
LOAD ./drivers/src/uc1701.o
LOAD ./drivers/src/actuator.o
LOAD ./drivers/src/ks0108.o
LOAD ./drivers/src/ledz.o
LOAD ./app/src/protocol.o
LOAD ./app/src/hardware.o
LOAD ./app/src/comm.o
LOAD ./app/src/screen.o
LOAD ./app/src/cli.o
LOAD ./app/src/system.o
LOAD ./app/src/node.o
LOAD ./app/src/images.o
LOAD ./app/src/naveg.o
LOAD ./app/src/main.o
LOAD ./app/src/glcd_widget.o
LOAD ./app/src/serial.o
LOAD ./app/src/data.o
LOAD ./app/src/utils.o
START GROUP
LOAD /usr/bin/../lib/gcc/arm-none-eabi/7.3.1/thumb/v7-m/libgcc.a
LOAD /usr/bin/../lib/gcc/arm-none-eabi/7.3.1/../../../../arm-none-eabi/lib/thumb/v7-m/libc.a
LOAD /usr/bin/../lib/gcc/arm-none-eabi/7.3.1/../../../../arm-none-eabi/lib/thumb/v7-m/libm.a
LOAD /usr/bin/../lib/gcc/arm-none-eabi/7.3.1/../../../../arm-none-eabi/lib/thumb/v7-m/librdimon.a
END GROUP
START GROUP
LOAD /usr/bin/../lib/gcc/arm-none-eabi/7.3.1/thumb/v7-m/libgcc.a
LOAD /usr/bin/../lib/gcc/arm-none-eabi/7.3.1/../../../../arm-none-eabi/lib/thumb/v7-m/libc.a
END GROUP
START GROUP
LOAD /usr/bin/../lib/gcc/arm-none-eabi/7.3.1/thumb/v7-m/libgcc.a
LOAD /usr/bin/../lib/gcc/arm-none-eabi/7.3.1/../../../../arm-none-eabi/lib/thumb/v7-m/libc.a
LOAD /usr/bin/../lib/gcc/arm-none-eabi/7.3.1/../../../../arm-none-eabi/lib/thumb/v7-m/librdimon.a
END GROUP
                0x0000000000080000                __top_FLASH = 0x80000
                0x000000001000ffff                __top_SRAM = 0x1000ffff
                0x0000000020008000                __top_SRAM0 = 0x20008000

.text           0x0000000000000000    0x19b9c
 FILL mask 0xff
                0x0000000000000000                __vectors_start__ = ABSOLUTE (.)
 *(.isr_vector)
 .isr_vector    0x0000000000000000       0xe4 ./nxp-lpc/CMSISv2p00_LPC177x_8x/src/cr_startup_lpc177x_8x.o
                0x0000000000000000                g_pfnVectors
                0x00000000000000e4                . = ALIGN (0x4)
                0x00000000000000e4                __section_table_start = .
                0x00000000000000e4                __data_section_table = .
                0x00000000000000e4        0x4 LONG 0x19ba4 LOADADDR (.data)
                0x00000000000000e8        0x4 LONG 0x10000000 ADDR (.data)
                0x00000000000000ec        0x4 LONG 0x17ec SIZEOF (.data)
                0x00000000000000f0        0x4 LONG 0x19ba4 LOADADDR (.data_RAM2)
                0x00000000000000f4        0x4 LONG 0x20000000 ADDR (.data_RAM2)
                0x00000000000000f8        0x4 LONG 0x0 SIZEOF (.data_RAM2)
                0x00000000000000fc                __data_section_table_end = .
                0x00000000000000fc                __bss_section_table = .
                0x00000000000000fc        0x4 LONG 0x100017ec ADDR (.bss)
                0x0000000000000100        0x4 LONG 0x1c68 SIZEOF (.bss)
                0x0000000000000104        0x4 LONG 0x20000000 ADDR (.bss_RAM2)
                0x0000000000000108        0x4 LONG 0x0 SIZEOF (.bss_RAM2)
                0x000000000000010c                __bss_section_table_end = .
                0x000000000000010c                __section_table_end = .
 *(.after_vectors*)
 .after_vectors
                0x000000000000010c       0xd0 ./nxp-lpc/CMSISv2p00_LPC177x_8x/src/cr_startup_lpc177x_8x.o
                0x000000000000010c                NMI_Handler
                0x0000000000000120                DebugMon_Handler
                0x0000000000000124                GPIO_IRQHandler
                0x0000000000000124                TIMER2_IRQHandler
                0x0000000000000124                RIT_IRQHandler
                0x0000000000000124                I2C0_IRQHandler
                0x0000000000000124                USBActivity_IRQHandler
                0x0000000000000124                PWM1_IRQHandler
                0x0000000000000124                I2C1_IRQHandler
                0x0000000000000124                EINT2_IRQHandler
                0x0000000000000124                EINT3_IRQHandler
                0x0000000000000124                CANActivity_IRQHandler
                0x0000000000000124                TIMER3_IRQHandler
                0x0000000000000124                IntDefaultHandler
                0x0000000000000124                PLL0_IRQHandler
                0x0000000000000124                CAN_IRQHandler
                0x0000000000000124                PLL1_IRQHandler
                0x0000000000000124                SSP0_IRQHandler
                0x0000000000000124                I2S_IRQHandler
                0x0000000000000124                I2C2_IRQHandler
                0x0000000000000124                RTC_IRQHandler
                0x0000000000000124                SPI_IRQHandler
                0x0000000000000124                LCD_IRQHandler
                0x0000000000000124                EINT1_IRQHandler
                0x0000000000000124                UART4_IRQHandler
                0x0000000000000124                ADC_IRQHandler
                0x0000000000000124                MCI_IRQHandler
                0x0000000000000124                SSP1_IRQHandler
                0x0000000000000124                USB_IRQHandler
                0x0000000000000124                BOD_IRQHandler
                0x0000000000000124                WDT_IRQHandler
                0x0000000000000124                QEI_IRQHandler
                0x0000000000000124                EINT0_IRQHandler
                0x0000000000000124                PWM0_IRQHandler
                0x0000000000000124                SSP2_IRQHandler
                0x0000000000000124                EEPROM_IRQHandler
                0x0000000000000124                DMA_IRQHandler
                0x0000000000000124                MCPWM_IRQHandler
                0x0000000000000124                ENET_IRQHandler
                0x0000000000000128                ResetISR
                0x000000000000019c                data_init
                0x00000000000001b8                bss_init
                0x00000000000001d0                SVCall_Handler
                0x00000000000001d4                PendSV_Handler
                0x00000000000001d8                SysTick_Handler
 *(.text*)
 .text          0x00000000000001dc        0x0 ./nxp-lpc/CMSISv2p00_LPC177x_8x/src/cr_startup_lpc177x_8x.o
 .text          0x00000000000001dc        0x0 ./nxp-lpc/CMSISv2p00_LPC177x_8x/src/core_cm3.o
 .text          0x00000000000001dc      0x248 ./nxp-lpc/CMSISv2p00_LPC177x_8x/src/system_LPC177x_8x.o
                0x00000000000001dc                SystemCoreClockUpdate
                0x00000000000003a0                SystemInit
 .text          0x0000000000000424      0x154 ./nxp-lpc/LPC177x_8xLib/src/lpc177x_8x_clkpwr.o
                0x0000000000000424                CLKPWR_SetCLKDiv
                0x00000000000004b4                CLKPWR_GetCLK
                0x00000000000004ec                CLKPWR_ConfigPPWR
                0x0000000000000514                CLKPWR_Sleep
                0x0000000000000524                CLKPWR_DeepSleep
                0x0000000000000540                CLKPWR_PowerDown
                0x000000000000055c                CLKPWR_DeepPowerDown
 .text          0x0000000000000578      0x128 ./nxp-lpc/LPC177x_8xLib/src/lpc177x_8x_adc.o
                0x0000000000000578                ADC_Init
                0x00000000000005ac                ADC_DeInit
                0x00000000000005c0                ADC_GetData
                0x00000000000005d0                ADC_StartCmd
                0x00000000000005e4                ADC_BurstCmd
                0x00000000000005f8                ADC_PowerdownCmd
                0x000000000000060c                ADC_EdgeStartConfig
                0x0000000000000620                ADC_IntConfig
                0x000000000000063c                ADC_ChannelCmd
                0x0000000000000654                ADC_ChannelGetData
                0x0000000000000660                ADC_ChannelGetStatus
                0x0000000000000680                ADC_GlobalGetData
                0x0000000000000684                ADC_GlobalGetStatus
 .text          0x00000000000006a0      0x37c ./nxp-lpc/LPC177x_8xLib/src/lpc177x_8x_gpio.o
                0x00000000000006c0                GPIO_Init
                0x00000000000006cc                GPIO_Deinit
                0x00000000000006d8                GPIO_SetDir
                0x00000000000006e0                GPIO_SetValue
                0x00000000000006f4                GPIO_ClearValue
                0x0000000000000708                GPIO_OutputValue
                0x0000000000000730                GPIO_ReadValue
                0x0000000000000748                GPIO_IntCmd
                0x0000000000000778                GPIO_GetIntStatus
                0x00000000000007c0                GPIO_ClearInt
                0x00000000000007d8                FIO_SetDir
                0x00000000000007e0                FIO_SetValue
                0x00000000000007f4                FIO_ClearValue
                0x0000000000000808                FIO_ReadValue
                0x0000000000000824                FIO_IntCmd
                0x0000000000000828                FIO_GetIntStatus
                0x000000000000082c                FIO_ClearInt
                0x0000000000000844                FIO_SetMask
                0x0000000000000868                FIO_HalfWordSetDir
                0x00000000000008ac                FIO_HalfWordSetMask
                0x00000000000008f0                FIO_HalfWordSetValue
                0x000000000000090c                FIO_HalfWordClearValue
                0x0000000000000928                FIO_HalfWordReadValue
                0x000000000000094c                FIO_ByteSetDir
                0x0000000000000984                FIO_ByteSetMask
                0x00000000000009c0                FIO_ByteSetValue
                0x00000000000009dc                FIO_ByteClearValue
                0x00000000000009f8                FIO_ByteReadValue
 .text          0x0000000000000a1c      0x3c4 ./nxp-lpc/LPC177x_8xLib/src/lpc177x_8x_pinsel.o
                0x0000000000000a1c                PINSEL_GetPinType
                0x0000000000000aa4                PINSEL_SetPinFunc
                0x0000000000000adc                PINSEL_SetPinMode
                0x0000000000000b24                PINSEL_SetHysMode
                0x0000000000000b6c                PINSEL_SetInvertInput
                0x0000000000000bb4                PINSEL_SetSlewMode
                0x0000000000000bfc                PINSEL_SetOpenDrainMode
                0x0000000000000c48                PINSEL_SetAnalogPinMode
                0x0000000000000c90                PINSEL_DacEnable
                0x0000000000000cd4                PINSEL_SetFilter
                0x0000000000000d20                PINSEL_SetI2CFilter
                0x0000000000000d68                PINSEL_SetI2CMode
 .text          0x0000000000000de0       0xe8 ./nxp-lpc/LPC177x_8xLib/src/lpc177x_8x_systick.o
                0x0000000000000de0                SYSTICK_InternalInit
                0x0000000000000e30                SYSTICK_ExternalInit
                0x0000000000000e7c                SYSTICK_Cmd
                0x0000000000000e94                SYSTICK_IntCmd
                0x0000000000000eac                SYSTICK_GetCurrentValue
                0x0000000000000eb8                SYSTICK_ClearCounterFlag
 .text          0x0000000000000ec8      0x2e0 ./nxp-lpc/LPC177x_8xLib/src/lpc177x_8x_timer.o
                0x0000000000000ec8                TIM_GetIntStatus
                0x0000000000000edc                TIM_GetIntCaptureStatus
                0x0000000000000ef4                TIM_ClearIntPending
                0x0000000000000f00                TIM_ClearIntCapturePending
                0x0000000000000f0c                TIM_ConfigStructInit
                0x0000000000000f1c                TIM_Init
                0x0000000000000fec                TIM_DeInit
                0x000000000000102c                TIM_Cmd
                0x0000000000001040                TIM_ResetCounter
                0x0000000000001054                TIM_ConfigMatch
                0x00000000000010dc                TIM_UpdateMatchValue
                0x00000000000010fc                TIM_ConfigCapture
                0x0000000000001144                TIM_GetCaptureValue
                0x0000000000001150                TIM_Waitus
                0x000000000000119c                TIM_Waitms
 .text          0x00000000000011a8      0x81c ./nxp-lpc/LPC177x_8xLib/src/lpc177x_8x_uart.o
                0x00000000000011f4                UART_Init
                0x0000000000001594                UART_DeInit
                0x000000000000160c                UART_ConfigStructInit
                0x0000000000001620                UART_SendByte
                0x0000000000001624                UART_ReceiveByte
                0x0000000000001628                UART_Send
                0x000000000000166c                UART_Receive
                0x00000000000016d4                UART_ForceBreak
                0x00000000000016e0                UART_IntConfig
                0x000000000000171c                UART_GetLineStatus
                0x0000000000001724                UART_GetIntId
                0x0000000000001730                UART_CheckBusy
                0x000000000000173c                UART_FIFOConfig
                0x0000000000001774                UART_FIFOConfigStructInit
                0x0000000000001784                UART_ABCmd
                0x00000000000017dc                UART_ABClearIntPending
                0x00000000000017e4                UART_TxCmd
                0x000000000000183c                UART_IrDAInvtInputCmd
                0x0000000000001860                UART_IrDACmd
                0x0000000000001878                UART_IrDAPulseDivConfig
                0x0000000000001898                UART_FullModemForcePinState
                0x00000000000018b8                UART_FullModemConfigMode
                0x00000000000018e0                UART_FullModemGetStatus
                0x00000000000018e4                UART_RS485Config
                0x0000000000001944                UART_RS485ReceiverCmd
                0x000000000000195c                UART_RS485Send
                0x0000000000001988                UART_RS485SendSlvAddr
                0x00000000000019b4                UART_RS485SendData
 .text          0x00000000000019c4      0x38c ./nxp-lpc/LPC177x_8xLib/src/lpc177x_8x_ssp.o
                0x00000000000019c4                SSP_Init
                0x0000000000001a6c                SSP_DeInit
                0x0000000000001aac                SSP_GetDataSize
                0x0000000000001ab4                SSP_ConfigStructInit
                0x0000000000001acc                SSP_Cmd
                0x0000000000001ae0                SSP_LoopBackCmd
                0x0000000000001af4                SSP_SlaveOutputCmd
                0x0000000000001b08                SSP_SendData
                0x0000000000001b0c                SSP_ReceiveData
                0x0000000000001b14                SSP_ReadWrite
                0x0000000000001cec                SSP_GetStatus
                0x0000000000001cf8                SSP_IntConfig
                0x0000000000001d14                SSP_GetRawIntStatus
                0x0000000000001d20                SSP_GetRawIntStatusReg
                0x0000000000001d24                SSP_GetIntStatus
                0x0000000000001d30                SSP_ClearIntPending
                0x0000000000001d34                SSP_DMACmd
 .text          0x0000000000001d50      0x1e0 ./freertos/src/heap_5.o
                0x0000000000001da8                pvPortMalloc
                0x0000000000001e4c                vPortFree
                0x0000000000001e94                xPortGetFreeHeapSize
                0x0000000000001ea0                xPortGetMinimumEverFreeHeapSize
                0x0000000000001eac                vPortDefineHeapRegions
 .text          0x0000000000001f30      0x608 ./freertos/src/queue.o
                0x0000000000002038                xQueueGenericReset
                0x000000000000209c                xQueueGenericCreate
                0x00000000000020dc                xQueueCreateCountingSemaphore
                0x00000000000020f0                xQueueGenericSend
                0x00000000000021e0                xQueueGenericSendFromISR
                0x000000000000225c                xQueueGiveFromISR
                0x00000000000022c0                xQueueGenericReceive
                0x00000000000023d0                xQueueReceiveFromISR
                0x000000000000243c                xQueuePeekFromISR
                0x0000000000002470                uxQueueMessagesWaiting
                0x0000000000002484                uxQueueSpacesAvailable
                0x000000000000249c                uxQueueMessagesWaitingFromISR
                0x00000000000024a0                vQueueDelete
                0x00000000000024cc                xQueueIsQueueEmptyFromISR
                0x00000000000024d8                xQueueIsQueueFullFromISR
                0x00000000000024e8                vQueueAddToRegistry
                0x0000000000002510                vQueueUnregisterQueue
 .text          0x0000000000002538        0x0 ./freertos/src/croutine.o
 .text          0x0000000000002538       0x94 ./freertos/src/list.o
                0x0000000000002538                vListInitialise
                0x0000000000002550                vListInitialiseItem
                0x0000000000002558                vListInsertEnd
                0x0000000000002574                vListInsert
                0x00000000000025a8                uxListRemove
 .text          0x00000000000025cc      0x198 ./freertos/src/port.o
                0x00000000000025e8                pxPortInitialiseStack
                0x000000000000260c                vPortSVCHandler
                0x0000000000002630                vPortEndScheduler
                0x0000000000002634                vPortYield
                0x000000000000264c                ulPortSetInterruptMask
                0x0000000000002664                vPortEnterCritical
                0x0000000000002680                vPortClearInterruptMask
                0x0000000000002688                vPortExitCritical
                0x000000000000269c                xPortPendSVHandler
                0x00000000000026e0                xPortSysTickHandler
                0x0000000000002704                vPortSetupTimerInterrupt
                0x0000000000002730                xPortStartScheduler
 .text          0x0000000000002764      0x240 ./freertos/src/event_groups.o
                0x0000000000002764                xEventGroupCreate
                0x0000000000002780                xEventGroupWaitBits
                0x0000000000002828                xEventGroupClearBits
                0x0000000000002844                xEventGroupGetBitsFromISR
                0x0000000000002858                xEventGroupSetBits
                0x00000000000028c4                xEventGroupSync
                0x0000000000002958                vEventGroupDelete
                0x0000000000002984                vEventGroupSetBitsCallback
                0x0000000000002988                vEventGroupClearBitsCallback
 .text          0x00000000000029a4      0xd04 ./freertos/src/tasks.o
                0x0000000000002a28                xTaskGenericCreate
                0x0000000000002bc0                vTaskDelete
                0x0000000000002c68                vTaskSuspend
                0x0000000000002d1c                vTaskResume
                0x0000000000002d8c                xTaskResumeFromISR
                0x0000000000002e0c                vTaskStartScheduler
                0x0000000000002e58                vTaskEndScheduler
                0x0000000000002e74                vTaskSuspendAll
                0x0000000000002e88                xTaskGetTickCount
                0x0000000000002e94                xTaskGetTickCountFromISR
                0x0000000000002ea0                uxTaskGetNumberOfTasks
                0x0000000000002eac                xTaskIncrementTick
                0x0000000000002f7c                xTaskResumeAll
                0x0000000000003034                vTaskDelayUntil
                0x000000000000309c                vTaskDelay
                0x0000000000003144                vTaskSwitchContext
                0x0000000000003158                vTaskPlaceOnEventList
                0x00000000000031a4                vTaskPlaceOnUnorderedEventList
                0x00000000000031fc                xTaskRemoveFromEventList
                0x000000000000325c                xTaskRemoveFromUnorderedEventList
                0x00000000000032b0                vTaskSetTimeOutState
                0x00000000000032c4                xTaskCheckForTimeOut
                0x0000000000003320                vTaskMissedYield
                0x000000000000332c                uxTaskResetEventItemValue
                0x0000000000003344                ulTaskNotifyTake
                0x00000000000033d0                xTaskNotifyWait
                0x0000000000003480                xTaskGenericNotify
                0x000000000000351c                xTaskGenericNotifyFromISR
                0x00000000000035e4                vTaskNotifyGiveFromISR
                0x0000000000003678                xTaskNotifyStateClear
 .text          0x00000000000036a8        0x0 ./freertos/src/timers.o
 .text          0x00000000000036a8      0xbb0 ./drivers/src/uc1701.o
                0x0000000000003838                uc1701_init
                0x0000000000003a20                uc1701_backlight
                0x0000000000003a38                uc1701_clear
                0x0000000000003a70                uc1701_update
                0x0000000000003a80                uc1701_set_pixel
                0x0000000000003ac0                uc1701_hline
                0x0000000000003b48                uc1701_vline
                0x0000000000003bc4                uc1701_line
                0x0000000000003d68                uc1701_rect
                0x0000000000003dac                uc1701_rect_fill
                0x0000000000003e00                uc1701_rect_invert
                0x0000000000003f3c                uc1701_draw_image
                0x0000000000003fb0                uc1701_text
 .text          0x0000000000004258      0x57c ./drivers/src/actuator.o
                0x00000000000042b0                actuator_create
                0x0000000000004308                actuator_set_pins
                0x0000000000004390                actuator_set_prop
                0x00000000000043b4                actuator_enable_event
                0x00000000000043c8                actuator_set_event
                0x00000000000043dc                actuator_get_status
                0x00000000000043f8                actuator_get_acceleration
                0x0000000000004404                actuator_pot_value
                0x0000000000004434                actuators_clock
 .text          0x00000000000047d4      0xb64 ./drivers/src/ks0108.o
                0x00000000000048b0                ks0108_backlight
                0x00000000000048c8                ks0108_set_pixel
                0x00000000000048fc                ks0108_hline
                0x0000000000004984                ks0108_vline
                0x0000000000004a18                ks0108_line
                0x0000000000004c30                ks0108_rect
                0x0000000000004c80                ks0108_rect_fill
                0x0000000000004cd4                ks0108_clear
                0x0000000000004cf0                ks0108_rect_invert
                0x0000000000004de0                ks0108_draw_image
                0x0000000000004e38                ks0108_text
                0x00000000000050f0                ks0108_update
                0x00000000000051dc                ks0108_init
 .text          0x0000000000005338      0x2a0 ./drivers/src/ledz.o
                0x0000000000005338                ledz_create
                0x0000000000005428                ledz_destroy
                0x0000000000005448                ledz_set
                0x00000000000054a8                ledz_on
                0x00000000000054b0                ledz_off
                0x00000000000054b8                ledz_toggle
                0x00000000000054c0                ledz_blink
                0x000000000000550c                ledz_tick
 .text          0x00000000000055d8      0x1e4 ./app/src/protocol.o
                0x00000000000055d8                protocol_parse
                0x0000000000005714                protocol_add_command
                0x0000000000005754                protocol_response
                0x0000000000005790                protocol_remove_commands
 .text          0x00000000000057bc      0x5d0 ./app/src/hardware.o
                0x00000000000057bc                adc_initalisation
                0x0000000000005924                hardware_glcds
                0x000000000000593c                hardware_glcd_brightness
                0x0000000000005948                hardware_leds
                0x0000000000005960                hardware_actuators
                0x00000000000059a8                hardware_setup
                0x0000000000005c48                hardware_timestamp
                0x0000000000005c54                hardware_get_acceleration
                0x0000000000005c58                hardware_get_pot_value
                0x0000000000005c5c                hardware_coreboard_power
                0x0000000000005ca0                TIMER0_IRQHandler
                0x0000000000005d4c                TIMER1_IRQHandler
 .text          0x0000000000005d8c      0x108 ./app/src/comm.o
                0x0000000000005dfc                comm_init
                0x0000000000005e2c                comm_webgui_send
                0x0000000000005e38                comm_webgui_read
                0x0000000000005e58                comm_webgui_set_response_cb
                0x0000000000005e64                comm_webgui_response_cb
                0x0000000000005e80                comm_webgui_wait_response
 *fill*         0x0000000000005e94        0x4 ff
 .text          0x0000000000005e98     0x10a4 ./app/src/screen.o
                0x0000000000005e98                screen_clear
                0x0000000000005ea8                screen_pot
                0x0000000000006340                screen_encoder
                0x00000000000067b8                screen_footer
                0x0000000000006a4c                screen_top_info
                0x0000000000006ae4                screen_bp_list
                0x0000000000006bc4                screen_tool
                0x0000000000006c34                screen_system_menu
                0x0000000000006dfc                screen_tuner
                0x0000000000006e24                screen_tuner_input
                0x0000000000006e48                screen_image
                0x0000000000006e64                screen_master_vol
 .text          0x0000000000006f3c      0x534 ./app/src/cli.o
                0x0000000000007114                cli_init
                0x0000000000007174                cli_command
                0x00000000000071e8                cli_process
                0x0000000000007330                cli_systemctl
                0x00000000000073a4                cli_package_version
                0x00000000000073a8                cli_bluetooth
                0x00000000000073c0                cli_restore
 .text          0x0000000000007470     0x1bb0 ./app/src/system.o
                0x0000000000007494                request_item_value
                0x00000000000074b8                set_item_value
                0x0000000000007514                system_get_current_profile
                0x0000000000007520                system_pedalboard_cb
                0x0000000000007550                system_bluetooth_cb
                0x00000000000075b4                system_services_cb
                0x00000000000075f0                system_versions_cb
                0x0000000000007660                system_release_cb
                0x0000000000007678                system_device_cb
                0x0000000000007698                system_tag_cb
                0x00000000000076fc                system_upgrade_cb
                0x0000000000007724                system_volume_cb
                0x0000000000007c5c                system_master_volume_cb
                0x0000000000007d60                system_master_vol_link_cb
                0x0000000000007df8                system_save_gains_cb
                0x0000000000007e08                system_banks_cb
                0x0000000000007e14                system_display_cb
                0x0000000000007ec8                system_sl_in_cb
                0x0000000000008000                system_sl_out_cb
                0x0000000000008124                system_tuner_cb
                0x00000000000081dc                system_cv_exp_cb
                0x0000000000008274                system_cv_hp_cb
                0x0000000000008314                system_play_cb
                0x00000000000083cc                system_midi_src_cb
                0x00000000000084c4                system_midi_send_cb
                0x000000000000856c                system_ss_prog_change_cb
                0x0000000000008628                system_pb_prog_change_cb
                0x00000000000086e4                system_tempo_cb
                0x00000000000087ac                system_bpb_cb
                0x0000000000008870                system_bypass_cb
                0x0000000000008af8                system_quick_bypass_cb
                0x0000000000008d14                system_load_pro_cb
                0x0000000000008dd0                system_save_pro_cb
                0x0000000000008e9c                system_cv_range_cb
                0x0000000000008f5c                system_exp_mode_cb
 .text          0x0000000000009020       0xd0 ./app/src/node.o
                0x0000000000009020                node_create
                0x000000000000903c                node_child
                0x0000000000009068                node_cut
                0x00000000000090a8                node_join
                0x00000000000090cc                node_destroy
 .text          0x00000000000090f0        0x0 ./app/src/images.o
 .text          0x00000000000090f0     0x28dc ./app/src/naveg.o
                0x0000000000009c7c                draw_all_pots
                0x0000000000009cac                draw_all_foots
                0x0000000000009d04                naveg_init
                0x0000000000009e38                naveg_initial_state
                0x0000000000009ee0                naveg_remove_control
                0x000000000000a084                naveg_add_control
                0x000000000000a434                naveg_inc_control
                0x000000000000a4b0                naveg_dec_control
                0x000000000000a528                naveg_set_control
                0x000000000000a5b0                naveg_get_control
                0x000000000000a5d8                naveg_pot_change
                0x000000000000a6c8                naveg_foot_change
                0x000000000000a870                naveg_save_page
                0x000000000000a8dc                naveg_is_tool_mode
                0x000000000000a908                naveg_print_pb_name
                0x000000000000a928                naveg_set_master_volume
                0x000000000000a938                naveg_is_master_vol
                0x000000000000a948                naveg_set_banks
                0x000000000000a958                naveg_get_banks
                0x000000000000a968                naveg_bank_config
                0x000000000000aa9c                naveg_set_pedalboards
                0x000000000000aaac                naveg_get_pedalboards
                0x000000000000aabc                naveg_enter
                0x000000000000acb0                naveg_master_volume
                0x000000000000aecc                naveg_toggle_tool
                0x000000000000b3fc                naveg_ui_connection
                0x000000000000b498                naveg_up
                0x000000000000b59c                naveg_down
                0x000000000000b6ac                naveg_reset_menu
                0x000000000000b6cc                naveg_need_update
                0x000000000000b6dc                naveg_update
                0x000000000000b700                naveg_dialog
                0x000000000000b778                naveg_ui_status
                0x000000000000b784                naveg_tap_tempo_status
                0x000000000000b79c                naveg_settings_refresh
                0x000000000000b7b0                naveg_menu_refresh
                0x000000000000b7f4                naveg_update_gain
                0x000000000000b8b4                naveg_bypass_refresh
 .text          0x000000000000b9cc      0x8bc ./app/src/main.o
                0x000000000000c1e4                serial_error
                0x000000000000c1e8                HardFault_Handler
                0x000000000000c1f8                MemManage_Handler
                0x000000000000c208                BusFault_Handler
                0x000000000000c218                UsageFault_Handler
                0x000000000000c228                vApplicationMallocFailedHook
                0x000000000000c238                vApplicationStackOverflowHook
 .text.startup  0x000000000000c288       0x2c ./app/src/main.o
                0x000000000000c288                main
 .text          0x000000000000c2b4     0x1398 ./app/src/glcd_widget.o
                0x000000000000c304                widget_textbox
                0x000000000000c544                widget_listbox
                0x000000000000c688                widget_listbox3
                0x000000000000ca28                widget_bar_indicator
                0x000000000000caf0                widget_knob
                0x000000000000cf00                widget_peakmeter
                0x000000000000d154                widget_tuner
                0x000000000000d3d4                widget_popup
 .text          0x000000000000d64c      0x4b0 ./app/src/serial.o
                0x000000000000d82c                serial_init
                0x000000000000d948                serial_send
                0x000000000000d9e0                serial_read
                0x000000000000da48                serial_read_until
                0x000000000000dab8                serial_set_callback
                0x000000000000dacc                UART0_IRQHandler
                0x000000000000dad8                UART1_IRQHandler
                0x000000000000dae4                UART2_IRQHandler
                0x000000000000daf0                UART3_IRQHandler
 .text          0x000000000000dafc      0x384 ./app/src/data.o
                0x000000000000db4c                data_parse_control
                0x000000000000dcb8                data_free_control
                0x000000000000dcc0                data_free_banks_list
                0x000000000000dd18                data_parse_banks_list
                0x000000000000ddc4                data_parse_pedalboards_list
                0x000000000000de7c                data_free_pedalboards_list
 .text          0x000000000000de80      0x9bc ./app/src/utils.o
                0x000000000000de80                copy_command
                0x000000000000deb4                strarr_split
                0x000000000000dfc4                strarr_length
                0x000000000000dfe0                strarr_join
                0x000000000000e020                int_to_str
                0x000000000000e100                float_to_str
                0x000000000000e20c                str_duplicate
                0x000000000000e230                delay_us
                0x000000000000e250                delay_ms
                0x000000000000e270                convert_to_ms
                0x000000000000e314                convert_from_ms
                0x000000000000e3b8                ringbuff_create
                0x000000000000e3e8                ringbuff_destroy
                0x000000000000e404                ringbuff_write
                0x000000000000e474                ringbuff_read
                0x000000000000e4bc                ringbuff_read_until
                0x000000000000e560                ringbuffer_used_space
                0x000000000000e574                ringbuff_available_space
                0x000000000000e588                ringbuff_is_full
                0x000000000000e5a4                ringbuff_is_empty
                0x000000000000e5b4                ringbuff_flush
                0x000000000000e5c0                ringbuff_count
                0x000000000000e5f4                ringbuff_peek
                0x000000000000e62c                ringbuff_search
                0x000000000000e6c4                ringbuff_search2
                0x000000000000e724                select_item
                0x000000000000e798                deselect_item
                0x000000000000e7c0                str_to_hex
 .text          0x000000000000e83c      0x378 /usr/bin/../lib/gcc/arm-none-eabi/7.3.1/thumb/v7-m/libgcc.a(_arm_addsubdf3.o)
                0x000000000000e83c                __aeabi_drsub
                0x000000000000e844                __aeabi_dsub
                0x000000000000e844                __subdf3
                0x000000000000e848                __adddf3
                0x000000000000e848                __aeabi_dadd
                0x000000000000eac0                __aeabi_ui2d
                0x000000000000eac0                __floatunsidf
                0x000000000000eae0                __floatsidf
                0x000000000000eae0                __aeabi_i2d
                0x000000000000eb04                __extendsfdf2
                0x000000000000eb04                __aeabi_f2d
                0x000000000000eb48                __aeabi_ul2d
                0x000000000000eb48                __floatundidf
                0x000000000000eb58                __floatdidf
                0x000000000000eb58                __aeabi_l2d
 .text          0x000000000000ebb4      0x424 /usr/bin/../lib/gcc/arm-none-eabi/7.3.1/thumb/v7-m/libgcc.a(_arm_muldivdf3.o)
                0x000000000000ebb4                __aeabi_dmul
                0x000000000000ebb4                __muldf3
                0x000000000000ee08                __aeabi_ddiv
                0x000000000000ee08                __divdf3
 .text          0x000000000000efd8      0x110 /usr/bin/../lib/gcc/arm-none-eabi/7.3.1/thumb/v7-m/libgcc.a(_arm_cmpdf2.o)
                0x000000000000efd8                __gtdf2
                0x000000000000efd8                __gedf2
                0x000000000000efe0                __ltdf2
                0x000000000000efe0                __ledf2
                0x000000000000efe8                __cmpdf2
                0x000000000000efe8                __eqdf2
                0x000000000000efe8                __nedf2
                0x000000000000f064                __aeabi_cdrcmple
                0x000000000000f074                __aeabi_cdcmple
                0x000000000000f074                __aeabi_cdcmpeq
                0x000000000000f084                __aeabi_dcmpeq
                0x000000000000f098                __aeabi_dcmplt
                0x000000000000f0ac                __aeabi_dcmple
                0x000000000000f0c0                __aeabi_dcmpge
                0x000000000000f0d4                __aeabi_dcmpgt
 .text          0x000000000000f0e8       0x50 /usr/bin/../lib/gcc/arm-none-eabi/7.3.1/thumb/v7-m/libgcc.a(_arm_fixdfsi.o)
                0x000000000000f0e8                __fixdfsi
                0x000000000000f0e8                __aeabi_d2iz
 .text          0x000000000000f138       0x40 /usr/bin/../lib/gcc/arm-none-eabi/7.3.1/thumb/v7-m/libgcc.a(_arm_fixunsdfsi.o)
                0x000000000000f138                __fixunsdfsi
                0x000000000000f138                __aeabi_d2uiz
 .text          0x000000000000f178       0xa0 /usr/bin/../lib/gcc/arm-none-eabi/7.3.1/thumb/v7-m/libgcc.a(_arm_truncdfsf2.o)
                0x000000000000f178                __aeabi_d2f
                0x000000000000f178                __truncdfsf2
 .text          0x000000000000f218      0x21c /usr/bin/../lib/gcc/arm-none-eabi/7.3.1/thumb/v7-m/libgcc.a(_arm_addsubsf3.o)
                0x000000000000f218                __aeabi_frsub
                0x000000000000f220                __subsf3
                0x000000000000f220                __aeabi_fsub
                0x000000000000f224                __aeabi_fadd
                0x000000000000f224                __addsf3
                0x000000000000f384                __aeabi_ui2f
                0x000000000000f384                __floatunsisf
                0x000000000000f38c                __aeabi_i2f
                0x000000000000f38c                __floatsisf
                0x000000000000f3a8                __floatundisf
                0x000000000000f3a8                __aeabi_ul2f
                0x000000000000f3b8                __floatdisf
                0x000000000000f3b8                __aeabi_l2f
 .text          0x000000000000f434      0x2a0 /usr/bin/../lib/gcc/arm-none-eabi/7.3.1/thumb/v7-m/libgcc.a(_arm_muldivsf3.o)
                0x000000000000f434                __mulsf3
                0x000000000000f434                __aeabi_fmul
                0x000000000000f59c                __divsf3
                0x000000000000f59c                __aeabi_fdiv
 .text          0x000000000000f6d4       0xec /usr/bin/../lib/gcc/arm-none-eabi/7.3.1/thumb/v7-m/libgcc.a(_arm_cmpsf2.o)
                0x000000000000f6d4                __gtsf2
                0x000000000000f6d4                __gesf2
                0x000000000000f6dc                __lesf2
                0x000000000000f6dc                __ltsf2
                0x000000000000f6e4                __nesf2
                0x000000000000f6e4                __eqsf2
                0x000000000000f6e4                __cmpsf2
                0x000000000000f744                __aeabi_cfrcmple
                0x000000000000f74c                __aeabi_cfcmple
                0x000000000000f74c                __aeabi_cfcmpeq
                0x000000000000f75c                __aeabi_fcmpeq
                0x000000000000f770                __aeabi_fcmplt
                0x000000000000f784                __aeabi_fcmple
                0x000000000000f798                __aeabi_fcmpge
                0x000000000000f7ac                __aeabi_fcmpgt
 .text          0x000000000000f7c0       0x4c /usr/bin/../lib/gcc/arm-none-eabi/7.3.1/thumb/v7-m/libgcc.a(_arm_fixsfsi.o)
                0x000000000000f7c0                __fixsfsi
                0x000000000000f7c0                __aeabi_f2iz
 .text          0x000000000000f80c       0x40 /usr/bin/../lib/gcc/arm-none-eabi/7.3.1/thumb/v7-m/libgcc.a(_arm_fixunssfsi.o)
                0x000000000000f80c                __aeabi_f2uiz
                0x000000000000f80c                __fixunssfsi
 .text          0x000000000000f84c       0xa0 /usr/bin/../lib/gcc/arm-none-eabi/7.3.1/thumb/v7-m/libgcc.a(_aeabi_ldivmod.o)
                0x000000000000f84c                __aeabi_ldivmod
 .text          0x000000000000f8ec       0x30 /usr/bin/../lib/gcc/arm-none-eabi/7.3.1/thumb/v7-m/libgcc.a(_aeabi_uldivmod.o)
                0x000000000000f8ec                __aeabi_uldivmod
 .text          0x000000000000f91c      0x2d0 /usr/bin/../lib/gcc/arm-none-eabi/7.3.1/thumb/v7-m/libgcc.a(_udivmoddi4.o)
                0x000000000000f91c                __udivmoddi4
 .text          0x000000000000fbec        0x4 /usr/bin/../lib/gcc/arm-none-eabi/7.3.1/thumb/v7-m/libgcc.a(_dvmd_tls.o)
                0x000000000000fbec                __aeabi_ldiv0
                0x000000000000fbec                __aeabi_idiv0
 .text          0x000000000000fbf0        0x0 /usr/bin/../lib/gcc/arm-none-eabi/7.3.1/../../../../arm-none-eabi/lib/thumb/v7-m/libc.a(lib_a-atof.o)
 .text.atof     0x000000000000fbf0        0x8 /usr/bin/../lib/gcc/arm-none-eabi/7.3.1/../../../../arm-none-eabi/lib/thumb/v7-m/libc.a(lib_a-atof.o)
                0x000000000000fbf0                atof
 .text          0x000000000000fbf8        0x0 /usr/bin/../lib/gcc/arm-none-eabi/7.3.1/../../../../arm-none-eabi/lib/thumb/v7-m/libc.a(lib_a-atoi.o)
 .text.atoi     0x000000000000fbf8        0x8 /usr/bin/../lib/gcc/arm-none-eabi/7.3.1/../../../../arm-none-eabi/lib/thumb/v7-m/libc.a(lib_a-atoi.o)
                0x000000000000fbf8                atoi
 .text._atoi_r  0x000000000000fc00        0x8 /usr/bin/../lib/gcc/arm-none-eabi/7.3.1/../../../../arm-none-eabi/lib/thumb/v7-m/libc.a(lib_a-atoi.o)
                0x000000000000fc00                _atoi_r
 .text          0x000000000000fc08        0x0 /usr/bin/../lib/gcc/arm-none-eabi/7.3.1/../../../../arm-none-eabi/lib/thumb/v7-m/libc.a(lib_a-malloc.o)
 .text.malloc   0x000000000000fc08       0x10 /usr/bin/../lib/gcc/arm-none-eabi/7.3.1/../../../../arm-none-eabi/lib/thumb/v7-m/libc.a(lib_a-malloc.o)
                0x000000000000fc08                malloc
 .text.free     0x000000000000fc18       0x10 /usr/bin/../lib/gcc/arm-none-eabi/7.3.1/../../../../arm-none-eabi/lib/thumb/v7-m/libc.a(lib_a-malloc.o)
                0x000000000000fc18                free
 .text          0x000000000000fc28        0x0 /usr/bin/../lib/gcc/arm-none-eabi/7.3.1/../../../../arm-none-eabi/lib/thumb/v7-m/libc.a(lib_a-mallocr.o)
 .text._malloc_r
                0x000000000000fc28      0x524 /usr/bin/../lib/gcc/arm-none-eabi/7.3.1/../../../../arm-none-eabi/lib/thumb/v7-m/libc.a(lib_a-mallocr.o)
                0x000000000000fc28                _malloc_r
 .text          0x000000000001014c       0xec /usr/bin/../lib/gcc/arm-none-eabi/7.3.1/../../../../arm-none-eabi/lib/thumb/v7-m/libc.a(lib_a-memcpy.o)
                0x000000000001014c                memcpy
 .text          0x0000000000010238        0x0 /usr/bin/../lib/gcc/arm-none-eabi/7.3.1/../../../../arm-none-eabi/lib/thumb/v7-m/libc.a(lib_a-memset.o)
 .text.memset   0x0000000000010238       0x94 /usr/bin/../lib/gcc/arm-none-eabi/7.3.1/../../../../arm-none-eabi/lib/thumb/v7-m/libc.a(lib_a-memset.o)
                0x0000000000010238                memset
 .text          0x00000000000102cc        0x0 /usr/bin/../lib/gcc/arm-none-eabi/7.3.1/../../../../arm-none-eabi/lib/thumb/v7-m/libc.a(lib_a-mlock.o)
 .text.__malloc_lock
                0x00000000000102cc        0xc /usr/bin/../lib/gcc/arm-none-eabi/7.3.1/../../../../arm-none-eabi/lib/thumb/v7-m/libc.a(lib_a-mlock.o)
                0x00000000000102cc                __malloc_lock
 .text.__malloc_unlock
                0x00000000000102d8        0xc /usr/bin/../lib/gcc/arm-none-eabi/7.3.1/../../../../arm-none-eabi/lib/thumb/v7-m/libc.a(lib_a-mlock.o)
                0x00000000000102d8                __malloc_unlock
 .text          0x00000000000102e4        0x0 /usr/bin/../lib/gcc/arm-none-eabi/7.3.1/../../../../arm-none-eabi/lib/thumb/v7-m/libc.a(lib_a-s_modf.o)
 .text.modf     0x00000000000102e4       0xc4 /usr/bin/../lib/gcc/arm-none-eabi/7.3.1/../../../../arm-none-eabi/lib/thumb/v7-m/libc.a(lib_a-s_modf.o)
                0x00000000000102e4                modf
 .text          0x00000000000103a8        0x0 /usr/bin/../lib/gcc/arm-none-eabi/7.3.1/../../../../arm-none-eabi/lib/thumb/v7-m/libc.a(lib_a-sbrkr.o)
 .text._sbrk_r  0x00000000000103a8       0x24 /usr/bin/../lib/gcc/arm-none-eabi/7.3.1/../../../../arm-none-eabi/lib/thumb/v7-m/libc.a(lib_a-sbrkr.o)
                0x00000000000103a8                _sbrk_r
 .text          0x00000000000103cc        0x0 /usr/bin/../lib/gcc/arm-none-eabi/7.3.1/../../../../arm-none-eabi/lib/thumb/v7-m/libc.a(lib_a-stpcpy.o)
 .text.stpcpy   0x00000000000103cc       0x5c /usr/bin/../lib/gcc/arm-none-eabi/7.3.1/../../../../arm-none-eabi/lib/thumb/v7-m/libc.a(lib_a-stpcpy.o)
                0x00000000000103cc                stpcpy
 .text          0x0000000000010428        0x0 /usr/bin/../lib/gcc/arm-none-eabi/7.3.1/../../../../arm-none-eabi/lib/thumb/v7-m/libc.a(lib_a-strcasecmp.o)
 .text.strcasecmp
                0x0000000000010428       0x44 /usr/bin/../lib/gcc/arm-none-eabi/7.3.1/../../../../arm-none-eabi/lib/thumb/v7-m/libc.a(lib_a-strcasecmp.o)
                0x0000000000010428                strcasecmp
 .text          0x000000000001046c        0x0 /usr/bin/../lib/gcc/arm-none-eabi/7.3.1/../../../../arm-none-eabi/lib/thumb/v7-m/libc.a(lib_a-strcat.o)
 .text.strcat   0x000000000001046c       0x40 /usr/bin/../lib/gcc/arm-none-eabi/7.3.1/../../../../arm-none-eabi/lib/thumb/v7-m/libc.a(lib_a-strcat.o)
                0x000000000001046c                strcat
 .text          0x00000000000104ac        0x0 /usr/bin/../lib/gcc/arm-none-eabi/7.3.1/../../../../arm-none-eabi/lib/thumb/v7-m/libc.a(lib_a-strchr.o)
 .text.strchr   0x00000000000104ac       0xe8 /usr/bin/../lib/gcc/arm-none-eabi/7.3.1/../../../../arm-none-eabi/lib/thumb/v7-m/libc.a(lib_a-strchr.o)
                0x00000000000104ac                strchr
 .text          0x0000000000010594      0x1bc /usr/bin/../lib/gcc/arm-none-eabi/7.3.1/../../../../arm-none-eabi/lib/thumb/v7-m/libc.a(lib_a-strcmp.o)
                0x0000000000010594                strcmp
 .text          0x0000000000010750        0x0 /usr/bin/../lib/gcc/arm-none-eabi/7.3.1/../../../../arm-none-eabi/lib/thumb/v7-m/libc.a(lib_a-strcpy.o)
 .text.strcpy   0x0000000000010750       0xbc /usr/bin/../lib/gcc/arm-none-eabi/7.3.1/../../../../arm-none-eabi/lib/thumb/v7-m/libc.a(lib_a-strcpy.o)
                0x0000000000010750                strcpy
 .text          0x000000000001080c        0x0 /usr/bin/../lib/gcc/arm-none-eabi/7.3.1/../../../../arm-none-eabi/lib/thumb/v7-m/libc.a(lib_a-strlen-stub.o)
 .text.strlen   0x000000000001080c       0x5c /usr/bin/../lib/gcc/arm-none-eabi/7.3.1/../../../../arm-none-eabi/lib/thumb/v7-m/libc.a(lib_a-strlen-stub.o)
                0x000000000001080c                strlen
 .text          0x0000000000010868        0x0 /usr/bin/../lib/gcc/arm-none-eabi/7.3.1/../../../../arm-none-eabi/lib/thumb/v7-m/libc.a(lib_a-strncmp.o)
 .text.strncmp  0x0000000000010868       0x94 /usr/bin/../lib/gcc/arm-none-eabi/7.3.1/../../../../arm-none-eabi/lib/thumb/v7-m/libc.a(lib_a-strncmp.o)
                0x0000000000010868                strncmp
 .text          0x00000000000108fc        0x0 /usr/bin/../lib/gcc/arm-none-eabi/7.3.1/../../../../arm-none-eabi/lib/thumb/v7-m/libc.a(lib_a-strncpy.o)
 .text.strncpy  0x00000000000108fc       0x64 /usr/bin/../lib/gcc/arm-none-eabi/7.3.1/../../../../arm-none-eabi/lib/thumb/v7-m/libc.a(lib_a-strncpy.o)
                0x00000000000108fc                strncpy
 .text          0x0000000000010960        0x0 /usr/bin/../lib/gcc/arm-none-eabi/7.3.1/../../../../arm-none-eabi/lib/thumb/v7-m/libc.a(lib_a-strtod.o)
 .text.unlikely.sulp
                0x0000000000010960       0x42 /usr/bin/../lib/gcc/arm-none-eabi/7.3.1/../../../../arm-none-eabi/lib/thumb/v7-m/libc.a(lib_a-strtod.o)
 *fill*         0x00000000000109a2        0x6 ff
 .text._strtod_l
                0x00000000000109a8      0xf24 /usr/bin/../lib/gcc/arm-none-eabi/7.3.1/../../../../arm-none-eabi/lib/thumb/v7-m/libc.a(lib_a-strtod.o)
                0x00000000000109a8                _strtod_l
 .text._strtod_r
                0x00000000000118cc       0x20 /usr/bin/../lib/gcc/arm-none-eabi/7.3.1/../../../../arm-none-eabi/lib/thumb/v7-m/libc.a(lib_a-strtod.o)
                0x00000000000118cc                _strtod_r
 .text.strtod_l
                0x00000000000118ec       0x18 /usr/bin/../lib/gcc/arm-none-eabi/7.3.1/../../../../arm-none-eabi/lib/thumb/v7-m/libc.a(lib_a-strtod.o)
                0x00000000000118ec                strtod_l
 .text.strtod   0x0000000000011904       0x24 /usr/bin/../lib/gcc/arm-none-eabi/7.3.1/../../../../arm-none-eabi/lib/thumb/v7-m/libc.a(lib_a-strtod.o)
                0x0000000000011904                strtod
 .text.strtof_l
                0x0000000000011928       0x8c /usr/bin/../lib/gcc/arm-none-eabi/7.3.1/../../../../arm-none-eabi/lib/thumb/v7-m/libc.a(lib_a-strtod.o)
                0x0000000000011928                strtof_l
 .text.strtof   0x00000000000119b4       0x9c /usr/bin/../lib/gcc/arm-none-eabi/7.3.1/../../../../arm-none-eabi/lib/thumb/v7-m/libc.a(lib_a-strtod.o)
                0x00000000000119b4                strtof
 .text          0x0000000000011a50        0x0 /usr/bin/../lib/gcc/arm-none-eabi/7.3.1/../../../../arm-none-eabi/lib/thumb/v7-m/libc.a(lib_a-strtol.o)
 .text._strtol_l.isra.0
                0x0000000000011a50      0x124 /usr/bin/../lib/gcc/arm-none-eabi/7.3.1/../../../../arm-none-eabi/lib/thumb/v7-m/libc.a(lib_a-strtol.o)
 .text._strtol_r
                0x0000000000011b74       0x24 /usr/bin/../lib/gcc/arm-none-eabi/7.3.1/../../../../arm-none-eabi/lib/thumb/v7-m/libc.a(lib_a-strtol.o)
                0x0000000000011b74                _strtol_r
 .text.strtol_l
                0x0000000000011b98       0x20 /usr/bin/../lib/gcc/arm-none-eabi/7.3.1/../../../../arm-none-eabi/lib/thumb/v7-m/libc.a(lib_a-strtol.o)
                0x0000000000011b98                strtol_l
 .text.strtol   0x0000000000011bb8       0x2c /usr/bin/../lib/gcc/arm-none-eabi/7.3.1/../../../../arm-none-eabi/lib/thumb/v7-m/libc.a(lib_a-strtol.o)
                0x0000000000011bb8                strtol
 .text          0x0000000000011be4        0x0 /usr/bin/../lib/gcc/arm-none-eabi/7.3.1/../../../../arm-none-eabi/lib/thumb/v7-m/libc.a(lib_a-freer.o)
 .text._malloc_trim_r
                0x0000000000011be4       0xa0 /usr/bin/../lib/gcc/arm-none-eabi/7.3.1/../../../../arm-none-eabi/lib/thumb/v7-m/libc.a(lib_a-freer.o)
                0x0000000000011be4                _malloc_trim_r
 .text._free_r  0x0000000000011c84      0x1e8 /usr/bin/../lib/gcc/arm-none-eabi/7.3.1/../../../../arm-none-eabi/lib/thumb/v7-m/libc.a(lib_a-freer.o)
                0x0000000000011c84                _free_r
 .text          0x0000000000011e6c        0x0 /usr/bin/../lib/gcc/arm-none-eabi/7.3.1/../../../../arm-none-eabi/lib/thumb/v7-m/libc.a(lib_a-gdtoa-gethex.o)
 .text.rshift   0x0000000000011e6c       0xb0 /usr/bin/../lib/gcc/arm-none-eabi/7.3.1/../../../../arm-none-eabi/lib/thumb/v7-m/libc.a(lib_a-gdtoa-gethex.o)
 .text.__gethex
                0x0000000000011f1c      0x520 /usr/bin/../lib/gcc/arm-none-eabi/7.3.1/../../../../arm-none-eabi/lib/thumb/v7-m/libc.a(lib_a-gdtoa-gethex.o)
                0x0000000000011f1c                __gethex
 .text          0x000000000001243c        0x0 /usr/bin/../lib/gcc/arm-none-eabi/7.3.1/../../../../arm-none-eabi/lib/thumb/v7-m/libc.a(lib_a-gdtoa-hexnan.o)
 .text.__match  0x000000000001243c       0x30 /usr/bin/../lib/gcc/arm-none-eabi/7.3.1/../../../../arm-none-eabi/lib/thumb/v7-m/libc.a(lib_a-gdtoa-hexnan.o)
                0x000000000001243c                __match
 .text.__hexnan
                0x000000000001246c      0x1a0 /usr/bin/../lib/gcc/arm-none-eabi/7.3.1/../../../../arm-none-eabi/lib/thumb/v7-m/libc.a(lib_a-gdtoa-hexnan.o)
                0x000000000001246c                __hexnan
 .text          0x000000000001260c        0x0 /usr/bin/../lib/gcc/arm-none-eabi/7.3.1/../../../../arm-none-eabi/lib/thumb/v7-m/libc.a(lib_a-impure.o)
 .text          0x000000000001260c        0x0 /usr/bin/../lib/gcc/arm-none-eabi/7.3.1/../../../../arm-none-eabi/lib/thumb/v7-m/libc.a(lib_a-locale.o)
 .text._setlocale_r
                0x000000000001260c       0x40 /usr/bin/../lib/gcc/arm-none-eabi/7.3.1/../../../../arm-none-eabi/lib/thumb/v7-m/libc.a(lib_a-locale.o)
                0x000000000001260c                _setlocale_r
 .text.__locale_mb_cur_max
                0x000000000001264c       0x1c /usr/bin/../lib/gcc/arm-none-eabi/7.3.1/../../../../arm-none-eabi/lib/thumb/v7-m/libc.a(lib_a-locale.o)
                0x000000000001264c                __locale_mb_cur_max
 .text.__locale_ctype_ptr_l
                0x0000000000012668        0x8 /usr/bin/../lib/gcc/arm-none-eabi/7.3.1/../../../../arm-none-eabi/lib/thumb/v7-m/libc.a(lib_a-locale.o)
                0x0000000000012668                __locale_ctype_ptr_l
 .text.__locale_ctype_ptr
                0x0000000000012670       0x1c /usr/bin/../lib/gcc/arm-none-eabi/7.3.1/../../../../arm-none-eabi/lib/thumb/v7-m/libc.a(lib_a-locale.o)
                0x0000000000012670                __locale_ctype_ptr
 .text.setlocale
                0x000000000001268c       0x10 /usr/bin/../lib/gcc/arm-none-eabi/7.3.1/../../../../arm-none-eabi/lib/thumb/v7-m/libc.a(lib_a-locale.o)
                0x000000000001268c                setlocale
 .text          0x000000000001269c        0x0 /usr/bin/../lib/gcc/arm-none-eabi/7.3.1/../../../../arm-none-eabi/lib/thumb/v7-m/libc.a(lib_a-localeconv.o)
 .text.__localeconv_l
                0x000000000001269c        0x4 /usr/bin/../lib/gcc/arm-none-eabi/7.3.1/../../../../arm-none-eabi/lib/thumb/v7-m/libc.a(lib_a-localeconv.o)
                0x000000000001269c                __localeconv_l
 .text._localeconv_r
                0x00000000000126a0       0x1c /usr/bin/../lib/gcc/arm-none-eabi/7.3.1/../../../../arm-none-eabi/lib/thumb/v7-m/libc.a(lib_a-localeconv.o)
                0x00000000000126a0                _localeconv_r
 .text.localeconv
                0x00000000000126bc       0x1c /usr/bin/../lib/gcc/arm-none-eabi/7.3.1/../../../../arm-none-eabi/lib/thumb/v7-m/libc.a(lib_a-localeconv.o)
                0x00000000000126bc                localeconv
 .text          0x00000000000126d8        0x0 /usr/bin/../lib/gcc/arm-none-eabi/7.3.1/../../../../arm-none-eabi/lib/thumb/v7-m/libc.a(lib_a-lock.o)
 .text.__retarget_lock_init
                0x00000000000126d8        0x4 /usr/bin/../lib/gcc/arm-none-eabi/7.3.1/../../../../arm-none-eabi/lib/thumb/v7-m/libc.a(lib_a-lock.o)
                0x00000000000126d8                __retarget_lock_init
 .text.__retarget_lock_init_recursive
                0x00000000000126dc        0x4 /usr/bin/../lib/gcc/arm-none-eabi/7.3.1/../../../../arm-none-eabi/lib/thumb/v7-m/libc.a(lib_a-lock.o)
                0x00000000000126dc                __retarget_lock_init_recursive
 .text.__retarget_lock_close
                0x00000000000126e0        0x4 /usr/bin/../lib/gcc/arm-none-eabi/7.3.1/../../../../arm-none-eabi/lib/thumb/v7-m/libc.a(lib_a-lock.o)
                0x00000000000126e0                __retarget_lock_close
 .text.__retarget_lock_close_recursive
                0x00000000000126e4        0x4 /usr/bin/../lib/gcc/arm-none-eabi/7.3.1/../../../../arm-none-eabi/lib/thumb/v7-m/libc.a(lib_a-lock.o)
                0x00000000000126e4                __retarget_lock_close_recursive
 .text.__retarget_lock_acquire
                0x00000000000126e8        0x4 /usr/bin/../lib/gcc/arm-none-eabi/7.3.1/../../../../arm-none-eabi/lib/thumb/v7-m/libc.a(lib_a-lock.o)
                0x00000000000126e8                __retarget_lock_acquire
 .text.__retarget_lock_acquire_recursive
                0x00000000000126ec        0x4 /usr/bin/../lib/gcc/arm-none-eabi/7.3.1/../../../../arm-none-eabi/lib/thumb/v7-m/libc.a(lib_a-lock.o)
                0x00000000000126ec                __retarget_lock_acquire_recursive
 .text.__retarget_lock_try_acquire
                0x00000000000126f0        0x4 /usr/bin/../lib/gcc/arm-none-eabi/7.3.1/../../../../arm-none-eabi/lib/thumb/v7-m/libc.a(lib_a-lock.o)
                0x00000000000126f0                __retarget_lock_try_acquire
 .text.__retarget_lock_try_acquire_recursive
                0x00000000000126f4        0x4 /usr/bin/../lib/gcc/arm-none-eabi/7.3.1/../../../../arm-none-eabi/lib/thumb/v7-m/libc.a(lib_a-lock.o)
                0x00000000000126f4                __retarget_lock_try_acquire_recursive
 .text.__retarget_lock_release
                0x00000000000126f8        0x4 /usr/bin/../lib/gcc/arm-none-eabi/7.3.1/../../../../arm-none-eabi/lib/thumb/v7-m/libc.a(lib_a-lock.o)
                0x00000000000126f8                __retarget_lock_release
 .text.__retarget_lock_release_recursive
                0x00000000000126fc        0x4 /usr/bin/../lib/gcc/arm-none-eabi/7.3.1/../../../../arm-none-eabi/lib/thumb/v7-m/libc.a(lib_a-lock.o)
                0x00000000000126fc                __retarget_lock_release_recursive
 .text          0x0000000000012700        0x0 /usr/bin/../lib/gcc/arm-none-eabi/7.3.1/../../../../arm-none-eabi/lib/thumb/v7-m/libc.a(lib_a-mbtowc_r.o)
 .text._mbtowc_r
                0x0000000000012700       0x24 /usr/bin/../lib/gcc/arm-none-eabi/7.3.1/../../../../arm-none-eabi/lib/thumb/v7-m/libc.a(lib_a-mbtowc_r.o)
                0x0000000000012700                _mbtowc_r
 .text.__ascii_mbtowc
                0x0000000000012724       0x2c /usr/bin/../lib/gcc/arm-none-eabi/7.3.1/../../../../arm-none-eabi/lib/thumb/v7-m/libc.a(lib_a-mbtowc_r.o)
                0x0000000000012724                __ascii_mbtowc
 .text          0x0000000000012750        0x0 /usr/bin/../lib/gcc/arm-none-eabi/7.3.1/../../../../arm-none-eabi/lib/thumb/v7-m/libc.a(lib_a-mprec.o)
 .text._Balloc  0x0000000000012750       0x4c /usr/bin/../lib/gcc/arm-none-eabi/7.3.1/../../../../arm-none-eabi/lib/thumb/v7-m/libc.a(lib_a-mprec.o)
                0x0000000000012750                _Balloc
 .text._Bfree   0x000000000001279c       0x14 /usr/bin/../lib/gcc/arm-none-eabi/7.3.1/../../../../arm-none-eabi/lib/thumb/v7-m/libc.a(lib_a-mprec.o)
                0x000000000001279c                _Bfree
 .text.__multadd
                0x00000000000127b0       0x84 /usr/bin/../lib/gcc/arm-none-eabi/7.3.1/../../../../arm-none-eabi/lib/thumb/v7-m/libc.a(lib_a-mprec.o)
                0x00000000000127b0                __multadd
 .text.__s2b    0x0000000000012834       0x98 /usr/bin/../lib/gcc/arm-none-eabi/7.3.1/../../../../arm-none-eabi/lib/thumb/v7-m/libc.a(lib_a-mprec.o)
                0x0000000000012834                __s2b
 .text.__hi0bits
                0x00000000000128cc       0x40 /usr/bin/../lib/gcc/arm-none-eabi/7.3.1/../../../../arm-none-eabi/lib/thumb/v7-m/libc.a(lib_a-mprec.o)
                0x00000000000128cc                __hi0bits
 .text.__lo0bits
                0x000000000001290c       0x60 /usr/bin/../lib/gcc/arm-none-eabi/7.3.1/../../../../arm-none-eabi/lib/thumb/v7-m/libc.a(lib_a-mprec.o)
                0x000000000001290c                __lo0bits
 .text.__i2b    0x000000000001296c       0x14 /usr/bin/../lib/gcc/arm-none-eabi/7.3.1/../../../../arm-none-eabi/lib/thumb/v7-m/libc.a(lib_a-mprec.o)
                0x000000000001296c                __i2b
 .text.__multiply
                0x0000000000012980      0x14c /usr/bin/../lib/gcc/arm-none-eabi/7.3.1/../../../../arm-none-eabi/lib/thumb/v7-m/libc.a(lib_a-mprec.o)
                0x0000000000012980                __multiply
 .text.__pow5mult
                0x0000000000012acc       0xa0 /usr/bin/../lib/gcc/arm-none-eabi/7.3.1/../../../../arm-none-eabi/lib/thumb/v7-m/libc.a(lib_a-mprec.o)
                0x0000000000012acc                __pow5mult
 .text.__lshift
                0x0000000000012b6c       0xb4 /usr/bin/../lib/gcc/arm-none-eabi/7.3.1/../../../../arm-none-eabi/lib/thumb/v7-m/libc.a(lib_a-mprec.o)
                0x0000000000012b6c                __lshift
 .text.__mcmp   0x0000000000012c20       0x38 /usr/bin/../lib/gcc/arm-none-eabi/7.3.1/../../../../arm-none-eabi/lib/thumb/v7-m/libc.a(lib_a-mprec.o)
                0x0000000000012c20                __mcmp
 .text.__mdiff  0x0000000000012c58      0x100 /usr/bin/../lib/gcc/arm-none-eabi/7.3.1/../../../../arm-none-eabi/lib/thumb/v7-m/libc.a(lib_a-mprec.o)
                0x0000000000012c58                __mdiff
 .text.__ulp    0x0000000000012d58       0x44 /usr/bin/../lib/gcc/arm-none-eabi/7.3.1/../../../../arm-none-eabi/lib/thumb/v7-m/libc.a(lib_a-mprec.o)
                0x0000000000012d58                __ulp
 .text.__b2d    0x0000000000012d9c       0xc0 /usr/bin/../lib/gcc/arm-none-eabi/7.3.1/../../../../arm-none-eabi/lib/thumb/v7-m/libc.a(lib_a-mprec.o)
                0x0000000000012d9c                __b2d
 .text.__d2b    0x0000000000012e5c       0xb0 /usr/bin/../lib/gcc/arm-none-eabi/7.3.1/../../../../arm-none-eabi/lib/thumb/v7-m/libc.a(lib_a-mprec.o)
                0x0000000000012e5c                __d2b
 .text.__ratio  0x0000000000012f0c       0x58 /usr/bin/../lib/gcc/arm-none-eabi/7.3.1/../../../../arm-none-eabi/lib/thumb/v7-m/libc.a(lib_a-mprec.o)
                0x0000000000012f0c                __ratio
 .text._mprec_log10
                0x0000000000012f64       0x38 /usr/bin/../lib/gcc/arm-none-eabi/7.3.1/../../../../arm-none-eabi/lib/thumb/v7-m/libc.a(lib_a-mprec.o)
                0x0000000000012f64                _mprec_log10
 .text.__copybits
                0x0000000000012f9c       0x48 /usr/bin/../lib/gcc/arm-none-eabi/7.3.1/../../../../arm-none-eabi/lib/thumb/v7-m/libc.a(lib_a-mprec.o)
                0x0000000000012f9c                __copybits
 .text.__any_on
                0x0000000000012fe4       0x54 /usr/bin/../lib/gcc/arm-none-eabi/7.3.1/../../../../arm-none-eabi/lib/thumb/v7-m/libc.a(lib_a-mprec.o)
                0x0000000000012fe4                __any_on
 .text          0x0000000000013038        0x0 /usr/bin/../lib/gcc/arm-none-eabi/7.3.1/../../../../arm-none-eabi/lib/thumb/v7-m/libc.a(lib_a-reent.o)
 .text.cleanup_glue
                0x0000000000013038       0x28 /usr/bin/../lib/gcc/arm-none-eabi/7.3.1/../../../../arm-none-eabi/lib/thumb/v7-m/libc.a(lib_a-reent.o)
                0x0000000000013038                cleanup_glue
 .text._reclaim_reent
                0x0000000000013060       0x88 /usr/bin/../lib/gcc/arm-none-eabi/7.3.1/../../../../arm-none-eabi/lib/thumb/v7-m/libc.a(lib_a-reent.o)
                0x0000000000013060                _reclaim_reent
 .text          0x00000000000130e8        0x0 /usr/bin/../lib/gcc/arm-none-eabi/7.3.1/../../../../arm-none-eabi/lib/thumb/v7-m/libc.a(lib_a-sf_nan.o)
 .text.nanf     0x00000000000130e8        0x8 /usr/bin/../lib/gcc/arm-none-eabi/7.3.1/../../../../arm-none-eabi/lib/thumb/v7-m/libc.a(lib_a-sf_nan.o)
                0x00000000000130e8                nanf
 .text          0x00000000000130f0        0x0 /usr/bin/../lib/gcc/arm-none-eabi/7.3.1/../../../../arm-none-eabi/lib/thumb/v7-m/libc.a(lib_a-wctomb_r.o)
 .text._wctomb_r
                0x00000000000130f0       0x24 /usr/bin/../lib/gcc/arm-none-eabi/7.3.1/../../../../arm-none-eabi/lib/thumb/v7-m/libc.a(lib_a-wctomb_r.o)
                0x00000000000130f0                _wctomb_r
 .text.__ascii_wctomb
                0x0000000000013114       0x18 /usr/bin/../lib/gcc/arm-none-eabi/7.3.1/../../../../arm-none-eabi/lib/thumb/v7-m/libc.a(lib_a-wctomb_r.o)
                0x0000000000013114                __ascii_wctomb
 .text          0x000000000001312c        0x0 /usr/bin/../lib/gcc/arm-none-eabi/7.3.1/../../../../arm-none-eabi/lib/thumb/v7-m/libc.a(lib_a-callocr.o)
 .text._calloc_r
                0x000000000001312c       0x6c /usr/bin/../lib/gcc/arm-none-eabi/7.3.1/../../../../arm-none-eabi/lib/thumb/v7-m/libc.a(lib_a-callocr.o)
                0x000000000001312c                _calloc_r
 .text          0x0000000000013198        0x0 /usr/bin/../lib/gcc/arm-none-eabi/7.3.1/../../../../arm-none-eabi/lib/thumb/v7-m/libc.a(lib_a-ctype_.o)
 .text          0x0000000000013198        0x0 /usr/bin/../lib/gcc/arm-none-eabi/7.3.1/../../../../arm-none-eabi/lib/thumb/v7-m/libm.a(lib_a-s_ceil.o)
 .text.ceil     0x0000000000013198      0x110 /usr/bin/../lib/gcc/arm-none-eabi/7.3.1/../../../../arm-none-eabi/lib/thumb/v7-m/libm.a(lib_a-s_ceil.o)
                0x0000000000013198                ceil
 .text          0x00000000000132a8        0x0 /usr/bin/../lib/gcc/arm-none-eabi/7.3.1/../../../../arm-none-eabi/lib/thumb/v7-m/libm.a(lib_a-s_floor.o)
 .text.floor    0x00000000000132a8      0x108 /usr/bin/../lib/gcc/arm-none-eabi/7.3.1/../../../../arm-none-eabi/lib/thumb/v7-m/libm.a(lib_a-s_floor.o)
                0x00000000000132a8                floor
 .text          0x00000000000133b0        0x0 /usr/bin/../lib/gcc/arm-none-eabi/7.3.1/../../../../arm-none-eabi/lib/thumb/v7-m/libm.a(lib_a-w_log.o)
 .text.log      0x00000000000133b0       0xfc /usr/bin/../lib/gcc/arm-none-eabi/7.3.1/../../../../arm-none-eabi/lib/thumb/v7-m/libm.a(lib_a-w_log.o)
                0x00000000000133b0                log
 .text          0x00000000000134ac        0x0 /usr/bin/../lib/gcc/arm-none-eabi/7.3.1/../../../../arm-none-eabi/lib/thumb/v7-m/libm.a(lib_a-w_pow.o)
 .text.pow      0x00000000000134ac      0x334 /usr/bin/../lib/gcc/arm-none-eabi/7.3.1/../../../../arm-none-eabi/lib/thumb/v7-m/libm.a(lib_a-w_pow.o)
                0x00000000000134ac                pow
 .text          0x00000000000137e0        0x0 /usr/bin/../lib/gcc/arm-none-eabi/7.3.1/../../../../arm-none-eabi/lib/thumb/v7-m/libm.a(lib_a-e_log.o)
 .text.__ieee754_log
                0x00000000000137e0      0x394 /usr/bin/../lib/gcc/arm-none-eabi/7.3.1/../../../../arm-none-eabi/lib/thumb/v7-m/libm.a(lib_a-e_log.o)
                0x00000000000137e0                __ieee754_log
 .text          0x0000000000013b74        0x0 /usr/bin/../lib/gcc/arm-none-eabi/7.3.1/../../../../arm-none-eabi/lib/thumb/v7-m/libm.a(lib_a-e_pow.o)
 *fill*         0x0000000000013b74        0x4 ff
 .text.__ieee754_pow
                0x0000000000013b78      0xae4 /usr/bin/../lib/gcc/arm-none-eabi/7.3.1/../../../../arm-none-eabi/lib/thumb/v7-m/libm.a(lib_a-e_pow.o)
                0x0000000000013b78                __ieee754_pow
 .text          0x000000000001465c        0x0 /usr/bin/../lib/gcc/arm-none-eabi/7.3.1/../../../../arm-none-eabi/lib/thumb/v7-m/libm.a(lib_a-e_sqrt.o)
 .text.__ieee754_sqrt
                0x000000000001465c      0x184 /usr/bin/../lib/gcc/arm-none-eabi/7.3.1/../../../../arm-none-eabi/lib/thumb/v7-m/libm.a(lib_a-e_sqrt.o)
                0x000000000001465c                __ieee754_sqrt
 .text          0x00000000000147e0        0x0 /usr/bin/../lib/gcc/arm-none-eabi/7.3.1/../../../../arm-none-eabi/lib/thumb/v7-m/libm.a(lib_a-s_fabs.o)
 .text.fabs     0x00000000000147e0        0x8 /usr/bin/../lib/gcc/arm-none-eabi/7.3.1/../../../../arm-none-eabi/lib/thumb/v7-m/libm.a(lib_a-s_fabs.o)
                0x00000000000147e0                fabs
 .text          0x00000000000147e8        0x0 /usr/bin/../lib/gcc/arm-none-eabi/7.3.1/../../../../arm-none-eabi/lib/thumb/v7-m/libm.a(lib_a-s_finite.o)
 .text.finite   0x00000000000147e8        0xc /usr/bin/../lib/gcc/arm-none-eabi/7.3.1/../../../../arm-none-eabi/lib/thumb/v7-m/libm.a(lib_a-s_finite.o)
                0x00000000000147e8                finite
 .text          0x00000000000147f4        0x0 /usr/bin/../lib/gcc/arm-none-eabi/7.3.1/../../../../arm-none-eabi/lib/thumb/v7-m/libm.a(lib_a-s_lib_ver.o)
 .text          0x00000000000147f4        0x0 /usr/bin/../lib/gcc/arm-none-eabi/7.3.1/../../../../arm-none-eabi/lib/thumb/v7-m/libm.a(lib_a-s_matherr.o)
 .text.matherr  0x00000000000147f4        0x4 /usr/bin/../lib/gcc/arm-none-eabi/7.3.1/../../../../arm-none-eabi/lib/thumb/v7-m/libm.a(lib_a-s_matherr.o)
                0x00000000000147f4                matherr
 .text          0x00000000000147f8        0x0 /usr/bin/../lib/gcc/arm-none-eabi/7.3.1/../../../../arm-none-eabi/lib/thumb/v7-m/libm.a(lib_a-s_nan.o)
 .text.nan      0x00000000000147f8        0xc /usr/bin/../lib/gcc/arm-none-eabi/7.3.1/../../../../arm-none-eabi/lib/thumb/v7-m/libm.a(lib_a-s_nan.o)
                0x00000000000147f8                nan
 .text          0x0000000000014804        0x0 /usr/bin/../lib/gcc/arm-none-eabi/7.3.1/../../../../arm-none-eabi/lib/thumb/v7-m/libm.a(lib_a-s_rint.o)
 .text.rint     0x0000000000014804      0x118 /usr/bin/../lib/gcc/arm-none-eabi/7.3.1/../../../../arm-none-eabi/lib/thumb/v7-m/libm.a(lib_a-s_rint.o)
                0x0000000000014804                rint
 .text          0x000000000001491c        0x0 /usr/bin/../lib/gcc/arm-none-eabi/7.3.1/../../../../arm-none-eabi/lib/thumb/v7-m/libm.a(lib_a-s_scalbn.o)
 *fill*         0x000000000001491c        0x4 ff
 .text.scalbn   0x0000000000014920       0xe4 /usr/bin/../lib/gcc/arm-none-eabi/7.3.1/../../../../arm-none-eabi/lib/thumb/v7-m/libm.a(lib_a-s_scalbn.o)
                0x0000000000014920                scalbn
 .text          0x0000000000014a04        0x0 /usr/bin/../lib/gcc/arm-none-eabi/7.3.1/../../../../arm-none-eabi/lib/thumb/v7-m/libm.a(lib_a-s_copysign.o)
 .text.copysign
                0x0000000000014a04       0x10 /usr/bin/../lib/gcc/arm-none-eabi/7.3.1/../../../../arm-none-eabi/lib/thumb/v7-m/libm.a(lib_a-s_copysign.o)
                0x0000000000014a04                copysign
 .text          0x0000000000014a14        0x0 /usr/bin/../lib/gcc/arm-none-eabi/7.3.1/../../../../arm-none-eabi/lib/thumb/v7-m/librdimon.a(rdimon-syscalls.o)
 .text.findslot
                0x0000000000014a14       0x34 /usr/bin/../lib/gcc/arm-none-eabi/7.3.1/../../../../arm-none-eabi/lib/thumb/v7-m/librdimon.a(rdimon-syscalls.o)
 .text.checkerror.part.0
                0x0000000000014a48       0x1c /usr/bin/../lib/gcc/arm-none-eabi/7.3.1/../../../../arm-none-eabi/lib/thumb/v7-m/librdimon.a(rdimon-syscalls.o)
 .text._swiread
                0x0000000000014a64       0x28 /usr/bin/../lib/gcc/arm-none-eabi/7.3.1/../../../../arm-none-eabi/lib/thumb/v7-m/librdimon.a(rdimon-syscalls.o)
                0x0000000000014a64                _swiread
 .text._read    0x0000000000014a8c       0x58 /usr/bin/../lib/gcc/arm-none-eabi/7.3.1/../../../../arm-none-eabi/lib/thumb/v7-m/librdimon.a(rdimon-syscalls.o)
                0x0000000000014a8c                _read
 .text._swilseek
                0x0000000000014ae4       0xa4 /usr/bin/../lib/gcc/arm-none-eabi/7.3.1/../../../../arm-none-eabi/lib/thumb/v7-m/librdimon.a(rdimon-syscalls.o)
                0x0000000000014ae4                _swilseek
 .text._lseek   0x0000000000014b88        0x4 /usr/bin/../lib/gcc/arm-none-eabi/7.3.1/../../../../arm-none-eabi/lib/thumb/v7-m/librdimon.a(rdimon-syscalls.o)
                0x0000000000014b88                _lseek
 .text._swiwrite
                0x0000000000014b8c       0x28 /usr/bin/../lib/gcc/arm-none-eabi/7.3.1/../../../../arm-none-eabi/lib/thumb/v7-m/librdimon.a(rdimon-syscalls.o)
                0x0000000000014b8c                _swiwrite
 .text._write   0x0000000000014bb4       0x78 /usr/bin/../lib/gcc/arm-none-eabi/7.3.1/../../../../arm-none-eabi/lib/thumb/v7-m/librdimon.a(rdimon-syscalls.o)
                0x0000000000014bb4                _write
 .text._swiclose
                0x0000000000014c2c       0x28 /usr/bin/../lib/gcc/arm-none-eabi/7.3.1/../../../../arm-none-eabi/lib/thumb/v7-m/librdimon.a(rdimon-syscalls.o)
                0x0000000000014c2c                _swiclose
 .text._close   0x0000000000014c54       0x70 /usr/bin/../lib/gcc/arm-none-eabi/7.3.1/../../../../arm-none-eabi/lib/thumb/v7-m/librdimon.a(rdimon-syscalls.o)
                0x0000000000014c54                _close
 .text._getpid  0x0000000000014cc4        0x4 /usr/bin/../lib/gcc/arm-none-eabi/7.3.1/../../../../arm-none-eabi/lib/thumb/v7-m/librdimon.a(rdimon-syscalls.o)
                0x0000000000014cc4                _getpid
 .text._sbrk    0x0000000000014cc8       0x4c /usr/bin/../lib/gcc/arm-none-eabi/7.3.1/../../../../arm-none-eabi/lib/thumb/v7-m/librdimon.a(rdimon-syscalls.o)
                0x0000000000014cc8                _sbrk
 .text._swistat
                0x0000000000014d14       0x4c /usr/bin/../lib/gcc/arm-none-eabi/7.3.1/../../../../arm-none-eabi/lib/thumb/v7-m/librdimon.a(rdimon-syscalls.o)
                0x0000000000014d14                _swistat
 .text._fstat   0x0000000000014d60       0x1c /usr/bin/../lib/gcc/arm-none-eabi/7.3.1/../../../../arm-none-eabi/lib/thumb/v7-m/librdimon.a(rdimon-syscalls.o)
                0x0000000000014d60                _fstat
 .text._stat    0x0000000000014d7c       0x3c /usr/bin/../lib/gcc/arm-none-eabi/7.3.1/../../../../arm-none-eabi/lib/thumb/v7-m/librdimon.a(rdimon-syscalls.o)
                0x0000000000014d7c                _stat
 .text._swiopen
                0x0000000000014db8       0xd4 /usr/bin/../lib/gcc/arm-none-eabi/7.3.1/../../../../arm-none-eabi/lib/thumb/v7-m/librdimon.a(rdimon-syscalls.o)
                0x0000000000014db8                _swiopen
 .text._open    0x0000000000014e8c       0x14 /usr/bin/../lib/gcc/arm-none-eabi/7.3.1/../../../../arm-none-eabi/lib/thumb/v7-m/librdimon.a(rdimon-syscalls.o)
                0x0000000000014e8c                _open
 .text._get_semihosting_exts
                0x0000000000014ea0       0xd0 /usr/bin/../lib/gcc/arm-none-eabi/7.3.1/../../../../arm-none-eabi/lib/thumb/v7-m/librdimon.a(rdimon-syscalls.o)
                0x0000000000014ea0                _get_semihosting_exts
 .text.initialise_semihosting_exts
                0x0000000000014f70       0x3c /usr/bin/../lib/gcc/arm-none-eabi/7.3.1/../../../../arm-none-eabi/lib/thumb/v7-m/librdimon.a(rdimon-syscalls.o)
 .text._has_ext_exit_extended
                0x0000000000014fac       0x18 /usr/bin/../lib/gcc/arm-none-eabi/7.3.1/../../../../arm-none-eabi/lib/thumb/v7-m/librdimon.a(rdimon-syscalls.o)
                0x0000000000014fac                _has_ext_exit_extended
 .text._has_ext_stdout_stderr
                0x0000000000014fc4       0x18 /usr/bin/../lib/gcc/arm-none-eabi/7.3.1/../../../../arm-none-eabi/lib/thumb/v7-m/librdimon.a(rdimon-syscalls.o)
                0x0000000000014fc4                _has_ext_stdout_stderr
 .text.initialise_monitor_handles
                0x0000000000014fdc      0x108 /usr/bin/../lib/gcc/arm-none-eabi/7.3.1/../../../../arm-none-eabi/lib/thumb/v7-m/librdimon.a(rdimon-syscalls.o)
                0x0000000000014fdc                initialise_monitor_handles
 .text._link    0x00000000000150e4       0x10 /usr/bin/../lib/gcc/arm-none-eabi/7.3.1/../../../../arm-none-eabi/lib/thumb/v7-m/librdimon.a(rdimon-syscalls.o)
                0x00000000000150e4                _link
 .text._unlink  0x00000000000150f4       0x3c /usr/bin/../lib/gcc/arm-none-eabi/7.3.1/../../../../arm-none-eabi/lib/thumb/v7-m/librdimon.a(rdimon-syscalls.o)
                0x00000000000150f4                _unlink
 .text._gettimeofday
                0x0000000000015130       0x2c /usr/bin/../lib/gcc/arm-none-eabi/7.3.1/../../../../arm-none-eabi/lib/thumb/v7-m/librdimon.a(rdimon-syscalls.o)
                0x0000000000015130                _gettimeofday
 .text._clock   0x000000000001515c       0x14 /usr/bin/../lib/gcc/arm-none-eabi/7.3.1/../../../../arm-none-eabi/lib/thumb/v7-m/librdimon.a(rdimon-syscalls.o)
                0x000000000001515c                _clock
 .text._times   0x0000000000015170       0x20 /usr/bin/../lib/gcc/arm-none-eabi/7.3.1/../../../../arm-none-eabi/lib/thumb/v7-m/librdimon.a(rdimon-syscalls.o)
                0x0000000000015170                _times
 .text._isatty  0x0000000000015190       0x3c /usr/bin/../lib/gcc/arm-none-eabi/7.3.1/../../../../arm-none-eabi/lib/thumb/v7-m/librdimon.a(rdimon-syscalls.o)
                0x0000000000015190                _isatty
 .text._system  0x00000000000151cc       0x44 /usr/bin/../lib/gcc/arm-none-eabi/7.3.1/../../../../arm-none-eabi/lib/thumb/v7-m/librdimon.a(rdimon-syscalls.o)
                0x00000000000151cc                _system
 .text._rename  0x0000000000015210       0x3c /usr/bin/../lib/gcc/arm-none-eabi/7.3.1/../../../../arm-none-eabi/lib/thumb/v7-m/librdimon.a(rdimon-syscalls.o)
                0x0000000000015210                _rename
 .text          0x000000000001524c       0x2c /usr/bin/../lib/gcc/arm-none-eabi/7.3.1/thumb/v7-m/libgcc.a(_arm_unorddf2.o)
                0x000000000001524c                __aeabi_dcmpun
                0x000000000001524c                __unorddf2
 .text          0x0000000000015278       0x2c /usr/bin/../lib/gcc/arm-none-eabi/7.3.1/thumb/v7-m/libgcc.a(_arm_unordsf2.o)
                0x0000000000015278                __aeabi_fcmpun
                0x0000000000015278                __unordsf2
 .text          0x00000000000152a4        0x0 /usr/bin/../lib/gcc/arm-none-eabi/7.3.1/../../../../arm-none-eabi/lib/thumb/v7-m/libc.a(lib_a-errno.o)
 .text.__errno  0x00000000000152a4        0xc /usr/bin/../lib/gcc/arm-none-eabi/7.3.1/../../../../arm-none-eabi/lib/thumb/v7-m/libc.a(lib_a-errno.o)
                0x00000000000152a4                __errno
 .text          0x00000000000152b0        0x0 /usr/bin/../lib/gcc/arm-none-eabi/7.3.1/../../../../arm-none-eabi/lib/thumb/v7-m/libc.a(lib_a-findfp.o)
 .text.std      0x00000000000152b0       0x50 /usr/bin/../lib/gcc/arm-none-eabi/7.3.1/../../../../arm-none-eabi/lib/thumb/v7-m/libc.a(lib_a-findfp.o)
 .text._cleanup_r
                0x0000000000015300        0xc /usr/bin/../lib/gcc/arm-none-eabi/7.3.1/../../../../arm-none-eabi/lib/thumb/v7-m/libc.a(lib_a-findfp.o)
                0x0000000000015300                _cleanup_r
 .text.__fp_lock
                0x000000000001530c       0x1c /usr/bin/../lib/gcc/arm-none-eabi/7.3.1/../../../../arm-none-eabi/lib/thumb/v7-m/libc.a(lib_a-findfp.o)
 .text.__fp_unlock
                0x0000000000015328       0x1c /usr/bin/../lib/gcc/arm-none-eabi/7.3.1/../../../../arm-none-eabi/lib/thumb/v7-m/libc.a(lib_a-findfp.o)
 .text.__sfmoreglue
                0x0000000000015344       0x30 /usr/bin/../lib/gcc/arm-none-eabi/7.3.1/../../../../arm-none-eabi/lib/thumb/v7-m/libc.a(lib_a-findfp.o)
                0x0000000000015344                __sfmoreglue
 .text._cleanup
                0x0000000000015374       0x14 /usr/bin/../lib/gcc/arm-none-eabi/7.3.1/../../../../arm-none-eabi/lib/thumb/v7-m/libc.a(lib_a-findfp.o)
                0x0000000000015374                _cleanup
 .text.__sinit  0x0000000000015388       0x60 /usr/bin/../lib/gcc/arm-none-eabi/7.3.1/../../../../arm-none-eabi/lib/thumb/v7-m/libc.a(lib_a-findfp.o)
                0x0000000000015388                __sinit
 .text.__sfp    0x00000000000153e8       0xa4 /usr/bin/../lib/gcc/arm-none-eabi/7.3.1/../../../../arm-none-eabi/lib/thumb/v7-m/libc.a(lib_a-findfp.o)
                0x00000000000153e8                __sfp
 .text.__sfp_lock_acquire
                0x000000000001548c        0xc /usr/bin/../lib/gcc/arm-none-eabi/7.3.1/../../../../arm-none-eabi/lib/thumb/v7-m/libc.a(lib_a-findfp.o)
                0x000000000001548c                __sfp_lock_acquire
 .text.__sfp_lock_release
                0x0000000000015498        0xc /usr/bin/../lib/gcc/arm-none-eabi/7.3.1/../../../../arm-none-eabi/lib/thumb/v7-m/libc.a(lib_a-findfp.o)
                0x0000000000015498                __sfp_lock_release
 .text.__sinit_lock_acquire
                0x00000000000154a4        0xc /usr/bin/../lib/gcc/arm-none-eabi/7.3.1/../../../../arm-none-eabi/lib/thumb/v7-m/libc.a(lib_a-findfp.o)
                0x00000000000154a4                __sinit_lock_acquire
 .text.__sinit_lock_release
                0x00000000000154b0        0xc /usr/bin/../lib/gcc/arm-none-eabi/7.3.1/../../../../arm-none-eabi/lib/thumb/v7-m/libc.a(lib_a-findfp.o)
                0x00000000000154b0                __sinit_lock_release
 .text.__fp_lock_all
                0x00000000000154bc       0x24 /usr/bin/../lib/gcc/arm-none-eabi/7.3.1/../../../../arm-none-eabi/lib/thumb/v7-m/libc.a(lib_a-findfp.o)
                0x00000000000154bc                __fp_lock_all
 .text.__fp_unlock_all
                0x00000000000154e0       0x24 /usr/bin/../lib/gcc/arm-none-eabi/7.3.1/../../../../arm-none-eabi/lib/thumb/v7-m/libc.a(lib_a-findfp.o)
                0x00000000000154e0                __fp_unlock_all
 .text          0x0000000000015504        0x0 /usr/bin/../lib/gcc/arm-none-eabi/7.3.1/../../../../arm-none-eabi/lib/thumb/v7-m/libc.a(lib_a-fwalk.o)
 .text._fwalk   0x0000000000015504       0x48 /usr/bin/../lib/gcc/arm-none-eabi/7.3.1/../../../../arm-none-eabi/lib/thumb/v7-m/libc.a(lib_a-fwalk.o)
                0x0000000000015504                _fwalk
 .text._fwalk_reent
                0x000000000001554c       0x50 /usr/bin/../lib/gcc/arm-none-eabi/7.3.1/../../../../arm-none-eabi/lib/thumb/v7-m/libc.a(lib_a-fwalk.o)
                0x000000000001554c                _fwalk_reent
 .text          0x000000000001559c        0x0 /usr/bin/../lib/gcc/arm-none-eabi/7.3.1/../../../../arm-none-eabi/lib/thumb/v7-m/libc.a(lib_a-stdio.o)
 .text.__sread  0x000000000001559c       0x24 /usr/bin/../lib/gcc/arm-none-eabi/7.3.1/../../../../arm-none-eabi/lib/thumb/v7-m/libc.a(lib_a-stdio.o)
                0x000000000001559c                __sread
 .text.__seofread
                0x00000000000155c0        0x4 /usr/bin/../lib/gcc/arm-none-eabi/7.3.1/../../../../arm-none-eabi/lib/thumb/v7-m/libc.a(lib_a-stdio.o)
                0x00000000000155c0                __seofread
 .text.__swrite
                0x00000000000155c4       0x3c /usr/bin/../lib/gcc/arm-none-eabi/7.3.1/../../../../arm-none-eabi/lib/thumb/v7-m/libc.a(lib_a-stdio.o)
                0x00000000000155c4                __swrite
 .text.__sseek  0x0000000000015600       0x20 /usr/bin/../lib/gcc/arm-none-eabi/7.3.1/../../../../arm-none-eabi/lib/thumb/v7-m/libc.a(lib_a-stdio.o)
                0x0000000000015600                __sseek
 .text.__sclose
                0x0000000000015620        0x8 /usr/bin/../lib/gcc/arm-none-eabi/7.3.1/../../../../arm-none-eabi/lib/thumb/v7-m/libc.a(lib_a-stdio.o)
                0x0000000000015620                __sclose
 .text          0x0000000000015628        0x0 /usr/bin/../lib/gcc/arm-none-eabi/7.3.1/../../../../arm-none-eabi/lib/thumb/v7-m/libc.a(lib_a-writer.o)
 .text._write_r
                0x0000000000015628       0x2c /usr/bin/../lib/gcc/arm-none-eabi/7.3.1/../../../../arm-none-eabi/lib/thumb/v7-m/libc.a(lib_a-writer.o)
                0x0000000000015628                _write_r
 .text          0x0000000000015654        0x0 /usr/bin/../lib/gcc/arm-none-eabi/7.3.1/../../../../arm-none-eabi/lib/thumb/v7-m/libc.a(lib_a-closer.o)
 .text._close_r
                0x0000000000015654       0x24 /usr/bin/../lib/gcc/arm-none-eabi/7.3.1/../../../../arm-none-eabi/lib/thumb/v7-m/libc.a(lib_a-closer.o)
                0x0000000000015654                _close_r
 .text          0x0000000000015678        0x0 /usr/bin/../lib/gcc/arm-none-eabi/7.3.1/../../../../arm-none-eabi/lib/thumb/v7-m/libc.a(lib_a-fclose.o)
 .text._fclose_r
                0x0000000000015678       0xd0 /usr/bin/../lib/gcc/arm-none-eabi/7.3.1/../../../../arm-none-eabi/lib/thumb/v7-m/libc.a(lib_a-fclose.o)
                0x0000000000015678                _fclose_r
 .text.fclose   0x0000000000015748       0x10 /usr/bin/../lib/gcc/arm-none-eabi/7.3.1/../../../../arm-none-eabi/lib/thumb/v7-m/libc.a(lib_a-fclose.o)
                0x0000000000015748                fclose
 .text          0x0000000000015758        0x0 /usr/bin/../lib/gcc/arm-none-eabi/7.3.1/../../../../arm-none-eabi/lib/thumb/v7-m/libc.a(lib_a-fflush.o)
 .text.__sflush_r
                0x0000000000015758      0x154 /usr/bin/../lib/gcc/arm-none-eabi/7.3.1/../../../../arm-none-eabi/lib/thumb/v7-m/libc.a(lib_a-fflush.o)
                0x0000000000015758                __sflush_r
 .text._fflush_r
                0x00000000000158ac       0x5c /usr/bin/../lib/gcc/arm-none-eabi/7.3.1/../../../../arm-none-eabi/lib/thumb/v7-m/libc.a(lib_a-fflush.o)
                0x00000000000158ac                _fflush_r
 .text.fflush   0x0000000000015908       0x24 /usr/bin/../lib/gcc/arm-none-eabi/7.3.1/../../../../arm-none-eabi/lib/thumb/v7-m/libc.a(lib_a-fflush.o)
                0x0000000000015908                fflush
 .text          0x000000000001592c        0x0 /usr/bin/../lib/gcc/arm-none-eabi/7.3.1/../../../../arm-none-eabi/lib/thumb/v7-m/libc.a(lib_a-lseekr.o)
 .text._lseek_r
                0x000000000001592c       0x2c /usr/bin/../lib/gcc/arm-none-eabi/7.3.1/../../../../arm-none-eabi/lib/thumb/v7-m/libc.a(lib_a-lseekr.o)
                0x000000000001592c                _lseek_r
 .text          0x0000000000015958        0x0 /usr/bin/../lib/gcc/arm-none-eabi/7.3.1/../../../../arm-none-eabi/lib/thumb/v7-m/libc.a(lib_a-readr.o)
 .text._read_r  0x0000000000015958       0x2c /usr/bin/../lib/gcc/arm-none-eabi/7.3.1/../../../../arm-none-eabi/lib/thumb/v7-m/libc.a(lib_a-readr.o)
                0x0000000000015958                _read_r
 *(.rodata .rodata.* .constdata .constdata.*)
 .rodata        0x0000000000015984       0x48 ./nxp-lpc/LPC177x_8xLib/src/lpc177x_8x_gpio.o
 .rodata        0x00000000000159cc       0x23 ./nxp-lpc/LPC177x_8xLib/src/lpc177x_8x_uart.o
 *fill*         0x00000000000159ef        0x1 ff
 .rodata.str1.4
                0x00000000000159f0        0x5 ./freertos/src/tasks.o
 *fill*         0x00000000000159f5        0x3 ff
 .rodata        0x00000000000159f8      0x1e6 ./drivers/src/uc1701.o
 *fill*         0x0000000000015bde        0x2 ff
 .rodata        0x0000000000015be0      0x1e6 ./drivers/src/ks0108.o
 *fill*         0x0000000000015dc6        0x2 ff
 .rodata.str1.4
                0x0000000000015dc8       0x3d ./app/src/protocol.o
                                         0x41 (size before relaxing)
 *fill*         0x0000000000015e05        0x3 ff
 .rodata        0x0000000000015e08      0x168 ./app/src/hardware.o
                0x0000000000015e44                xHeapRegions
 .rodata        0x0000000000015f70      0x660 ./app/src/screen.o
 .rodata.str1.4
                0x00000000000165d0       0x66 ./app/src/screen.o
                                         0x76 (size before relaxing)
 *fill*         0x0000000000016636        0x2 ff
 .rodata        0x0000000000016638      0x318 ./app/src/cli.o
 .rodata.str1.4
                0x0000000000016950      0x102 ./app/src/cli.o
 *fill*         0x0000000000016a52        0x2 ff
 .rodata.str1.4
                0x0000000000016a54      0x458 ./app/src/system.o
                                        0x470 (size before relaxing)
 .rodata        0x0000000000016eac      0x806 ./app/src/images.o
                0x0000000000016eac                mod_duo
                0x00000000000172b0                mod_logo
 *fill*         0x00000000000176b2        0x2 ff
 .rodata        0x00000000000176b4      0x104 ./app/src/naveg.o
 .rodata.str1.4
                0x00000000000177b8      0x8c3 ./app/src/naveg.o
                                        0x8f7 (size before relaxing)
 *fill*         0x000000000001807b        0x1 ff
 .rodata.str1.4
                0x000000000001807c      0x14f ./app/src/main.o
                                        0x16b (size before relaxing)
 *fill*         0x00000000000181cb        0x1 ff
 .rodata        0x00000000000181cc     0x15d9 ./app/src/glcd_widget.o
 *fill*         0x00000000000197a5        0x3 ff
 .rodata.str1.4
                0x00000000000197a8       0x13 ./app/src/glcd_widget.o
                                         0x1b (size before relaxing)
 *fill*         0x00000000000197bb        0x1 ff
 .rodata        0x00000000000197bc        0xf ./app/src/serial.o
 *fill*         0x00000000000197cb        0x1 ff
 .rodata.str1.4
                0x00000000000197cc        0x3 ./app/src/utils.o
                                          0xf (size before relaxing)
 *fill*         0x00000000000197cf        0x1 ff
 .rodata._strtod_l.str1.4
                0x00000000000197d0        0xf /usr/bin/../lib/gcc/arm-none-eabi/7.3.1/../../../../arm-none-eabi/lib/thumb/v7-m/libc.a(lib_a-strtod.o)
 *fill*         0x00000000000197df        0x1 ff
 .rodata.fpi.6172
                0x00000000000197e0       0x14 /usr/bin/../lib/gcc/arm-none-eabi/7.3.1/../../../../arm-none-eabi/lib/thumb/v7-m/libc.a(lib_a-strtod.o)
 .rodata.fpinan.6208
                0x00000000000197f4       0x14 /usr/bin/../lib/gcc/arm-none-eabi/7.3.1/../../../../arm-none-eabi/lib/thumb/v7-m/libc.a(lib_a-strtod.o)
 .rodata.tinytens
                0x0000000000019808       0x28 /usr/bin/../lib/gcc/arm-none-eabi/7.3.1/../../../../arm-none-eabi/lib/thumb/v7-m/libc.a(lib_a-strtod.o)
 .rodata.__hexdig
                0x0000000000019830      0x100 /usr/bin/../lib/gcc/arm-none-eabi/7.3.1/../../../../arm-none-eabi/lib/thumb/v7-m/libc.a(lib_a-gdtoa-gethex.o)
                0x0000000000019830                __hexdig
 .rodata._global_impure_ptr
                0x0000000000019930        0x4 /usr/bin/../lib/gcc/arm-none-eabi/7.3.1/../../../../arm-none-eabi/lib/thumb/v7-m/libc.a(lib_a-impure.o)
                0x0000000000019930                _global_impure_ptr
 .rodata._setlocale_r.str1.4
                0x0000000000019934        0x6 /usr/bin/../lib/gcc/arm-none-eabi/7.3.1/../../../../arm-none-eabi/lib/thumb/v7-m/libc.a(lib_a-locale.o)
                                          0xd (size before relaxing)
 .rodata.str1.4
                0x000000000001993a        0x6 /usr/bin/../lib/gcc/arm-none-eabi/7.3.1/../../../../arm-none-eabi/lib/thumb/v7-m/libc.a(lib_a-locale.o)
                                          0x2 (size before relaxing)
 *fill*         0x000000000001993a        0x6 ff
 .rodata.__mprec_bigtens