Archive member included to satisfy reference by file (symbol)

/usr/bin/../lib/gcc/arm-none-eabi/7.3.1/thumb/v7-m/libgcc.a(_arm_addsubdf3.o)
                              ./app/src/screen.o (__aeabi_dsub)
/usr/bin/../lib/gcc/arm-none-eabi/7.3.1/thumb/v7-m/libgcc.a(_arm_muldivdf3.o)
                              ./drivers/src/actuator.o (__aeabi_dmul)
/usr/bin/../lib/gcc/arm-none-eabi/7.3.1/thumb/v7-m/libgcc.a(_arm_cmpdf2.o)
                              ./app/src/screen.o (__aeabi_dcmplt)
/usr/bin/../lib/gcc/arm-none-eabi/7.3.1/thumb/v7-m/libgcc.a(_arm_fixdfsi.o)
                              ./app/src/system.o (__aeabi_d2iz)
/usr/bin/../lib/gcc/arm-none-eabi/7.3.1/thumb/v7-m/libgcc.a(_arm_fixunsdfsi.o)
                              ./drivers/src/actuator.o (__aeabi_d2uiz)
/usr/bin/../lib/gcc/arm-none-eabi/7.3.1/thumb/v7-m/libgcc.a(_arm_truncdfsf2.o)
                              ./app/src/system.o (__aeabi_d2f)
/usr/bin/../lib/gcc/arm-none-eabi/7.3.1/thumb/v7-m/libgcc.a(_arm_addsubsf3.o)
                              ./app/src/naveg.o (__aeabi_fsub)
/usr/bin/../lib/gcc/arm-none-eabi/7.3.1/thumb/v7-m/libgcc.a(_arm_muldivsf3.o)
                              ./drivers/src/actuator.o (__aeabi_fmul)
/usr/bin/../lib/gcc/arm-none-eabi/7.3.1/thumb/v7-m/libgcc.a(_arm_cmpsf2.o)
                              ./app/src/naveg.o (__aeabi_fcmpeq)
/usr/bin/../lib/gcc/arm-none-eabi/7.3.1/thumb/v7-m/libgcc.a(_arm_fixsfsi.o)
                              ./app/src/screen.o (__aeabi_f2iz)
/usr/bin/../lib/gcc/arm-none-eabi/7.3.1/thumb/v7-m/libgcc.a(_aeabi_uldivmod.o)
                              ./nxp-lpc/LPC17xxLib/src/lpc17xx_timer.o (__aeabi_uldivmod)
/usr/bin/../lib/gcc/arm-none-eabi/7.3.1/thumb/v7-m/libgcc.a(_udivmoddi4.o)
                              /usr/bin/../lib/gcc/arm-none-eabi/7.3.1/thumb/v7-m/libgcc.a(_aeabi_uldivmod.o) (__udivmoddi4)
/usr/bin/../lib/gcc/arm-none-eabi/7.3.1/thumb/v7-m/libgcc.a(_dvmd_tls.o)
                              /usr/bin/../lib/gcc/arm-none-eabi/7.3.1/thumb/v7-m/libgcc.a(_aeabi_uldivmod.o) (__aeabi_ldiv0)
/usr/bin/../lib/gcc/arm-none-eabi/7.3.1/../../../../arm-none-eabi/lib/thumb/v7-m/libc.a(lib_a-atof.o)
                              ./app/src/system.o (atof)
/usr/bin/../lib/gcc/arm-none-eabi/7.3.1/../../../../arm-none-eabi/lib/thumb/v7-m/libc.a(lib_a-atoi.o)
                              ./app/src/system.o (atoi)
/usr/bin/../lib/gcc/arm-none-eabi/7.3.1/../../../../arm-none-eabi/lib/thumb/v7-m/libc.a(lib_a-malloc.o)
                              ./app/src/naveg.o (malloc)
/usr/bin/../lib/gcc/arm-none-eabi/7.3.1/../../../../arm-none-eabi/lib/thumb/v7-m/libc.a(lib_a-mallocr.o)
                              /usr/bin/../lib/gcc/arm-none-eabi/7.3.1/../../../../arm-none-eabi/lib/thumb/v7-m/libc.a(lib_a-malloc.o) (_malloc_r)
/usr/bin/../lib/gcc/arm-none-eabi/7.3.1/../../../../arm-none-eabi/lib/thumb/v7-m/libc.a(lib_a-memcpy.o)
                              ./freertos/src/queue.o (memcpy)
/usr/bin/../lib/gcc/arm-none-eabi/7.3.1/../../../../arm-none-eabi/lib/thumb/v7-m/libc.a(lib_a-mlock.o)
                              /usr/bin/../lib/gcc/arm-none-eabi/7.3.1/../../../../arm-none-eabi/lib/thumb/v7-m/libc.a(lib_a-mallocr.o) (__malloc_lock)
/usr/bin/../lib/gcc/arm-none-eabi/7.3.1/../../../../arm-none-eabi/lib/thumb/v7-m/libc.a(lib_a-s_modf.o)
                              ./app/src/utils.o (modf)
/usr/bin/../lib/gcc/arm-none-eabi/7.3.1/../../../../arm-none-eabi/lib/thumb/v7-m/libc.a(lib_a-sbrkr.o)
                              /usr/bin/../lib/gcc/arm-none-eabi/7.3.1/../../../../arm-none-eabi/lib/thumb/v7-m/libc.a(lib_a-mallocr.o) (_sbrk_r)
/usr/bin/../lib/gcc/arm-none-eabi/7.3.1/../../../../arm-none-eabi/lib/thumb/v7-m/libc.a(lib_a-strcasecmp.o)
                              ./app/src/naveg.o (strcasecmp)
/usr/bin/../lib/gcc/arm-none-eabi/7.3.1/../../../../arm-none-eabi/lib/thumb/v7-m/libc.a(lib_a-strcat.o)
                              ./app/src/screen.o (strcat)
/usr/bin/../lib/gcc/arm-none-eabi/7.3.1/../../../../arm-none-eabi/lib/thumb/v7-m/libc.a(lib_a-strchr.o)
                              ./app/src/protocol.o (strchr)
/usr/bin/../lib/gcc/arm-none-eabi/7.3.1/../../../../arm-none-eabi/lib/thumb/v7-m/libc.a(lib_a-strcmp.o)
                              ./app/src/protocol.o (strcmp)
/usr/bin/../lib/gcc/arm-none-eabi/7.3.1/../../../../arm-none-eabi/lib/thumb/v7-m/libc.a(lib_a-strcpy.o)
                              ./app/src/cli.o (strcpy)
/usr/bin/../lib/gcc/arm-none-eabi/7.3.1/../../../../arm-none-eabi/lib/thumb/v7-m/libc.a(lib_a-strlen-stub.o)
                              ./app/src/protocol.o (strlen)
/usr/bin/../lib/gcc/arm-none-eabi/7.3.1/../../../../arm-none-eabi/lib/thumb/v7-m/libc.a(lib_a-strncmp.o)
                              ./app/src/cli.o (strncmp)
/usr/bin/../lib/gcc/arm-none-eabi/7.3.1/../../../../arm-none-eabi/lib/thumb/v7-m/libc.a(lib_a-strncpy.o)
                              ./app/src/protocol.o (strncpy)
[...]
Memory Configuration

Name             Origin             Length             Attributes
FLASH            0x0000000000000000 0x0000000000080000 xr
SRAM             0x0000000010000000 0x0000000000008000 xrw
SRAM0            0x000000002007c000 0x0000000000008000 xrw
*default*        0x0000000000000000 0xffffffffffffffff

Linker script and memory map

LOAD ./nxp-lpc/CMSISv2p00_LPC17xx/src/cr_startup_lpc176x.o
LOAD ./nxp-lpc/CMSISv2p00_LPC17xx/src/core_cm3.o
LOAD ./nxp-lpc/CMSISv2p00_LPC17xx/src/system_LPC17xx.o
LOAD ./nxp-lpc/LPC17xxLib/src/lpc17xx_clkpwr.o
LOAD ./nxp-lpc/LPC17xxLib/src/lpc17xx_adc.o
LOAD ./nxp-lpc/LPC17xxLib/src/lpc17xx_gpio.o
LOAD ./nxp-lpc/LPC17xxLib/src/lpc17xx_pinsel.o
LOAD ./nxp-lpc/LPC17xxLib/src/lpc17xx_systick.o
LOAD ./nxp-lpc/LPC17xxLib/src/lpc17xx_timer.o
LOAD ./nxp-lpc/LPC17xxLib/src/lpc17xx_uart.o
LOAD ./nxp-lpc/LPC17xxLib/src/lpc17xx_ssp.o
LOAD ./freertos/src/heap_5.o
LOAD ./freertos/src/queue.o
LOAD ./freertos/src/croutine.o
LOAD ./freertos/src/list.o
LOAD ./freertos/src/port.o
LOAD ./freertos/src/event_groups.o
LOAD ./freertos/src/tasks.o
LOAD ./freertos/src/timers.o
LOAD ./drivers/src/uc1701.o
LOAD ./drivers/src/actuator.o
LOAD ./drivers/src/ks0108.o
LOAD ./drivers/src/ledz.o
LOAD ./app/src/protocol.o
LOAD ./app/src/hardware.o
LOAD ./app/src/comm.o
LOAD ./app/src/screen.o
LOAD ./app/src/cli.o
LOAD ./app/src/system.o
LOAD ./app/src/node.o
LOAD ./app/src/images.o
LOAD ./app/src/naveg.o
LOAD ./app/src/main.o
LOAD ./app/src/glcd_widget.o
LOAD ./app/src/serial.o
LOAD ./app/src/data.o
LOAD ./app/src/utils.o
START GROUP
LOAD /usr/bin/../lib/gcc/arm-none-eabi/7.3.1/thumb/v7-m/libgcc.a
LOAD /usr/bin/../lib/gcc/arm-none-eabi/7.3.1/../../../../arm-none-eabi/lib/thumb/v7-m/libc.a
LOAD /usr/bin/../lib/gcc/arm-none-eabi/7.3.1/../../../../arm-none-eabi/lib/thumb/v7-m/libm.a
LOAD /usr/bin/../lib/gcc/arm-none-eabi/7.3.1/../../../../arm-none-eabi/lib/thumb/v7-m/librdimon.a
END GROUP
START GROUP
LOAD /usr/bin/../lib/gcc/arm-none-eabi/7.3.1/thumb/v7-m/libgcc.a
LOAD /usr/bin/../lib/gcc/arm-none-eabi/7.3.1/../../../../arm-none-eabi/lib/thumb/v7-m/libc.a
END GROUP
START GROUP
LOAD /usr/bin/../lib/gcc/arm-none-eabi/7.3.1/thumb/v7-m/libgcc.a
LOAD /usr/bin/../lib/gcc/arm-none-eabi/7.3.1/../../../../arm-none-eabi/lib/thumb/v7-m/libc.a
LOAD /usr/bin/../lib/gcc/arm-none-eabi/7.3.1/../../../../arm-none-eabi/lib/thumb/v7-m/librdimon.a
END GROUP
                0x0000000000080000                __top_FLASH = 0x80000
                0x0000000010008000                __top_SRAM = 0x10008000
                0x0000000020084000                __top_SRAM0 = 0x20084000

.text           0x0000000000000000    0x1865c
 FILL mask 0xff
                0x0000000000000000                __vectors_start__ = ABSOLUTE (.)
 *(.isr_vector)
 .isr_vector    0x0000000000000000       0xcc ./nxp-lpc/CMSISv2p00_LPC17xx/src/cr_startup_lpc176x.o
                0x0000000000000000                g_pfnVectors
                0x00000000000000cc                . = ALIGN (0x4)
                0x00000000000000cc                __section_table_start = .
                0x00000000000000cc                __data_section_table = .
                0x00000000000000cc        0x4 LONG 0x18664 LOADADDR (.data)
                0x00000000000000d0        0x4 LONG 0x10000000 ADDR (.data)
                0x00000000000000d4        0x4 LONG 0x186c SIZEOF (.data)
                0x00000000000000d8        0x4 LONG 0x18664 LOADADDR (.data_RAM2)
                0x00000000000000dc        0x4 LONG 0x2007c000 ADDR (.data_RAM2)
                0x00000000000000e0        0x4 LONG 0x0 SIZEOF (.data_RAM2)
                0x00000000000000e4                __data_section_table_end = .
                0x00000000000000e4                __bss_section_table = .
                0x00000000000000e4        0x4 LONG 0x1000186c ADDR (.bss)
                0x00000000000000e8        0x4 LONG 0x1840 SIZEOF (.bss)
                0x00000000000000ec        0x4 LONG 0x2007c000 ADDR (.bss_RAM2)
                0x00000000000000f0        0x4 LONG 0x0 SIZEOF (.bss_RAM2)
                0x00000000000000f4                __bss_section_table_end = .
                0x00000000000000f4                __section_table_end = .
 *(.after_vectors*)
 .after_vectors
                0x00000000000000f4       0xb4 ./nxp-lpc/CMSISv2p00_LPC17xx/src/cr_startup_lpc176x.o
                0x00000000000000f4                NMI_Handler
                0x00000000000000fe                DebugMon_Handler
                0x0000000000000100                TIMER2_IRQHandler
                0x0000000000000100                RIT_IRQHandler
                0x0000000000000100                I2C0_IRQHandler
                0x0000000000000100                USBActivity_IRQHandler
                0x0000000000000100                PWM1_IRQHandler
                0x0000000000000100                I2C1_IRQHandler
                0x0000000000000100                EINT2_IRQHandler
                0x0000000000000100                EINT3_IRQHandler
                0x0000000000000100                CANActivity_IRQHandler
                0x0000000000000100                TIMER3_IRQHandler
                0x0000000000000100                IntDefaultHandler
                0x0000000000000100                PLL0_IRQHandler
                0x0000000000000100                CAN_IRQHandler
                0x0000000000000100                PLL1_IRQHandler
                0x0000000000000100                SSP0_IRQHandler
                0x0000000000000100                I2S_IRQHandler
                0x0000000000000100                I2C2_IRQHandler
                0x0000000000000100                RTC_IRQHandler
                0x0000000000000100                SPI_IRQHandler
                0x0000000000000100                EINT1_IRQHandler
                0x0000000000000100                ADC_IRQHandler
                0x0000000000000100                SSP1_IRQHandler
                0x0000000000000100                USB_IRQHandler
                0x0000000000000100                BOD_IRQHandler
                0x0000000000000100                WDT_IRQHandler
                0x0000000000000100                QEI_IRQHandler
                0x0000000000000100                EINT0_IRQHandler
                0x0000000000000100                DMA_IRQHandler
                0x0000000000000100                MCPWM_IRQHandler
                0x0000000000000100                ENET_IRQHandler
                0x0000000000000102                data_init
                0x0000000000000120                bss_init
                0x000000000000013c                ResetISR
                0x00000000000001a0                SVCall_Handler
                0x00000000000001a2                PendSV_Handler
                0x00000000000001a4                SysTick_Handler
 *(.text*)
 .text          0x00000000000001a8        0x0 ./nxp-lpc/CMSISv2p00_LPC17xx/src/cr_startup_lpc176x.o
 .text          0x00000000000001a8        0x0 ./nxp-lpc/CMSISv2p00_LPC17xx/src/core_cm3.o
 .text          0x00000000000001a8      0x1bc ./nxp-lpc/CMSISv2p00_LPC17xx/src/system_LPC17xx.o
                0x00000000000001a8                SystemCoreClockUpdate
                0x00000000000002cc                SystemInit
 .text          0x0000000000000364      0x134 ./nxp-lpc/LPC17xxLib/src/lpc17xx_clkpwr.o
                0x0000000000000364                CLKPWR_SetPCLKDiv
                0x00000000000003b8                CLKPWR_GetPCLKSEL
                0x00000000000003dc                CLKPWR_GetPCLK
                0x0000000000000400                CLKPWR_ConfigPPWR
                0x0000000000000434                CLKPWR_Sleep
                0x0000000000000444                CLKPWR_DeepSleep
                0x0000000000000460                CLKPWR_PowerDown
                0x000000000000047c                CLKPWR_DeepPowerDown
 .text          0x0000000000000498      0x128 ./nxp-lpc/LPC17xxLib/src/lpc17xx_adc.o
                0x0000000000000498                ADC_Init
                0x00000000000004cc                ADC_DeInit
                0x00000000000004e2                ADC_GetData
                0x00000000000004f4                ADC_StartCmd
                0x0000000000000506                ADC_BurstCmd
                0x000000000000051a                ADC_PowerdownCmd
                0x000000000000052e                ADC_EdgeStartConfig
                0x0000000000000542                ADC_IntConfig
                0x000000000000055e                ADC_ChannelCmd
                0x0000000000000580                ADC_ChannelGetData
                0x000000000000058c                ADC_ChannelGetStatus
                0x00000000000005a6                ADC_GlobalGetData
                0x00000000000005aa                ADC_GlobalGetStatus
 .text          0x00000000000005c0      0x35c ./nxp-lpc/LPC17xxLib/src/lpc17xx_gpio.o
                0x0000000000000674                GPIO_SetDir
                0x0000000000000694                GPIO_SetValue
                0x00000000000006a2                GPIO_ClearValue
                0x00000000000006b0                GPIO_ReadValue
                0x00000000000006c0                GPIO_IntCmd
                0x00000000000006f8                GPIO_GetIntStatus
                0x0000000000000748                GPIO_ClearInt
                0x0000000000000760                FIO_SetDir
                0x0000000000000768                FIO_SetValue
                0x0000000000000770                FIO_ClearValue
                0x0000000000000778                FIO_ReadValue
                0x0000000000000780                FIO_IntCmd
                0x0000000000000788                FIO_GetIntStatus
                0x0000000000000790                FIO_ClearInt
                0x0000000000000798                FIO_SetMask
                0x00000000000007b8                FIO_HalfWordSetDir
                0x00000000000007f0                FIO_HalfWordSetMask
                0x0000000000000828                FIO_HalfWordSetValue
                0x000000000000083e                FIO_HalfWordClearValue
                0x0000000000000854                FIO_HalfWordReadValue
                0x0000000000000870                FIO_ByteSetDir
                0x000000000000089a                FIO_ByteSetMask
                0x00000000000008ca                FIO_ByteSetValue
                0x00000000000008e2                FIO_ByteClearValue
                0x00000000000008fa                FIO_ByteReadValue
 .text          0x000000000000091c       0xf0 ./nxp-lpc/LPC17xxLib/src/lpc17xx_pinsel.o
                0x000000000000091c                PINSEL_SetPinFunc
                0x000000000000094e                PINSEL_SetResistorMode
                0x0000000000000980                PINSEL_SetOpenDrainMode
                0x00000000000009b0                PINSEL_ConfigTraceFunc
                0x00000000000009d4                PINSEL_SetI2C0Pins
                0x00000000000009e8                PINSEL_ConfigPin
 .text          0x0000000000000a0c       0xe4 ./nxp-lpc/LPC17xxLib/src/lpc17xx_systick.o
                0x0000000000000a0c                SYSTICK_InternalInit
                0x0000000000000a5c                SYSTICK_ExternalInit
                0x0000000000000aa4                SYSTICK_Cmd
                0x0000000000000abc                SYSTICK_IntCmd
                0x0000000000000ad4                SYSTICK_GetCurrentValue
                0x0000000000000ae0                SYSTICK_ClearCounterFlag
 .text          0x0000000000000af0      0x32c ./nxp-lpc/LPC17xxLib/src/lpc17xx_timer.o
                0x0000000000000af0                TIM_GetIntStatus
                0x0000000000000b06                TIM_GetIntCaptureStatus
                0x0000000000000b1c                TIM_ClearIntPending
                0x0000000000000b26                TIM_ClearIntCapturePending
                0x0000000000000b32                TIM_ConfigStructInit
                0x0000000000000b42                TIM_Init
                0x0000000000000c6c                TIM_DeInit
                0x0000000000000cc4                TIM_Cmd
                0x0000000000000cd6                TIM_ResetCounter
                0x0000000000000ce8                TIM_ConfigMatch
                0x0000000000000d94                TIM_UpdateMatchValue
                0x0000000000000db2                TIM_ConfigCapture
                0x0000000000000e10                TIM_GetCaptureValue
 .text          0x0000000000000e1c      0x8a0 ./nxp-lpc/LPC17xxLib/src/lpc17xx_uart.o
                0x0000000000000e1c                UART_Init
                0x0000000000001174                UART_ConfigStructInit
                0x0000000000001186                UART_SendByte
                0x0000000000001198                UART_ReceiveByte
                0x00000000000011ac                UART_Send
                0x0000000000001260                UART_Receive
                0x00000000000012ec                UART_ForceBreak
                0x000000000000130c                UART_IntConfig
                0x000000000000138c                UART_GetLineStatus
                0x00000000000013a0                UART_GetIntId
                0x00000000000013ac                UART_CheckBusy
                0x00000000000013b8                UART_FIFOConfig
                0x0000000000001400                UART_FIFOConfigStructInit
                0x000000000000140e                UART_ABCmd
                0x0000000000001490                UART_ABClearIntPending
                0x00000000000014ac                UART_TxCmd
                0x00000000000014f8                UART_DeInit
                0x0000000000001558                UART_IrDAInvtInputCmd
                0x000000000000157a                UART_IrDACmd
                0x0000000000001590                UART_IrDAPulseDivConfig
                0x00000000000015ae                UART_FullModemForcePinState
                0x00000000000015ce                UART_FullModemConfigMode
                0x00000000000015f6                UART_FullModemGetStatus
                0x00000000000015fa                UART_RS485Config
                0x0000000000001652                UART_RS485ReceiverCmd
                0x0000000000001668                UART_RS485Send
                0x000000000000169a                UART_RS485SendSlvAddr
                0x00000000000016b2                UART_RS485SendData
 .text          0x00000000000016bc      0x374 ./nxp-lpc/LPC17xxLib/src/lpc17xx_ssp.o
                0x00000000000016bc                SSP_Init
                0x0000000000001778                SSP_DeInit
                0x00000000000017a8                SSP_GetDataSize
                0x00000000000017b0                SSP_ConfigStructInit
                0x00000000000017c8                SSP_Cmd
                0x00000000000017da                SSP_LoopBackCmd
                0x00000000000017ec                SSP_SlaveOutputCmd
                0x00000000000017fe                SSP_SendData
                0x0000000000001802                SSP_ReceiveData
                0x0000000000001808                SSP_ReadWrite
                0x00000000000019dc                SSP_GetStatus
                0x00000000000019e8                SSP_IntConfig
                0x00000000000019fc                SSP_GetRawIntStatus
                0x0000000000001a08                SSP_GetRawIntStatusReg
                0x0000000000001a0c                SSP_GetIntStatus
                0x0000000000001a18                SSP_ClearIntPending
                0x0000000000001a1c                SSP_DMACmd
 .text          0x0000000000001a30      0x1e8 ./freertos/src/heap_5.o
                0x0000000000001a84                pvPortMalloc
                0x0000000000001b34                vPortFree
                0x0000000000001b7c                xPortGetFreeHeapSize
                0x0000000000001b88                xPortGetMinimumEverFreeHeapSize
                0x0000000000001b94                vPortDefineHeapRegions
 .text          0x0000000000001c18      0x5a4 ./freertos/src/queue.o
                0x0000000000001d1c                xQueueGenericReset
                0x0000000000001d7a                xQueueGenericCreate
                0x0000000000001dbc                xQueueCreateCountingSemaphore
                0x0000000000001dd2                xQueueGenericSend
                0x0000000000001ebc                xQueueGenericSendFromISR
                0x0000000000001f2c                xQueueGiveFromISR
                0x0000000000001f86                xQueueGenericReceive
                0x0000000000002080                xQueueReceiveFromISR
                0x00000000000020e0                xQueuePeekFromISR
                0x000000000000210c                uxQueueMessagesWaiting
                0x000000000000211e                uxQueueSpacesAvailable
                0x0000000000002134                uxQueueMessagesWaitingFromISR
                0x0000000000002138                xQueueIsQueueEmptyFromISR
                0x0000000000002142                xQueueIsQueueFullFromISR
                0x0000000000002150                vQueueAddToRegistry
                0x0000000000002180                vQueueUnregisterQueue
                0x00000000000021ac                vQueueDelete
 .text          0x00000000000021bc        0x0 ./freertos/src/croutine.o
 .text          0x00000000000021bc       0x8c ./freertos/src/list.o
                0x00000000000021bc                vListInitialise
                0x00000000000021d2                vListInitialiseItem
                0x00000000000021d8                vListInsertEnd
                0x00000000000021f0                vListInsert
                0x0000000000002224                uxListRemove
 .text          0x0000000000002248      0x18c ./freertos/src/port.o
                0x0000000000002262                pxPortInitialiseStack
                0x0000000000002280                vPortSVCHandler
                0x00000000000022a4                vPortEndScheduler
                0x00000000000022a6                vPortYield
                0x00000000000022bc                ulPortSetInterruptMask
                0x00000000000022d4                vPortEnterCritical
                0x00000000000022f0                vPortClearInterruptMask
                0x00000000000022f6                vPortExitCritical
                0x0000000000002310                xPortPendSVHandler
                0x0000000000002354                xPortSysTickHandler
                0x0000000000002374                vPortSetupTimerInterrupt
                0x00000000000023a0                xPortStartScheduler
 .text          0x00000000000023d4      0x216 ./freertos/src/event_groups.o
                0x00000000000023d4                xEventGroupCreate
                0x00000000000023ee                xEventGroupWaitBits
                0x000000000000249e                xEventGroupClearBits
                0x00000000000024b8                xEventGroupGetBitsFromISR
                0x00000000000024ca                xEventGroupSetBits
                0x0000000000002530                xEventGroupSync
                0x00000000000025b0                vEventGroupDelete
                0x00000000000025da                vEventGroupSetBitsCallback
                0x00000000000025e2                vEventGroupClearBitsCallback
 *fill*         0x00000000000025ea        0x2 ff
 .text          0x00000000000025ec      0xd90 ./freertos/src/tasks.o
                0x000000000000264c                xTaskGenericCreate
                0x00000000000027f4                vTaskDelete
                0x0000000000002888                vTaskResume
                0x0000000000002900                xTaskResumeFromISR
                0x0000000000002994                vTaskStartScheduler
                0x00000000000029e0                vTaskEndScheduler
                0x00000000000029f8                vTaskSuspendAll
                0x0000000000002a0c                xTaskGetTickCount
                0x0000000000002a18                xTaskGetTickCountFromISR
                0x0000000000002a24                uxTaskGetNumberOfTasks
                0x0000000000002a30                xTaskIncrementTick
                0x0000000000002b0c                xTaskResumeAll
                0x0000000000002be0                vTaskDelayUntil
                0x0000000000002c54                vTaskDelay
                0x0000000000002cf0                vTaskSwitchContext
                0x0000000000002d58                vTaskSuspend
                0x0000000000002dfc                vTaskPlaceOnEventList
                0x0000000000002e4c                vTaskPlaceOnUnorderedEventList
                0x0000000000002ea4                xTaskRemoveFromEventList
                0x0000000000002f10                xTaskRemoveFromUnorderedEventList
                0x0000000000002f64                vTaskSetTimeOutState
                0x0000000000002f78                xTaskCheckForTimeOut
                0x0000000000002fd0                vTaskMissedYield
                0x0000000000002fe0                uxTaskResetEventItemValue
                0x0000000000002ff8                ulTaskNotifyTake
                0x0000000000003098                xTaskNotifyWait
                0x0000000000003158                xTaskGenericNotify
                0x00000000000031f8                xTaskGenericNotifyFromISR
                0x00000000000032c4                vTaskNotifyGiveFromISR
                0x000000000000334c                xTaskNotifyStateClear
 .text          0x000000000000337c        0x0 ./freertos/src/timers.o
 .text          0x000000000000337c      0xa48 ./drivers/src/uc1701.o
                0x0000000000003496                uc1701_backlight
                0x00000000000034b6                uc1701_clear
                0x00000000000034ec                uc1701_update
                0x00000000000035c0                uc1701_init
                0x0000000000003780                uc1701_set_pixel
                0x00000000000037c4                uc1701_hline
                0x0000000000003812                uc1701_vline
                0x0000000000003860                uc1701_line
                0x0000000000003976                uc1701_rect
                0x00000000000039cc                uc1701_rect_fill
                0x0000000000003a22                uc1701_rect_invert
                0x0000000000003b76                uc1701_draw_image
                0x0000000000003bf0                uc1701_text
 *fill*         0x0000000000003dc4        0x4 ff
 .text          0x0000000000003dc8      0x598 ./drivers/src/actuator.o
                0x0000000000003e48                actuator_create
                0x0000000000003eb0                actuator_set_pins
                0x0000000000003f2c                actuator_set_prop
                0x0000000000003f4e                actuator_enable_event
                0x0000000000003f68                actuator_set_event
                0x0000000000003f82                actuator_get_status
                0x0000000000003fb2                actuator_get_acceleration
                0x0000000000003fbc                actuator_pot_value
                0x0000000000004000                actuators_clock
 .text          0x0000000000004360      0x9fc ./drivers/src/ks0108.o
                0x0000000000004436                ks0108_backlight
                0x0000000000004456                ks0108_set_pixel
                0x0000000000004494                ks0108_hline
                0x00000000000044e2                ks0108_vline
                0x0000000000004530                ks0108_line
                0x0000000000004646                ks0108_rect
                0x000000000000469c                ks0108_rect_fill
                0x00000000000046f2                ks0108_clear
                0x000000000000470c                ks0108_rect_invert
                0x0000000000004812                ks0108_draw_image
                0x0000000000004874                ks0108_text
                0x0000000000004b18                ks0108_update
                0x0000000000004c0e                ks0108_init
 *fill*         0x0000000000004d5c        0x4 ff
 .text          0x0000000000004d60      0x2d4 ./drivers/src/ledz.o
                0x0000000000004d60                ledz_create
                0x0000000000004e40                ledz_destroy
                0x0000000000004e64                ledz_set
                0x0000000000004ecc                ledz_on
                0x0000000000004ed6                ledz_off
                0x0000000000004ee0                ledz_toggle
                0x0000000000004eec                ledz_blink
                0x0000000000004f42                ledz_tick
 .text          0x0000000000005034      0x220 ./app/src/protocol.o
                0x0000000000005034                protocol_parse
                0x00000000000051a4                protocol_add_command
                0x00000000000051e8                protocol_response
                0x0000000000005224                protocol_remove_commands
 .text          0x0000000000005254      0x464 ./app/src/hardware.o
                0x0000000000005254                hardware_glcds
                0x000000000000526c                hardware_glcd_brightness
                0x0000000000005278                hardware_leds
                0x000000000000528c                hardware_actuators
                0x00000000000052ec                hardware_setup
                0x0000000000005564                hardware_timestamp
                0x0000000000005570                hardware_get_acceleration
                0x0000000000005578                hardware_get_pot_value
                0x0000000000005580                hardware_coreboard_power
                0x00000000000055de                TIMER0_IRQHandler
                0x0000000000005684                TIMER1_IRQHandler
 .text          0x00000000000056b8      0x108 ./app/src/comm.o
                0x000000000000571c                comm_init
                0x0000000000005748                comm_webgui_send
                0x0000000000005756                comm_webgui_read
                0x0000000000005778                comm_webgui_set_response_cb
                0x0000000000005784                comm_webgui_response_cb
                0x00000000000057ac                comm_webgui_wait_response
 .text          0x00000000000057c0      0xf08 ./app/src/screen.o
                0x00000000000057c0                screen_clear
                0x00000000000057ce                screen_pot
                0x0000000000005d10                screen_encoder
                0x0000000000005f7c                screen_footer
                0x000000000000624c                screen_top_info
                0x0000000000006300                screen_tool
                0x000000000000633c                screen_system_menu
                0x0000000000006574                screen_tuner
                0x000000000000659c                screen_tuner_input
                0x00000000000065c0                screen_image
                0x00000000000065dc                screen_master_vol
 .text          0x00000000000066c8      0x54c ./app/src/cli.o
                0x00000000000068b8                cli_init
                0x000000000000691c                cli_command
                0x0000000000006990                cli_process
                0x0000000000006ad8                cli_systemctl
                0x0000000000006b44                cli_package_version
                0x0000000000006b46                cli_bluetooth
                0x0000000000006b60                cli_restore
 .text          0x0000000000006c14     0x1cc8 ./app/src/system.o
                0x0000000000006c34                request_item_value
                0x0000000000006c58                set_item_value
                0x0000000000006cb2                system_get_current_profile
                0x0000000000006cbc                system_pedalboard_cb
                0x0000000000006cf0                system_bluetooth_cb
                0x0000000000006d58                system_services_cb
                0x0000000000006d98                system_versions_cb
                0x0000000000006e0c                system_release_cb
                0x0000000000006e24                system_device_cb
                0x0000000000006e44                system_tag_cb
                0x0000000000006ea4                system_upgrade_cb
                0x0000000000006eca                system_volume_cb
                0x000000000000755c                system_stage_cb
                0x0000000000007608                system_master_volume_cb
                0x000000000000771c                system_master_vol_link_cb
                0x00000000000077bc                system_save_gains_cb
                0x00000000000077d0                system_banks_cb
                0x00000000000077e0                system_display_cb
                0x000000000000789c                system_sl_in_cb
                0x00000000000079c8                system_sl_out_cb
                0x0000000000007ae4                system_tuner_cb
                0x0000000000007b98                system_cv_exp_cb
                0x0000000000007c44                system_cv_hp_cb
                0x0000000000007cf8                system_play_cb
                0x0000000000007dac                system_midi_src_cb
                0x0000000000007e8c                system_midi_send_cb
                0x0000000000007f38                system_ss_prog_change_cb
                0x0000000000007ff4                system_pb_prog_change_cb
                0x00000000000080b0                system_tempo_cb
                0x0000000000008174                system_bpb_cb
                0x0000000000008234                system_bypass_cb
                0x000000000000850c                system_quick_bypass_cb
                0x0000000000008768                system_load_pro_cb
                0x0000000000008810                system_save_pro_cb
 .text          0x00000000000088dc       0xdc ./app/src/node.o
                0x00000000000088dc                node_create
                0x00000000000088fc                node_child
                0x0000000000008922                node_cut
                0x0000000000008972                node_join
                0x0000000000008996                node_destroy
 .text          0x00000000000089b8        0x0 ./app/src/images.o
 .text          0x00000000000089b8     0x1f64 ./app/src/naveg.o
                0x0000000000009254                draw_all_pots
                0x0000000000009280                draw_all_foots
                0x00000000000092c8                naveg_init
                0x00000000000093d8                naveg_inc_control
                0x000000000000944c                naveg_dec_control
                0x00000000000094b4                naveg_set_control
                0x0000000000009538                naveg_get_control
                0x0000000000009564                naveg_pot_change
                0x0000000000009628                naveg_foot_change
                0x0000000000009734                naveg_is_tool_mode
                0x000000000000973e                naveg_set_master_volume
                0x00000000000097dc                naveg_is_master_vol
                0x00000000000097ec                naveg_enter
                0x00000000000098dc                naveg_master_volume
                0x0000000000009984                naveg_remove_control
                0x0000000000009bb0                naveg_add_control
                0x0000000000009dec                naveg_toggle_tool
                0x000000000000a414                naveg_ui_connection
                0x000000000000a488                naveg_up
                0x000000000000a550                naveg_down
                0x000000000000a618                naveg_reset_menu
                0x000000000000a63c                naveg_need_update
                0x000000000000a64c                naveg_update
                0x000000000000a66c                naveg_dialog
                0x000000000000a6dc                naveg_ui_status
                0x000000000000a6e8                naveg_tap_tempo_status
                0x000000000000a700                naveg_settings_refresh
                0x000000000000a71c                naveg_menu_refresh
                0x000000000000a750                naveg_bypass_refresh
                0x000000000000a858                naveg_update_gain
 .text          0x000000000000a91c      0x7fc ./app/src/main.o
                0x000000000000b048                main
                0x000000000000b074                serial_error
                0x000000000000b076                HardFault_Handler
                0x000000000000b086                MemManage_Handler
                0x000000000000b096                BusFault_Handler
                0x000000000000b0a6                UsageFault_Handler
                0x000000000000b0b6                vApplicationMallocFailedHook
                0x000000000000b0c6                vApplicationStackOverflowHook
 .text          0x000000000000b118     0x150c ./app/src/glcd_widget.o
                0x000000000000b16e                widget_textbox
                0x000000000000b384                widget_listbox
                0x000000000000b4d2                widget_listbox3
                0x000000000000b8d0                widget_bar_indicator
                0x000000000000b98c                widget_knob
                0x000000000000be1e                widget_peakmeter
                0x000000000000c0b4                widget_tuner
                0x000000000000c390                widget_popup
 .text          0x000000000000c624      0x4ac ./app/src/serial.o
                0x000000000000c7e8                serial_init
                0x000000000000c910                serial_send
                0x000000000000c99c                serial_read
                0x000000000000ca08                serial_read_until
                0x000000000000ca7c                serial_set_callback
                0x000000000000ca90                UART0_IRQHandler
                0x000000000000caa0                UART1_IRQHandler
                0x000000000000cab0                UART2_IRQHandler
                0x000000000000cac0                UART3_IRQHandler
 .text          0x000000000000cad0      0x22e ./app/src/data.o
                0x000000000000cad0                data_free_control
                0x000000000000cb2e                data_parse_control
 *fill*         0x000000000000ccfe        0x2 ff
 .text          0x000000000000cd00      0x940 ./app/src/utils.o
                0x000000000000cd00                copy_command
                0x000000000000cd3a                strarr_split
                0x000000000000ce14                strarr_length
                0x000000000000ce32                strarr_join
                0x000000000000ce5e                int_to_str
                0x000000000000cf2c                float_to_str
                0x000000000000d030                str_duplicate
                0x000000000000d052                delay_us
                0x000000000000d070                delay_ms
                0x000000000000d08e                convert_to_ms
                0x000000000000d12c                convert_from_ms
                0x000000000000d1c8                ringbuff_create
                0x000000000000d1f6                ringbuff_destroy
                0x000000000000d20e                ringbuff_write
                0x000000000000d282                ringbuff_read
                0x000000000000d2cc                ringbuffer_used_space
                0x000000000000d2de                ringbuff_available_space
                0x000000000000d2f2                ringbuff_is_full
                0x000000000000d30c                ringbuff_is_empty
                0x000000000000d31a                ringbuff_flush
                0x000000000000d324                ringbuff_count
                0x000000000000d352                ringbuff_read_until
                0x000000000000d3ec                ringbuff_peek
                0x000000000000d420                ringbuff_search
                0x000000000000d4cc                ringbuff_search2
                0x000000000000d520                select_item
                0x000000000000d592                deselect_item
                0x000000000000d5ba                str_to_hex
 .text          0x000000000000d640      0x378 /usr/bin/../lib/gcc/arm-none-eabi/7.3.1/thumb/v7-m/libgcc.a(_arm_addsubdf3.o)
                0x000000000000d640                __aeabi_drsub
                0x000000000000d648                __aeabi_dsub
                0x000000000000d648                __subdf3
                0x000000000000d64c                __adddf3
                0x000000000000d64c                __aeabi_dadd
                0x000000000000d8c4                __aeabi_ui2d
                0x000000000000d8c4                __floatunsidf
                0x000000000000d8e4                __floatsidf
                0x000000000000d8e4                __aeabi_i2d
                0x000000000000d908                __extendsfdf2
                0x000000000000d908                __aeabi_f2d
                0x000000000000d94c                __aeabi_ul2d
                0x000000000000d94c                __floatundidf
                0x000000000000d95c                __floatdidf
                0x000000000000d95c                __aeabi_l2d
 .text          0x000000000000d9b8      0x424 /usr/bin/../lib/gcc/arm-none-eabi/7.3.1/thumb/v7-m/libgcc.a(_arm_muldivdf3.o)
                0x000000000000d9b8                __aeabi_dmul
                0x000000000000d9b8                __muldf3
                0x000000000000dc0c                __aeabi_ddiv
                0x000000000000dc0c                __divdf3
 .text          0x000000000000dddc      0x110 /usr/bin/../lib/gcc/arm-none-eabi/7.3.1/thumb/v7-m/libgcc.a(_arm_cmpdf2.o)
                0x000000000000dddc                __gtdf2
                0x000000000000dddc                __gedf2
                0x000000000000dde4                __ltdf2
                0x000000000000dde4                __ledf2
                0x000000000000ddec                __cmpdf2
                0x000000000000ddec                __eqdf2
                0x000000000000ddec                __nedf2
                0x000000000000de68                __aeabi_cdrcmple
                0x000000000000de78                __aeabi_cdcmple
                0x000000000000de78                __aeabi_cdcmpeq
                0x000000000000de88                __aeabi_dcmpeq
                0x000000000000de9c                __aeabi_dcmplt
                0x000000000000deb0                __aeabi_dcmple
                0x000000000000dec4                __aeabi_dcmpge
                0x000000000000ded8                __aeabi_dcmpgt
 .text          0x000000000000deec       0x50 /usr/bin/../lib/gcc/arm-none-eabi/7.3.1/thumb/v7-m/libgcc.a(_arm_fixdfsi.o)
                0x000000000000deec                __fixdfsi
                0x000000000000deec                __aeabi_d2iz
 .text          0x000000000000df3c       0x40 /usr/bin/../lib/gcc/arm-none-eabi/7.3.1/thumb/v7-m/libgcc.a(_arm_fixunsdfsi.o)
                0x000000000000df3c                __fixunsdfsi
                0x000000000000df3c                __aeabi_d2uiz
 .text          0x000000000000df7c       0xa0 /usr/bin/../lib/gcc/arm-none-eabi/7.3.1/thumb/v7-m/libgcc.a(_arm_truncdfsf2.o)
                0x000000000000df7c                __aeabi_d2f
                0x000000000000df7c                __truncdfsf2
 .text          0x000000000000e01c      0x21c /usr/bin/../lib/gcc/arm-none-eabi/7.3.1/thumb/v7-m/libgcc.a(_arm_addsubsf3.o)
                0x000000000000e01c                __aeabi_frsub
                0x000000000000e024                __subsf3
                0x000000000000e024                __aeabi_fsub
                0x000000000000e028                __aeabi_fadd
                0x000000000000e028                __addsf3
                0x000000000000e188                __aeabi_ui2f
                0x000000000000e188                __floatunsisf
                0x000000000000e190                __aeabi_i2f
                0x000000000000e190                __floatsisf
                0x000000000000e1ac                __floatundisf
                0x000000000000e1ac                __aeabi_ul2f
                0x000000000000e1bc                __floatdisf
                0x000000000000e1bc                __aeabi_l2f
 .text          0x000000000000e238      0x2a0 /usr/bin/../lib/gcc/arm-none-eabi/7.3.1/thumb/v7-m/libgcc.a(_arm_muldivsf3.o)
                0x000000000000e238                __mulsf3
                0x000000000000e238                __aeabi_fmul
                0x000000000000e3a0                __divsf3
                0x000000000000e3a0                __aeabi_fdiv
 .text          0x000000000000e4d8       0xec /usr/bin/../lib/gcc/arm-none-eabi/7.3.1/thumb/v7-m/libgcc.a(_arm_cmpsf2.o)
                0x000000000000e4d8                __gtsf2
                0x000000000000e4d8                __gesf2
                0x000000000000e4e0                __lesf2
                0x000000000000e4e0                __ltsf2
                0x000000000000e4e8                __nesf2
                0x000000000000e4e8                __eqsf2
                0x000000000000e4e8                __cmpsf2
                0x000000000000e548                __aeabi_cfrcmple
                0x000000000000e550                __aeabi_cfcmple
                0x000000000000e550                __aeabi_cfcmpeq
                0x000000000000e560                __aeabi_fcmpeq
                0x000000000000e574                __aeabi_fcmplt
                0x000000000000e588                __aeabi_fcmple
                0x000000000000e59c                __aeabi_fcmpge
                0x000000000000e5b0                __aeabi_fcmpgt
 .text          0x000000000000e5c4       0x4c /usr/bin/../lib/gcc/arm-none-eabi/7.3.1/thumb/v7-m/libgcc.a(_arm_fixsfsi.o)
                0x000000000000e5c4                __fixsfsi
                0x000000000000e5c4                __aeabi_f2iz
 .text          0x000000000000e610       0x30 /usr/bin/../lib/gcc/arm-none-eabi/7.3.1/thumb/v7-m/libgcc.a(_aeabi_uldivmod.o)
                0x000000000000e610                __aeabi_uldivmod
 .text          0x000000000000e640      0x2d0 /usr/bin/../lib/gcc/arm-none-eabi/7.3.1/thumb/v7-m/libgcc.a(_udivmoddi4.o)
                0x000000000000e640                __udivmoddi4
 .text          0x000000000000e910        0x4 /usr/bin/../lib/gcc/arm-none-eabi/7.3.1/thumb/v7-m/libgcc.a(_dvmd_tls.o)
                0x000000000000e910                __aeabi_ldiv0
                0x000000000000e910                __aeabi_idiv0
 .text          0x000000000000e914        0x0 /usr/bin/../lib/gcc/arm-none-eabi/7.3.1/../../../../arm-none-eabi/lib/thumb/v7-m/libc.a(lib_a-atof.o)
 .text.atof     0x000000000000e914        0x8 /usr/bin/../lib/gcc/arm-none-eabi/7.3.1/../../../../arm-none-eabi/lib/thumb/v7-m/libc.a(lib_a-atof.o)
                0x000000000000e914                atof
 .text          0x000000000000e91c        0x0 /usr/bin/../lib/gcc/arm-none-eabi/7.3.1/../../../../arm-none-eabi/lib/thumb/v7-m/libc.a(lib_a-atoi.o)
 .text.atoi     0x000000000000e91c        0x8 /usr/bin/../lib/gcc/arm-none-eabi/7.3.1/../../../../arm-none-eabi/lib/thumb/v7-m/libc.a(lib_a-atoi.o)
                0x000000000000e91c                atoi
 .text._atoi_r  0x000000000000e924        0x8 /usr/bin/../lib/gcc/arm-none-eabi/7.3.1/../../../../arm-none-eabi/lib/thumb/v7-m/libc.a(lib_a-atoi.o)
                0x000000000000e924                _atoi_r
 .text          0x000000000000e92c        0x0 /usr/bin/../lib/gcc/arm-none-eabi/7.3.1/../../../../arm-none-eabi/lib/thumb/v7-m/libc.a(lib_a-malloc.o)
 .text.malloc   0x000000000000e92c       0x10 /usr/bin/../lib/gcc/arm-none-eabi/7.3.1/../../../../arm-none-eabi/lib/thumb/v7-m/libc.a(lib_a-malloc.o)
                0x000000000000e92c                malloc
 .text.free     0x000000000000e93c       0x10 /usr/bin/../lib/gcc/arm-none-eabi/7.3.1/../../../../arm-none-eabi/lib/thumb/v7-m/libc.a(lib_a-malloc.o)
                0x000000000000e93c                free
 .text          0x000000000000e94c        0x0 /usr/bin/../lib/gcc/arm-none-eabi/7.3.1/../../../../arm-none-eabi/lib/thumb/v7-m/libc.a(lib_a-mallocr.o)
 .text._malloc_r
                0x000000000000e94c      0x524 /usr/bin/../lib/gcc/arm-none-eabi/7.3.1/../../../../arm-none-eabi/lib/thumb/v7-m/libc.a(lib_a-mallocr.o)
                0x000000000000e94c                _malloc_r
 .text          0x000000000000ee70       0xec /usr/bin/../lib/gcc/arm-none-eabi/7.3.1/../../../../arm-none-eabi/lib/thumb/v7-m/libc.a(lib_a-memcpy.o)
                0x000000000000ee70                memcpy
 .text          0x000000000000ef5c        0x0 /usr/bin/../lib/gcc/arm-none-eabi/7.3.1/../../../../arm-none-eabi/lib/thumb/v7-m/libc.a(lib_a-mlock.o)
 .text.__malloc_lock
                0x000000000000ef5c        0xc /usr/bin/../lib/gcc/arm-none-eabi/7.3.1/../../../../arm-none-eabi/lib/thumb/v7-m/libc.a(lib_a-mlock.o)
                0x000000000000ef5c                __malloc_lock
 .text.__malloc_unlock
                0x000000000000ef68        0xc /usr/bin/../lib/gcc/arm-none-eabi/7.3.1/../../../../arm-none-eabi/lib/thumb/v7-m/libc.a(lib_a-mlock.o)
                0x000000000000ef68                __malloc_unlock
 .text          0x000000000000ef74        0x0 /usr/bin/../lib/gcc/arm-none-eabi/7.3.1/../../../../arm-none-eabi/lib/thumb/v7-m/libc.a(lib_a-s_modf.o)
 .text.modf     0x000000000000ef74       0xc4 /usr/bin/../lib/gcc/arm-none-eabi/7.3.1/../../../../arm-none-eabi/lib/thumb/v7-m/libc.a(lib_a-s_modf.o)
                0x000000000000ef74                modf
 .text          0x000000000000f038        0x0 /usr/bin/../lib/gcc/arm-none-eabi/7.3.1/../../../../arm-none-eabi/lib/thumb/v7-m/libc.a(lib_a-sbrkr.o)
 .text._sbrk_r  0x000000000000f038       0x24 /usr/bin/../lib/gcc/arm-none-eabi/7.3.1/../../../../arm-none-eabi/lib/thumb/v7-m/libc.a(lib_a-sbrkr.o)
                0x000000000000f038                _sbrk_r
 .text          0x000000000000f05c        0x0 /usr/bin/../lib/gcc/arm-none-eabi/7.3.1/../../../../arm-none-eabi/lib/thumb/v7-m/libc.a(lib_a-strcasecmp.o)
 .text.strcasecmp
                0x000000000000f05c       0x44 /usr/bin/../lib/gcc/arm-none-eabi/7.3.1/../../../../arm-none-eabi/lib/thumb/v7-m/libc.a(lib_a-strcasecmp.o)
                0x000000000000f05c                strcasecmp
 .text          0x000000000000f0a0        0x0 /usr/bin/../lib/gcc/arm-none-eabi/7.3.1/../../../../arm-none-eabi/lib/thumb/v7-m/libc.a(lib_a-strcat.o)
 .text.strcat   0x000000000000f0a0       0x40 /usr/bin/../lib/gcc/arm-none-eabi/7.3.1/../../../../arm-none-eabi/lib/thumb/v7-m/libc.a(lib_a-strcat.o)
                0x000000000000f0a0                strcat
 .text          0x000000000000f0e0        0x0 /usr/bin/../lib/gcc/arm-none-eabi/7.3.1/../../../../arm-none-eabi/lib/thumb/v7-m/libc.a(lib_a-strchr.o)
 .text.strchr   0x000000000000f0e0       0xe8 /usr/bin/../lib/gcc/arm-none-eabi/7.3.1/../../../../arm-none-eabi/lib/thumb/v7-m/libc.a(lib_a-strchr.o)
                0x000000000000f0e0                strchr
 .text          0x000000000000f1c8      0x1bc /usr/bin/../lib/gcc/arm-none-eabi/7.3.1/../../../../arm-none-eabi/lib/thumb/v7-m/libc.a(lib_a-strcmp.o)
                0x000000000000f1c8                strcmp
 .text          0x000000000000f384        0x0 /usr/bin/../lib/gcc/arm-none-eabi/7.3.1/../../../../arm-none-eabi/lib/thumb/v7-m/libc.a(lib_a-strcpy.o)
 .text.strcpy   0x000000000000f384       0xbc /usr/bin/../lib/gcc/arm-none-eabi/7.3.1/../../../../arm-none-eabi/lib/thumb/v7-m/libc.a(lib_a-strcpy.o)
                0x000000000000f384                strcpy
 .text          0x000000000000f440        0x0 /usr/bin/../lib/gcc/arm-none-eabi/7.3.1/../../../../arm-none-eabi/lib/thumb/v7-m/libc.a(lib_a-strlen-stub.o)
 .text.strlen   0x000000000000f440       0x5c /usr/bin/../lib/gcc/arm-none-eabi/7.3.1/../../../../arm-none-eabi/lib/thumb/v7-m/libc.a(lib_a-strlen-stub.o)
                0x000000000000f440                strlen
 .text          0x000000000000f49c        0x0 /usr/bin/../lib/gcc/arm-none-eabi/7.3.1/../../../../arm-none-eabi/lib/thumb/v7-m/libc.a(lib_a-strncmp.o)
 .text.strncmp  0x000000000000f49c       0x94 /usr/bin/../lib/gcc/arm-none-eabi/7.3.1/../../../../arm-none-eabi/lib/thumb/v7-m/libc.a(lib_a-strncmp.o)
                0x000000000000f49c                strncmp
 .text          0x000000000000f530        0x0 /usr/bin/../lib/gcc/arm-none-eabi/7.3.1/../../../../arm-none-eabi/lib/thumb/v7-m/libc.a(lib_a-strncpy.o)
 .text.strncpy  0x000000000000f530       0x64 /usr/bin/../lib/gcc/arm-none-eabi/7.3.1/../../../../arm-none-eabi/lib/thumb/v7-m/libc.a(lib_a-strncpy.o)
                0x000000000000f530                strncpy
 .text          0x000000000000f594        0x0 /usr/bin/../lib/gcc/arm-none-eabi/7.3.1/../../../../arm-none-eabi/lib/thumb/v7-m/libc.a(lib_a-strtod.o)
 .text.unlikely.sulp
                0x000000000000f594       0x42 /usr/bin/../lib/gcc/arm-none-eabi/7.3.1/../../../../arm-none-eabi/lib/thumb/v7-m/libc.a(lib_a-strtod.o)
 *fill*         0x000000000000f5d6        0x2 ff
 .text._strtod_l
                0x000000000000f5d8      0xf24 /usr/bin/../lib/gcc/arm-none-eabi/7.3.1/../../../../arm-none-eabi/lib/thumb/v7-m/libc.a(lib_a-strtod.o)
                0x000000000000f5d8                _strtod_l
 .text._strtod_r
                0x00000000000104fc       0x20 /usr/bin/../lib/gcc/arm-none-eabi/7.3.1/../../../../arm-none-eabi/lib/thumb/v7-m/libc.a(lib_a-strtod.o)
                0x00000000000104fc                _strtod_r
 .text.strtod_l
                0x000000000001051c       0x18 /usr/bin/../lib/gcc/arm-none-eabi/7.3.1/../../../../arm-none-eabi/lib/thumb/v7-m/libc.a(lib_a-strtod.o)
                0x000000000001051c                strtod_l
 .text.strtod   0x0000000000010534       0x24 /usr/bin/../lib/gcc/arm-none-eabi/7.3.1/../../../../arm-none-eabi/lib/thumb/v7-m/libc.a(lib_a-strtod.o)
                0x0000000000010534                strtod
 .text.strtof_l
                0x0000000000010558       0x8c /usr/bin/../lib/gcc/arm-none-eabi/7.3.1/../../../../arm-none-eabi/lib/thumb/v7-m/libc.a(lib_a-strtod.o)
                0x0000000000010558                strtof_l
 .text.strtof   0x00000000000105e4       0x9c /usr/bin/../lib/gcc/arm-none-eabi/7.3.1/../../../../arm-none-eabi/lib/thumb/v7-m/libc.a(lib_a-strtod.o)
                0x00000000000105e4                strtof
 .text          0x0000000000010680        0x0 /usr/bin/../lib/gcc/arm-none-eabi/7.3.1/../../../../arm-none-eabi/lib/thumb/v7-m/libc.a(lib_a-strtol.o)
 .text._strtol_l.isra.0
                0x0000000000010680      0x124 /usr/bin/../lib/gcc/arm-none-eabi/7.3.1/../../../../arm-none-eabi/lib/thumb/v7-m/libc.a(lib_a-strtol.o)
 .text._strtol_r
                0x00000000000107a4       0x24 /usr/bin/../lib/gcc/arm-none-eabi/7.3.1/../../../../arm-none-eabi/lib/thumb/v7-m/libc.a(lib_a-strtol.o)
                0x00000000000107a4                _strtol_r
 .text.strtol_l
                0x00000000000107c8       0x20 /usr/bin/../lib/gcc/arm-none-eabi/7.3.1/../../../../arm-none-eabi/lib/thumb/v7-m/libc.a(lib_a-strtol.o)
                0x00000000000107c8                strtol_l
 .text.strtol   0x00000000000107e8       0x2c /usr/bin/../lib/gcc/arm-none-eabi/7.3.1/../../../../arm-none-eabi/lib/thumb/v7-m/libc.a(lib_a-strtol.o)
                0x00000000000107e8                strtol
 .text          0x0000000000010814        0x0 /usr/bin/../lib/gcc/arm-none-eabi/7.3.1/../../../../arm-none-eabi/lib/thumb/v7-m/libc.a(lib_a-freer.o)
 .text._malloc_trim_r
                0x0000000000010814       0xa0 /usr/bin/../lib/gcc/arm-none-eabi/7.3.1/../../../../arm-none-eabi/lib/thumb/v7-m/libc.a(lib_a-freer.o)
                0x0000000000010814                _malloc_trim_r
 .text._free_r  0x00000000000108b4      0x1e8 /usr/bin/../lib/gcc/arm-none-eabi/7.3.1/../../../../arm-none-eabi/lib/thumb/v7-m/libc.a(lib_a-freer.o)
                0x00000000000108b4                _free_r
 .text          0x0000000000010a9c        0x0 /usr/bin/../lib/gcc/arm-none-eabi/7.3.1/../../../../arm-none-eabi/lib/thumb/v7-m/libc.a(lib_a-gdtoa-gethex.o)
 .text.rshift   0x0000000000010a9c       0xb0 /usr/bin/../lib/gcc/arm-none-eabi/7.3.1/../../../../arm-none-eabi/lib/thumb/v7-m/libc.a(lib_a-gdtoa-gethex.o)
 .text.__gethex
                0x0000000000010b4c      0x520 /usr/bin/../lib/gcc/arm-none-eabi/7.3.1/../../../../arm-none-eabi/lib/thumb/v7-m/libc.a(lib_a-gdtoa-gethex.o)
                0x0000000000010b4c                __gethex
 .text          0x000000000001106c        0x0 /usr/bin/../lib/gcc/arm-none-eabi/7.3.1/../../../../arm-none-eabi/lib/thumb/v7-m/libc.a(lib_a-gdtoa-hexnan.o)
 .text.__match  0x000000000001106c       0x30 /usr/bin/../lib/gcc/arm-none-eabi/7.3.1/../../../../arm-none-eabi/lib/thumb/v7-m/libc.a(lib_a-gdtoa-hexnan.o)
                0x000000000001106c                __match
 .text.__hexnan
                0x000000000001109c      0x1a0 /usr/bin/../lib/gcc/arm-none-eabi/7.3.1/../../../../arm-none-eabi/lib/thumb/v7-m/libc.a(lib_a-gdtoa-hexnan.o)
                0x000000000001109c                __hexnan
 .text          0x000000000001123c        0x0 /usr/bin/../lib/gcc/arm-none-eabi/7.3.1/../../../../arm-none-eabi/lib/thumb/v7-m/libc.a(lib_a-impure.o)
 .text          0x000000000001123c        0x0 /usr/bin/../lib/gcc/arm-none-eabi/7.3.1/../../../../arm-none-eabi/lib/thumb/v7-m/libc.a(lib_a-locale.o)
 .text._setlocale_r
                0x000000000001123c       0x40 /usr/bin/../lib/gcc/arm-none-eabi/7.3.1/../../../../arm-none-eabi/lib/thumb/v7-m/libc.a(lib_a-locale.o)
                0x000000000001123c                _setlocale_r
 .text.__locale_mb_cur_max
                0x000000000001127c       0x1c /usr/bin/../lib/gcc/arm-none-eabi/7.3.1/../../../../arm-none-eabi/lib/thumb/v7-m/libc.a(lib_a-locale.o)
                0x000000000001127c                __locale_mb_cur_max
 .text.__locale_ctype_ptr_l
                0x0000000000011298        0x8 /usr/bin/../lib/gcc/arm-none-eabi/7.3.1/../../../../arm-none-eabi/lib/thumb/v7-m/libc.a(lib_a-locale.o)
                0x0000000000011298                __locale_ctype_ptr_l
 .text.__locale_ctype_ptr
                0x00000000000112a0       0x1c /usr/bin/../lib/gcc/arm-none-eabi/7.3.1/../../../../arm-none-eabi/lib/thumb/v7-m/libc.a(lib_a-locale.o)
                0x00000000000112a0                __locale_ctype_ptr
 .text.setlocale
                0x00000000000112bc       0x10 /usr/bin/../lib/gcc/arm-none-eabi/7.3.1/../../../../arm-none-eabi/lib/thumb/v7-m/libc.a(lib_a-locale.o)
                0x00000000000112bc                setlocale
 .text          0x00000000000112cc        0x0 /usr/bin/../lib/gcc/arm-none-eabi/7.3.1/../../../../arm-none-eabi/lib/thumb/v7-m/libc.a(lib_a-localeconv.o)
 .text.__localeconv_l
                0x00000000000112cc        0x4 /usr/bin/../lib/gcc/arm-none-eabi/7.3.1/../../../../arm-none-eabi/lib/thumb/v7-m/libc.a(lib_a-localeconv.o)
                0x00000000000112cc                __localeconv_l
 .text._localeconv_r
                0x00000000000112d0       0x1c /usr/bin/../lib/gcc/arm-none-eabi/7.3.1/../../../../arm-none-eabi/lib/thumb/v7-m/libc.a(lib_a-localeconv.o)
                0x00000000000112d0                _localeconv_r
 .text.localeconv
                0x00000000000112ec       0x1c /usr/bin/../lib/gcc/arm-none-eabi/7.3.1/../../../../arm-none-eabi/lib/thumb/v7-m/libc.a(lib_a-localeconv.o)
                0x00000000000112ec                localeconv
 .text          0x0000000000011308        0x0 /usr/bin/../lib/gcc/arm-none-eabi/7.3.1/../../../../arm-none-eabi/lib/thumb/v7-m/libc.a(lib_a-lock.o)
 .text.__retarget_lock_init
                0x0000000000011308        0x4 /usr/bin/../lib/gcc/arm-none-eabi/7.3.1/../../../../arm-none-eabi/lib/thumb/v7-m/libc.a(lib_a-lock.o)
                0x0000000000011308                __retarget_lock_init
 .text.__retarget_lock_init_recursive
                0x000000000001130c        0x4 /usr/bin/../lib/gcc/arm-none-eabi/7.3.1/../../../../arm-none-eabi/lib/thumb/v7-m/libc.a(lib_a-lock.o)
                0x000000000001130c                __retarget_lock_init_recursive
 .text.__retarget_lock_close
                0x0000000000011310        0x4 /usr/bin/../lib/gcc/arm-none-eabi/7.3.1/../../../../arm-none-eabi/lib/thumb/v7-m/libc.a(lib_a-lock.o)
                0x0000000000011310                __retarget_lock_close
 .text.__retarget_lock_close_recursive
                0x0000000000011314        0x4 /usr/bin/../lib/gcc/arm-none-eabi/7.3.1/../../../../arm-none-eabi/lib/thumb/v7-m/libc.a(lib_a-lock.o)
                0x0000000000011314                __retarget_lock_close_recursive
 .text.__retarget_lock_acquire
                0x0000000000011318        0x4 /usr/bin/../lib/gcc/arm-none-eabi/7.3.1/../../../../arm-none-eabi/lib/thumb/v7-m/libc.a(lib_a-lock.o)
                0x0000000000011318                __retarget_lock_acquire
 .text.__retarget_lock_acquire_recursive
                0x000000000001131c        0x4 /usr/bin/../lib/gcc/arm-none-eabi/7.3.1/../../../../arm-none-eabi/lib/thumb/v7-m/libc.a(lib_a-lock.o)
                0x000000000001131c                __retarget_lock_acquire_recursive
 .text.__retarget_lock_try_acquire
                0x0000000000011320        0x4 /usr/bin/../lib/gcc/arm-none-eabi/7.3.1/../../../../arm-none-eabi/lib/thumb/v7-m/libc.a(lib_a-lock.o)
                0x0000000000011320                __retarget_lock_try_acquire
 .text.__retarget_lock_try_acquire_recursive
                0x0000000000011324        0x4 /usr/bin/../lib/gcc/arm-none-eabi/7.3.1/../../../../arm-none-eabi/lib/thumb/v7-m/libc.a(lib_a-lock.o)
                0x0000000000011324                __retarget_lock_try_acquire_recursive
 .text.__retarget_lock_release
                0x0000000000011328        0x4 /usr/bin/../lib/gcc/arm-none-eabi/7.3.1/../../../../arm-none-eabi/lib/thumb/v7-m/libc.a(lib_a-lock.o)
                0x0000000000011328                __retarget_lock_release
 .text.__retarget_lock_release_recursive
                0x000000000001132c        0x4 /usr/bin/../lib/gcc/arm-none-eabi/7.3.1/../../../../arm-none-eabi/lib/thumb/v7-m/libc.a(lib_a-lock.o)
                0x000000000001132c                __retarget_lock_release_recursive
 .text          0x0000000000011330        0x0 /usr/bin/../lib/gcc/arm-none-eabi/7.3.1/../../../../arm-none-eabi/lib/thumb/v7-m/libc.a(lib_a-mbtowc_r.o)
 .text._mbtowc_r
                0x0000000000011330       0x24 /usr/bin/../lib/gcc/arm-none-eabi/7.3.1/../../../../arm-none-eabi/lib/thumb/v7-m/libc.a(lib_a-mbtowc_r.o)
                0x0000000000011330                _mbtowc_r
 .text.__ascii_mbtowc
                0x0000000000011354       0x2c /usr/bin/../lib/gcc/arm-none-eabi/7.3.1/../../../../arm-none-eabi/lib/thumb/v7-m/libc.a(lib_a-mbtowc_r.o)
                0x0000000000011354                __ascii_mbtowc
 .text          0x0000000000011380        0x0 /usr/bin/../lib/gcc/arm-none-eabi/7.3.1/../../../../arm-none-eabi/lib/thumb/v7-m/libc.a(lib_a-mprec.o)
 .text._Balloc  0x0000000000011380       0x4c /usr/bin/../lib/gcc/arm-none-eabi/7.3.1/../../../../arm-none-eabi/lib/thumb/v7-m/libc.a(lib_a-mprec.o)
                0x0000000000011380                _Balloc
 .text._Bfree   0x00000000000113cc       0x14 /usr/bin/../lib/gcc/arm-none-eabi/7.3.1/../../../../arm-none-eabi/lib/thumb/v7-m/libc.a(lib_a-mprec.o)
                0x00000000000113cc                _Bfree
 .text.__multadd
                0x00000000000113e0       0x84 /usr/bin/../lib/gcc/arm-none-eabi/7.3.1/../../../../arm-none-eabi/lib/thumb/v7-m/libc.a(lib_a-mprec.o)
                0x00000000000113e0                __multadd
 .text.__s2b    0x0000000000011464       0x98 /usr/bin/../lib/gcc/arm-none-eabi/7.3.1/../../../../arm-none-eabi/lib/thumb/v7-m/libc.a(lib_a-mprec.o)
                0x0000000000011464                __s2b
 .text.__hi0bits
                0x00000000000114fc       0x40 /usr/bin/../lib/gcc/arm-none-eabi/7.3.1/../../../../arm-none-eabi/lib/thumb/v7-m/libc.a(lib_a-mprec.o)
                0x00000000000114fc                __hi0bits
 .text.__lo0bits
                0x000000000001153c       0x60 /usr/bin/../lib/gcc/arm-none-eabi/7.3.1/../../../../arm-none-eabi/lib/thumb/v7-m/libc.a(lib_a-mprec.o)
                0x000000000001153c                __lo0bits
 .text.__i2b    0x000000000001159c       0x14 /usr/bin/../lib/gcc/arm-none-eabi/7.3.1/../../../../arm-none-eabi/lib/thumb/v7-m/libc.a(lib_a-mprec.o)
                0x000000000001159c                __i2b
 .text.__multiply
                0x00000000000115b0      0x14c /usr/bin/../lib/gcc/arm-none-eabi/7.3.1/../../../../arm-none-eabi/lib/thumb/v7-m/libc.a(lib_a-mprec.o)
                0x00000000000115b0                __multiply
 .text.__pow5mult
                0x00000000000116fc       0xa0 /usr/bin/../lib/gcc/arm-none-eabi/7.3.1/../../../../arm-none-eabi/lib/thumb/v7-m/libc.a(lib_a-mprec.o)
                0x00000000000116fc                __pow5mult
 .text.__lshift
                0x000000000001179c       0xb4 /usr/bin/../lib/gcc/arm-none-eabi/7.3.1/../../../../arm-none-eabi/lib/thumb/v7-m/libc.a(lib_a-mprec.o)
                0x000000000001179c                __lshift
 .text.__mcmp   0x0000000000011850       0x38 /usr/bin/../lib/gcc/arm-none-eabi/7.3.1/../../../../arm-none-eabi/lib/thumb/v7-m/libc.a(lib_a-mprec.o)
                0x0000000000011850                __mcmp
 .text.__mdiff  0x0000000000011888      0x100 /usr/bin/../lib/gcc/arm-none-eabi/7.3.1/../../../../arm-none-eabi/lib/thumb/v7-m/libc.a(lib_a-mprec.o)
                0x0000000000011888                __mdiff
 .text.__ulp    0x0000000000011988       0x44 /usr/bin/../lib/gcc/arm-none-eabi/7.3.1/../../../../arm-none-eabi/lib/thumb/v7-m/libc.a(lib_a-mprec.o)
                0x0000000000011988                __ulp
 .text.__b2d    0x00000000000119cc       0xc0 /usr/bin/../lib/gcc/arm-none-eabi/7.3.1/../../../../arm-none-eabi/lib/thumb/v7-m/libc.a(lib_a-mprec.o)
                0x00000000000119cc                __b2d
 .text.__d2b    0x0000000000011a8c       0xb0 /usr/bin/../lib/gcc/arm-none-eabi/7.3.1/../../../../arm-none-eabi/lib/thumb/v7-m/libc.a(lib_a-mprec.o)
                0x0000000000011a8c                __d2b
 .text.__ratio  0x0000000000011b3c       0x58 /usr/bin/../lib/gcc/arm-none-eabi/7.3.1/../../../../arm-none-eabi/lib/thumb/v7-m/libc.a(lib_a-mprec.o)
                0x0000000000011b3c                __ratio
 .text._mprec_log10
                0x0000000000011b94       0x38 /usr/bin/../lib/gcc/arm-none-eabi/7.3.1/../../../../arm-none-eabi/lib/thumb/v7-m/libc.a(lib_a-mprec.o)
                0x0000000000011b94                _mprec_log10
 .text.__copybits
                0x0000000000011bcc       0x48 /usr/bin/../lib/gcc/arm-none-eabi/7.3.1/../../../../arm-none-eabi/lib/thumb/v7-m/libc.a(lib_a-mprec.o)
                0x0000000000011bcc                __copybits
 .text.__any_on
                0x0000000000011c14       0x54 /usr/bin/../lib/gcc/arm-none-eabi/7.3.1/../../../../arm-none-eabi/lib/thumb/v7-m/libc.a(lib_a-mprec.o)
                0x0000000000011c14                __any_on
 .text          0x0000000000011c68        0x0 /usr/bin/../lib/gcc/arm-none-eabi/7.3.1/../../../../arm-none-eabi/lib/thumb/v7-m/libc.a(lib_a-reent.o)
 .text.cleanup_glue
                0x0000000000011c68       0x28 /usr/bin/../lib/gcc/arm-none-eabi/7.3.1/../../../../arm-none-eabi/lib/thumb/v7-m/libc.a(lib_a-reent.o)
                0x0000000000011c68                cleanup_glue
 .text._reclaim_reent
                0x0000000000011c90       0x88 /usr/bin/../lib/gcc/arm-none-eabi/7.3.1/../../../../arm-none-eabi/lib/thumb/v7-m/libc.a(lib_a-reent.o)
                0x0000000000011c90                _reclaim_reent
 .text          0x0000000000011d18        0x0 /usr/bin/../lib/gcc/arm-none-eabi/7.3.1/../../../../arm-none-eabi/lib/thumb/v7-m/libc.a(lib_a-sf_nan.o)
 .text.nanf     0x0000000000011d18        0x8 /usr/bin/../lib/gcc/arm-none-eabi/7.3.1/../../../../arm-none-eabi/lib/thumb/v7-m/libc.a(lib_a-sf_nan.o)
                0x0000000000011d18                nanf
 .text          0x0000000000011d20        0x0 /usr/bin/../lib/gcc/arm-none-eabi/7.3.1/../../../../arm-none-eabi/lib/thumb/v7-m/libc.a(lib_a-wctomb_r.o)
 .text._wctomb_r
                0x0000000000011d20       0x24 /usr/bin/../lib/gcc/arm-none-eabi/7.3.1/../../../../arm-none-eabi/lib/thumb/v7-m/libc.a(lib_a-wctomb_r.o)
                0x0000000000011d20                _wctomb_r
 .text.__ascii_wctomb
                0x0000000000011d44       0x18 /usr/bin/../lib/gcc/arm-none-eabi/7.3.1/../../../../arm-none-eabi/lib/thumb/v7-m/libc.a(lib_a-wctomb_r.o)
                0x0000000000011d44                __ascii_wctomb
 .text          0x0000000000011d5c        0x0 /usr/bin/../lib/gcc/arm-none-eabi/7.3.1/../../../../arm-none-eabi/lib/thumb/v7-m/libc.a(lib_a-callocr.o)
 .text._calloc_r
                0x0000000000011d5c       0x6c /usr/bin/../lib/gcc/arm-none-eabi/7.3.1/../../../../arm-none-eabi/lib/thumb/v7-m/libc.a(lib_a-callocr.o)
                0x0000000000011d5c                _calloc_r
 .text          0x0000000000011dc8        0x0 /usr/bin/../lib/gcc/arm-none-eabi/7.3.1/../../../../arm-none-eabi/lib/thumb/v7-m/libc.a(lib_a-ctype_.o)
 .text          0x0000000000011dc8        0x0 /usr/bin/../lib/gcc/arm-none-eabi/7.3.1/../../../../arm-none-eabi/lib/thumb/v7-m/libc.a(lib_a-memset.o)
 .text.memset   0x0000000000011dc8       0x94 /usr/bin/../lib/gcc/arm-none-eabi/7.3.1/../../../../arm-none-eabi/lib/thumb/v7-m/libc.a(lib_a-memset.o)
                0x0000000000011dc8                memset
 .text          0x0000000000011e5c        0x0 /usr/bin/../lib/gcc/arm-none-eabi/7.3.1/../../../../arm-none-eabi/lib/thumb/v7-m/libm.a(lib_a-s_ceil.o)
 *fill*         0x0000000000011e5c        0x4 ff
 .text.ceil     0x0000000000011e60      0x110 /usr/bin/../lib/gcc/arm-none-eabi/7.3.1/../../../../arm-none-eabi/lib/thumb/v7-m/libm.a(lib_a-s_ceil.o)
                0x0000000000011e60                ceil
 .text          0x0000000000011f70        0x0 /usr/bin/../lib/gcc/arm-none-eabi/7.3.1/../../../../arm-none-eabi/lib/thumb/v7-m/libm.a(lib_a-s_floor.o)
 .text.floor    0x0000000000011f70      0x108 /usr/bin/../lib/gcc/arm-none-eabi/7.3.1/../../../../arm-none-eabi/lib/thumb/v7-m/libm.a(lib_a-s_floor.o)
                0x0000000000011f70                floor
 .text          0x0000000000012078        0x0 /usr/bin/../lib/gcc/arm-none-eabi/7.3.1/../../../../arm-none-eabi/lib/thumb/v7-m/libm.a(lib_a-w_log.o)
 .text.log      0x0000000000012078       0xfc /usr/bin/../lib/gcc/arm-none-eabi/7.3.1/../../../../arm-none-eabi/lib/thumb/v7-m/libm.a(lib_a-w_log.o)
                0x0000000000012078                log
 .text          0x0000000000012174        0x0 /usr/bin/../lib/gcc/arm-none-eabi/7.3.1/../../../../arm-none-eabi/lib/thumb/v7-m/libm.a(lib_a-w_pow.o)
 .text.pow      0x0000000000012174      0x334 /usr/bin/../lib/gcc/arm-none-eabi/7.3.1/../../../../arm-none-eabi/lib/thumb/v7-m/libm.a(lib_a-w_pow.o)
                0x0000000000012174                pow
 .text          0x00000000000124a8        0x0 /usr/bin/../lib/gcc/arm-none-eabi/7.3.1/../../../../arm-none-eabi/lib/thumb/v7-m/libm.a(lib_a-e_log.o)
 .text.__ieee754_log
                0x00000000000124a8      0x394 /usr/bin/../lib/gcc/arm-none-eabi/7.3.1/../../../../arm-none-eabi/lib/thumb/v7-m/libm.a(lib_a-e_log.o)
                0x00000000000124a8                __ieee754_log
 .text          0x000000000001283c        0x0 /usr/bin/../lib/gcc/arm-none-eabi/7.3.1/../../../../arm-none-eabi/lib/thumb/v7-m/libm.a(lib_a-e_pow.o)
 *fill*         0x000000000001283c        0x4 ff
 .text.__ieee754_pow
                0x0000000000012840      0xae4 /usr/bin/../lib/gcc/arm-none-eabi/7.3.1/../../../../arm-none-eabi/lib/thumb/v7-m/libm.a(lib_a-e_pow.o)
                0x0000000000012840                __ieee754_pow
 .text          0x0000000000013324        0x0 /usr/bin/../lib/gcc/arm-none-eabi/7.3.1/../../../../arm-none-eabi/lib/thumb/v7-m/libm.a(lib_a-e_sqrt.o)
 .text.__ieee754_sqrt
                0x0000000000013324      0x184 /usr/bin/../lib/gcc/arm-none-eabi/7.3.1/../../../../arm-none-eabi/lib/thumb/v7-m/libm.a(lib_a-e_sqrt.o)
                0x0000000000013324                __ieee754_sqrt
 .text          0x00000000000134a8        0x0 /usr/bin/../lib/gcc/arm-none-eabi/7.3.1/../../../../arm-none-eabi/lib/thumb/v7-m/libm.a(lib_a-s_fabs.o)
 .text.fabs     0x00000000000134a8        0x8 /usr/bin/../lib/gcc/arm-none-eabi/7.3.1/../../../../arm-none-eabi/lib/thumb/v7-m/libm.a(lib_a-s_fabs.o)
                0x00000000000134a8                fabs
 .text          0x00000000000134b0        0x0 /usr/bin/../lib/gcc/arm-none-eabi/7.3.1/../../../../arm-none-eabi/lib/thumb/v7-m/libm.a(lib_a-s_finite.o)
 .text.finite   0x00000000000134b0        0xc /usr/bin/../lib/gcc/arm-none-eabi/7.3.1/../../../../arm-none-eabi/lib/thumb/v7-m/libm.a(lib_a-s_finite.o)
                0x00000000000134b0                finite
 .text          0x00000000000134bc        0x0 /usr/bin/../lib/gcc/arm-none-eabi/7.3.1/../../../../arm-none-eabi/lib/thumb/v7-m/libm.a(lib_a-s_lib_ver.o)
 .text          0x00000000000134bc        0x0 /usr/bin/../lib/gcc/arm-none-eabi/7.3.1/../../../../arm-none-eabi/lib/thumb/v7-m/libm.a(lib_a-s_matherr.o)
 .text.matherr  0x00000000000134bc        0x4 /usr/bin/../lib/gcc/arm-none-eabi/7.3.1/../../../../arm-none-eabi/lib/thumb/v7-m/libm.a(lib_a-s_matherr.o)
                0x00000000000134bc                matherr
 .text          0x00000000000134c0        0x0 /usr/bin/../lib/gcc/arm-none-eabi/7.3.1/../../../../arm-none-eabi/lib/thumb/v7-m/libm.a(lib_a-s_nan.o)
 .text.nan      0x00000000000134c0        0xc /usr/bin/../lib/gcc/arm-none-eabi/7.3.1/../../../../arm-none-eabi/lib/thumb/v7-m/libm.a(lib_a-s_nan.o)
                0x00000000000134c0                nan
 .text          0x00000000000134cc        0x0 /usr/bin/../lib/gcc/arm-none-eabi/7.3.1/../../../../arm-none-eabi/lib/thumb/v7-m/libm.a(lib_a-s_rint.o)
 .text.rint     0x00000000000134cc      0x118 /usr/bin/../lib/gcc/arm-none-eabi/7.3.1/../../../../arm-none-eabi/lib/thumb/v7-m/libm.a(lib_a-s_rint.o)
                0x00000000000134cc                rint
 .text          0x00000000000135e4        0x0 /usr/bin/../lib/gcc/arm-none-eabi/7.3.1/../../../../arm-none-eabi/lib/thumb/v7-m/libm.a(lib_a-s_scalbn.o)
 *fill*         0x00000000000135e4        0x4 ff
 .text.scalbn   0x00000000000135e8       0xe4 /usr/bin/../lib/gcc/arm-none-eabi/7.3.1/../../../../arm-none-eabi/lib/thumb/v7-m/libm.a(lib_a-s_scalbn.o)
                0x00000000000135e8                scalbn
 .text          0x00000000000136cc        0x0 /usr/bin/../lib/gcc/arm-none-eabi/7.3.1/../../../../arm-none-eabi/lib/thumb/v7-m/libm.a(lib_a-s_copysign.o)
 .text.copysign
                0x00000000000136cc       0x10 /usr/bin/../lib/gcc/arm-none-eabi/7.3.1/../../../../arm-none-eabi/lib/thumb/v7-m/libm.a(lib_a-s_copysign.o)
                0x00000000000136cc                copysign
 .text          0x00000000000136dc        0x0 /usr/bin/../lib/gcc/arm-none-eabi/7.3.1/../../../../arm-none-eabi/lib/thumb/v7-m/librdimon.a(rdimon-syscalls.o)
 .text.findslot
                0x00000000000136dc       0x34 /usr/bin/../lib/gcc/arm-none-eabi/7.3.1/../../../../arm-none-eabi/lib/thumb/v7-m/librdimon.a(rdimon-syscalls.o)
 .text.checkerror.part.0
                0x0000000000013710       0x1c /usr/bin/../lib/gcc/arm-none-eabi/7.3.1/../../../../arm-none-eabi/lib/thumb/v7-m/librdimon.a(rdimon-syscalls.o)
 .text._swiread
                0x000000000001372c       0x28 /usr/bin/../lib/gcc/arm-none-eabi/7.3.1/../../../../arm-none-eabi/lib/thumb/v7-m/librdimon.a(rdimon-syscalls.o)
                0x000000000001372c                _swiread
 .text._read    0x0000000000013754       0x58 /usr/bin/../lib/gcc/arm-none-eabi/7.3.1/../../../../arm-none-eabi/lib/thumb/v7-m/librdimon.a(rdimon-syscalls.o)
                0x0000000000013754                _read
 .text._swilseek
                0x00000000000137ac       0xa4 /usr/bin/../lib/gcc/arm-none-eabi/7.3.1/../../../../arm-none-eabi/lib/thumb/v7-m/librdimon.a(rdimon-syscalls.o)
                0x00000000000137ac                _swilseek
 .text._lseek   0x0000000000013850        0x4 /usr/bin/../lib/gcc/arm-none-eabi/7.3.1/../../../../arm-none-eabi/lib/thumb/v7-m/librdimon.a(rdimon-syscalls.o)
                0x0000000000013850                _lseek
 .text._swiwrite
                0x0000000000013854       0x28 /usr/bin/../lib/gcc/arm-none-eabi/7.3.1/../../../../arm-none-eabi/lib/thumb/v7-m/librdimon.a(rdimon-syscalls.o)
                0x0000000000013854                _swiwrite
 .text._write   0x000000000001387c       0x78 /usr/bin/../lib/gcc/arm-none-eabi/7.3.1/../../../../arm-none-eabi/lib/thumb/v7-m/librdimon.a(rdimon-syscalls.o)
                0x000000000001387c                _write
 .text._swiclose
                0x00000000000138f4       0x28 /usr/bin/../lib/gcc/arm-none-eabi/7.3.1/../../../../arm-none-eabi/lib/thumb/v7-m/librdimon.a(rdimon-syscalls.o)
                0x00000000000138f4                _swiclose
 .text._close   0x000000000001391c       0x70 /usr/bin/../lib/gcc/arm-none-eabi/7.3.1/../../../../arm-none-eabi/lib/thumb/v7-m/librdimon.a(rdimon-syscalls.o)
                0x000000000001391c                _close
 .text._getpid  0x000000000001398c        0x4 /usr/bin/../lib/gcc/arm-none-eabi/7.3.1/../../../../arm-none-eabi/lib/thumb/v7-m/librdimon.a(rdimon-syscalls.o)
                0x000000000001398c                _getpid
 .text._sbrk    0x0000000000013990       0x4c /usr/bin/../lib/gcc/arm-none-eabi/7.3.1/../../../../arm-none-eabi/lib/thumb/v7-m/librdimon.a(rdimon-syscalls.o)
                0x0000000000013990                _sbrk
 .text._swistat
                0x00000000000139dc       0x4c /usr/bin/../lib/gcc/arm-none-eabi/7.3.1/../../../../arm-none-eabi/lib/thumb/v7-m/librdimon.a(rdimon-syscalls.o)
                0x00000000000139dc                _swistat
 .text._fstat   0x0000000000013a28       0x1c /usr/bin/../lib/gcc/arm-none-eabi/7.3.1/../../../../arm-none-eabi/lib/thumb/v7-m/librdimon.a(rdimon-syscalls.o)
                0x0000000000013a28                _fstat
 .text._stat    0x0000000000013a44       0x3c /usr/bin/../lib/gcc/arm-none-eabi/7.3.1/../../../../arm-none-eabi/lib/thumb/v7-m/librdimon.a(rdimon-syscalls.o)
                0x0000000000013a44                _stat
 .text._swiopen
                0x0000000000013a80       0xd4 /usr/bin/../lib/gcc/arm-none-eabi/7.3.1/../../../../arm-none-eabi/lib/thumb/v7-m/librdimon.a(rdimon-syscalls.o)
                0x0000000000013a80                _swiopen
 .text._open    0x0000000000013b54       0x14 /usr/bin/../lib/gcc/arm-none-eabi/7.3.1/../../../../arm-none-eabi/lib/thumb/v7-m/librdimon.a(rdimon-syscalls.o)
                0x0000000000013b54                _open
 .text._get_semihosting_exts
                0x0000000000013b68       0xd0 /usr/bin/../lib/gcc/arm-none-eabi/7.3.1/../../../../arm-none-eabi/lib/thumb/v7-m/librdimon.a(rdimon-syscalls.o)
                0x0000000000013b68                _get_semihosting_exts
 .text.initialise_semihosting_exts
                0x0000000000013c38       0x3c /usr/bin/../lib/gcc/arm-none-eabi/7.3.1/../../../../arm-none-eabi/lib/thumb/v7-m/librdimon.a(rdimon-syscalls.o)
 .text._has_ext_exit_extended
                0x0000000000013c74       0x18 /usr/bin/../lib/gcc/arm-none-eabi/7.3.1/../../../../arm-none-eabi/lib/thumb/v7-m/librdimon.a(rdimon-syscalls.o)
                0x0000000000013c74                _has_ext_exit_extended
 .text._has_ext_stdout_stderr
                0x0000000000013c8c       0x18 /usr/bin/../lib/gcc/arm-none-eabi/7.3.1/../../../../arm-none-eabi/lib/thumb/v7-m/librdimon.a(rdimon-syscalls.o)
                0x0000000000013c8c                _has_ext_stdout_stderr
 .text.initialise_monitor_handles
                0x0000000000013ca4      0x108 /usr/bin/../lib/gcc/arm-none-eabi/7.3.1/../../../../arm-none-eabi/lib/thumb/v7-m/librdimon.a(rdimon-syscalls.o)
                0x0000000000013ca4                initialise_monitor_handles
 .text._link    0x0000000000013dac       0x10 /usr/bin/../lib/gcc/arm-none-eabi/7.3.1/../../../../arm-none-eabi/lib/thumb/v7-m/librdimon.a(rdimon-syscalls.o)
                0x0000000000013dac                _link
 .text._unlink  0x0000000000013dbc       0x3c /usr/bin/../lib/gcc/arm-none-eabi/7.3.1/../../../../arm-none-eabi/lib/thumb/v7-m/librdimon.a(rdimon-syscalls.o)
                0x0000000000013dbc                _unlink
 .text._gettimeofday
                0x0000000000013df8       0x2c /usr/bin/../lib/gcc/arm-none-eabi/7.3.1/../../../../arm-none-eabi/lib/thumb/v7-m/librdimon.a(rdimon-syscalls.o)
                0x0000000000013df8                _gettimeofday
 .text._clock   0x0000000000013e24       0x14 /usr/bin/../lib/gcc/arm-none-eabi/7.3.1/../../../../arm-none-eabi/lib/thumb/v7-m/librdimon.a(rdimon-syscalls.o)
                0x0000000000013e24                _clock
 .text._times   0x0000000000013e38       0x20 /usr/bin/../lib/gcc/arm-none-eabi/7.3.1/../../../../arm-none-eabi/lib/thumb/v7-m/librdimon.a(rdimon-syscalls.o)
                0x0000000000013e38                _times
 .text._isatty  0x0000000000013e58       0x3c /usr/bin/../lib/gcc/arm-none-eabi/7.3.1/../../../../arm-none-eabi/lib/thumb/v7-m/librdimon.a(rdimon-syscalls.o)
                0x0000000000013e58                _isatty
 .text._system  0x0000000000013e94       0x44 /usr/bin/../lib/gcc/arm-none-eabi/7.3.1/../../../../arm-none-eabi/lib/thumb/v7-m/librdimon.a(rdimon-syscalls.o)
                0x0000000000013e94                _system
 .text._rename  0x0000000000013ed8       0x3c /usr/bin/../lib/gcc/arm-none-eabi/7.3.1/../../../../arm-none-eabi/lib/thumb/v7-m/librdimon.a(rdimon-syscalls.o)
                0x0000000000013ed8                _rename
 .text          0x0000000000013f14       0x2c /usr/bin/../lib/gcc/arm-none-eabi/7.3.1/thumb/v7-m/libgcc.a(_arm_unorddf2.o)
                0x0000000000013f14                __aeabi_dcmpun
                0x0000000000013f14                __unorddf2
 .text          0x0000000000013f40       0x2c /usr/bin/../lib/gcc/arm-none-eabi/7.3.1/thumb/v7-m/libgcc.a(_arm_unordsf2.o)
                0x0000000000013f40                __aeabi_fcmpun
                0x0000000000013f40                __unordsf2
 .text          0x0000000000013f6c        0x0 /usr/bin/../lib/gcc/arm-none-eabi/7.3.1/../../../../arm-none-eabi/lib/thumb/v7-m/libc.a(lib_a-errno.o)
 .text.__errno  0x0000000000013f6c        0xc /usr/bin/../lib/gcc/arm-none-eabi/7.3.1/../../../../arm-none-eabi/lib/thumb/v7-m/libc.a(lib_a-errno.o)
                0x0000000000013f6c                __errno
 .text          0x0000000000013f78        0x0 /usr/bin/../lib/gcc/arm-none-eabi/7.3.1/../../../../arm-none-eabi/lib/thumb/v7-m/libc.a(lib_a-findfp.o)
 .text.std      0x0000000000013f78       0x50 /usr/bin/../lib/gcc/arm-none-eabi/7.3.1/../../../../arm-none-eabi/lib/thumb/v7-m/libc.a(lib_a-findfp.o)
 .text._cleanup_r
                0x0000000000013fc8        0xc /usr/bin/../lib/gcc/arm-none-eabi/7.3.1/../../../../arm-none-eabi/lib/thumb/v7-m/libc.a(lib_a-findfp.o)
                0x0000000000013fc8                _cleanup_r
 .text.__fp_lock
                0x0000000000013fd4       0x1c /usr/bin/../lib/gcc/arm-none-eabi/7.3.1/../../../../arm-none-eabi/lib/thumb/v7-m/libc.a(lib_a-findfp.o)
 .text.__fp_unlock
                0x0000000000013ff0       0x1c /usr/bin/../lib/gcc/arm-none-eabi/7.3.1/../../../../arm-none-eabi/lib/thumb/v7-m/libc.a(lib_a-findfp.o)
 .text.__sfmoreglue
                0x000000000001400c       0x30 /usr/bin/../lib/gcc/arm-none-eabi/7.3.1/../../../../arm-none-eabi/lib/thumb/v7-m/libc.a(lib_a-findfp.o)
                0x000000000001400c                __sfmoreglue
 .text._cleanup
                0x000000000001403c       0x14 /usr/bin/../lib/gcc/arm-none-eabi/7.3.1/../../../../arm-none-eabi/lib/thumb/v7-m/libc.a(lib_a-findfp.o)
                0x000000000001403c                _cleanup
 .text.__sinit  0x0000000000014050       0x60 /usr/bin/../lib/gcc/arm-none-eabi/7.3.1/../../../../arm-none-eabi/lib/thumb/v7-m/libc.a(lib_a-findfp.o)
                0x0000000000014050                __sinit
 .text.__sfp    0x00000000000140b0       0xa4 /usr/bin/../lib/gcc/arm-none-eabi/7.3.1/../../../../arm-none-eabi/lib/thumb/v7-m/libc.a(lib_a-findfp.o)
                0x00000000000140b0                __sfp
 .text.__sfp_lock_acquire
                0x0000000000014154        0xc /usr/bin/../lib/gcc/arm-none-eabi/7.3.1/../../../../arm-none-eabi/lib/thumb/v7-m/libc.a(lib_a-findfp.o)
                0x0000000000014154                __sfp_lock_acquire
 .text.__sfp_lock_release
                0x0000000000014160        0xc /usr/bin/../lib/gcc/arm-none-eabi/7.3.1/../../../../arm-none-eabi/lib/thumb/v7-m/libc.a(lib_a-findfp.o)
                0x0000000000014160                __sfp_lock_release
 .text.__sinit_lock_acquire
                0x000000000001416c        0xc /usr/bin/../lib/gcc/arm-none-eabi/7.3.1/../../../../arm-none-eabi/lib/thumb/v7-m/libc.a(lib_a-findfp.o)
                0x000000000001416c                __sinit_lock_acquire
 .text.__sinit_lock_release
                0x0000000000014178        0xc /usr/bin/../lib/gcc/arm-none-eabi/7.3.1/../../../../arm-none-eabi/lib/thumb/v7-m/libc.a(lib_a-findfp.o)
                0x0000000000014178                __sinit_lock_release
 .text.__fp_lock_all
                0x0000000000014184       0x24 /usr/bin/../lib/gcc/arm-none-eabi/7.3.1/../../../../arm-none-eabi/lib/thumb/v7-m/libc.a(lib_a-findfp.o)
                0x0000000000014184                __fp_lock_all
 .text.__fp_unlock_all
                0x00000000000141a8       0x24 /usr/bin/../lib/gcc/arm-none-eabi/7.3.1/../../../../arm-none-eabi/lib/thumb/v7-m/libc.a(lib_a-findfp.o)
                0x00000000000141a8                __fp_unlock_all
 .text          0x00000000000141cc        0x0 /usr/bin/../lib/gcc/arm-none-eabi/7.3.1/../../../../arm-none-eabi/lib/thumb/v7-m/libc.a(lib_a-fwalk.o)
 .text._fwalk   0x00000000000141cc       0x48 /usr/bin/../lib/gcc/arm-none-eabi/7.3.1/../../../../arm-none-eabi/lib/thumb/v7-m/libc.a(lib_a-fwalk.o)
                0x00000000000141cc                _fwalk
 .text._fwalk_reent
                0x0000000000014214       0x50 /usr/bin/../lib/gcc/arm-none-eabi/7.3.1/../../../../arm-none-eabi/lib/thumb/v7-m/libc.a(lib_a-fwalk.o)
                0x0000000000014214                _fwalk_reent
 .text          0x0000000000014264        0x0 /usr/bin/../lib/gcc/arm-none-eabi/7.3.1/../../../../arm-none-eabi/lib/thumb/v7-m/libc.a(lib_a-stdio.o)
 .text.__sread  0x0000000000014264       0x24 /usr/bin/../lib/gcc/arm-none-eabi/7.3.1/../../../../arm-none-eabi/lib/thumb/v7-m/libc.a(lib_a-stdio.o)
                0x0000000000014264                __sread
 .text.__seofread
                0x0000000000014288        0x4 /usr/bin/../lib/gcc/arm-none-eabi/7.3.1/../../../../arm-none-eabi/lib/thumb/v7-m/libc.a(lib_a-stdio.o)
                0x0000000000014288                __seofread
 .text.__swrite
                0x000000000001428c       0x3c /usr/bin/../lib/gcc/arm-none-eabi/7.3.1/../../../../arm-none-eabi/lib/thumb/v7-m/libc.a(lib_a-stdio.o)
                0x000000000001428c                __swrite
 .text.__sseek  0x00000000000142c8       0x20 /usr/bin/../lib/gcc/arm-none-eabi/7.3.1/../../../../arm-none-eabi/lib/thumb/v7-m/libc.a(lib_a-stdio.o)
                0x00000000000142c8                __sseek
 .text.__sclose
                0x00000000000142e8        0x8 /usr/bin/../lib/gcc/arm-none-eabi/7.3.1/../../../../arm-none-eabi/lib/thumb/v7-m/libc.a(lib_a-stdio.o)
                0x00000000000142e8                __sclose
 .text          0x00000000000142f0        0x0 /usr/bin/../lib/gcc/arm-none-eabi/7.3.1/../../../../arm-none-eabi/lib/thumb/v7-m/libc.a(lib_a-writer.o)
 .text._write_r
                0x00000000000142f0       0x2c /usr/bin/../lib/gcc/arm-none-eabi/7.3.1/../../../../arm-none-eabi/lib/thumb/v7-m/libc.a(lib_a-writer.o)
                0x00000000000142f0                _write_r
 .text          0x000000000001431c        0x0 /usr/bin/../lib/gcc/arm-none-eabi/7.3.1/../../../../arm-none-eabi/lib/thumb/v7-m/libc.a(lib_a-closer.o)
 .text._close_r
                0x000000000001431c       0x24 /usr/bin/../lib/gcc/arm-none-eabi/7.3.1/../../../../arm-none-eabi/lib/thumb/v7-m/libc.a(lib_a-closer.o)
                0x000000000001431c                _close_r
 .text          0x0000000000014340        0x0 /usr/bin/../lib/gcc/arm-none-eabi/7.3.1/../../../../arm-none-eabi/lib/thumb/v7-m/libc.a(lib_a-fclose.o)
 .text._fclose_r
                0x0000000000014340       0xd0 /usr/bin/../lib/gcc/arm-none-eabi/7.3.1/../../../../arm-none-eabi/lib/thumb/v7-m/libc.a(lib_a-fclose.o)
                0x0000000000014340                _fclose_r
 .text.fclose   0x0000000000014410       0x10 /usr/bin/../lib/gcc/arm-none-eabi/7.3.1/../../../../arm-none-eabi/lib/thumb/v7-m/libc.a(lib_a-fclose.o)
                0x0000000000014410                fclose
 .text          0x0000000000014420        0x0 /usr/bin/../lib/gcc/arm-none-eabi/7.3.1/../../../../arm-none-eabi/lib/thumb/v7-m/libc.a(lib_a-fflush.o)
 .text.__sflush_r
                0x0000000000014420      0x154 /usr/bin/../lib/gcc/arm-none-eabi/7.3.1/../../../../arm-none-eabi/lib/thumb/v7-m/libc.a(lib_a-fflush.o)
                0x0000000000014420                __sflush_r
 .text._fflush_r
                0x0000000000014574       0x5c /usr/bin/../lib/gcc/arm-none-eabi/7.3.1/../../../../arm-none-eabi/lib/thumb/v7-m/libc.a(lib_a-fflush.o)
                0x0000000000014574                _fflush_r
 .text.fflush   0x00000000000145d0       0x24 /usr/bin/../lib/gcc/arm-none-eabi/7.3.1/../../../../arm-none-eabi/lib/thumb/v7-m/libc.a(lib_a-fflush.o)
                0x00000000000145d0                fflush
 .text          0x00000000000145f4        0x0 /usr/bin/../lib/gcc/arm-none-eabi/7.3.1/../../../../arm-none-eabi/lib/thumb/v7-m/libc.a(lib_a-lseekr.o)
 .text._lseek_r
                0x00000000000145f4       0x2c /usr/bin/../lib/gcc/arm-none-eabi/7.3.1/../../../../arm-none-eabi/lib/thumb/v7-m/libc.a(lib_a-lseekr.o)
                0x00000000000145f4                _lseek_r
 .text          0x0000000000014620        0x0 /usr/bin/../lib/gcc/arm-none-eabi/7.3.1/../../../../arm-none-eabi/lib/thumb/v7-m/libc.a(lib_a-readr.o)
 .text._read_r  0x0000000000014620       0x2c /usr/bin/../lib/gcc/arm-none-eabi/7.3.1/../../../../arm-none-eabi/lib/thumb/v7-m/libc.a(lib_a-readr.o)
                0x0000000000014620                _read_r
 *(.rodata .rodata.* .constdata .constdata.*)
 .rodata.str1.4
                0x000000000001464c        0x5 ./freertos/src/tasks.o
 *fill*         0x0000000000014651        0x3 ff
 .rodata        0x0000000000014654      0x1e6 ./drivers/src/uc1701.o
 *fill*         0x000000000001483a        0x2 ff
 .rodata        0x000000000001483c      0x1e6 ./drivers/src/ks0108.o
 *fill*         0x0000000000014a22        0x2 ff
 .rodata.str1.4
                0x0000000000014a24       0x3d ./app/src/protocol.o
                                         0x41 (size before relaxing)
 *fill*         0x0000000000014a61        0x3 ff
 .rodata        0x0000000000014a64      0x168 ./app/src/hardware.o
                0x0000000000014a64                xHeapRegions
 .rodata        0x0000000000014bcc      0x1f0 ./app/src/screen.o
 .rodata.str1.4
                0x0000000000014dbc       0x1c ./app/src/screen.o
                                         0x2a (size before relaxing)
 .rodata        0x0000000000014dd8      0x315 ./app/src/cli.o
 *fill*         0x00000000000150ed        0x3 ff
 .rodata.str1.4
                0x00000000000150f0      0x10a ./app/src/cli.o
 *fill*         0x00000000000151fa        0x2 ff
 .rodata        0x00000000000151fc        0x3 ./app/src/system.o
 *fill*         0x00000000000151ff        0x1 ff
 .rodata.str1.4
                0x0000000000015200      0x470 ./app/src/system.o
                                        0x488 (size before relaxing)
 .rodata        0x0000000000015670      0x806 ./app/src/images.o
                0x0000000000015670                mod_duo
                0x0000000000015a74                mod_logo
 *fill*         0x0000000000015e76        0x2 ff
 .rodata        0x0000000000015e78      0x104 ./app/src/naveg.o
 .rodata.str1.4
                0x0000000000015f7c      0xbd3 ./app/src/naveg.o
                                        0xc07 (size before relaxing)
 *fill*         0x0000000000016b4f        0x1 ff
 .rodata.str1.4
                0x0000000000016b50      0x14b ./app/src/main.o
                                        0x16b (size before relaxing)
 *fill*         0x0000000000016c9b        0x1 ff
 .rodata        0x0000000000016c9c     0x15d9 ./app/src/glcd_widget.o
 *fill*         0x0000000000018275        0x3 ff
 .rodata.str1.4
                0x0000000000018278       0x13 ./app/src/glcd_widget.o
                                         0x1b (size before relaxing)
 *fill*         0x000000000001828b        0x1 ff
 .rodata.str1.4
                0x000000000001828c        0x3 ./app/src/utils.o
                                          0xf (size before relaxing)
 *fill*         0x000000000001828f        0x1 ff
 .rodata._strtod_l.str1.4
                0x0000000000018290        0xf /usr/bin/../lib/gcc/arm-none-eabi/7.3.1/../../../../arm-none-eabi/lib/thumb/v7-m/libc.a(lib_a-strtod.o)
 *fill*         0x000000000001829f        0x1 ff
 .rodata.fpi.6172
                0x00000000000182a0       0x14 /usr/bin/../lib/gcc/arm-none-eabi/7.3.1/../../../../arm-none-eabi/lib/thumb/v7-m/libc.a(lib_a-strtod.o)
 .rodata.fpinan.6208
                0x00000000000182b4       0x14 /usr/bin/../lib/gcc/arm-none-eabi/7.3.1/../../../../arm-none-eabi/lib/thumb/v7-m/libc.a(lib_a-strtod.o)
 .rodata.tinytens
                0x00000000000182c8       0x28 /usr/bin/../lib/gcc/arm-none-eabi/7.3.1/../../../../arm-none-eabi/lib/thumb/v7-m/libc.a(lib_a-strtod.o)
 .rodata.__hexdig
                0x00000000000182f0      0x100 /usr/bin/../lib/gcc/arm-none-eabi/7.3.1/../../../../arm-none-eabi/lib/thumb/v7-m/libc.a(lib_a-gdtoa-gethex.o)
                0x00000000000182f0                __hexdig
 .rodata._global_impure_ptr
                0x00000000000183f0        0x4 /usr/bin/../lib/gcc/arm-none-eabi/7.3.1/../../../../arm-none-eabi/lib/thumb/v7-m/libc.a(lib_a-impure.o)
                0x00000000000183f0                _global_impure_ptr
 .rodata._setlocale_r.str1.4
                0x00000000000183f4        0x6 /usr/bin/../lib/gcc/arm-none-eabi/7.3.1/../../../../arm-none-eabi/lib/thumb/v7-m/libc.a(lib_a-locale.o)
                                          0xd (size before relaxing)
 .rodata.str1.4
                0x00000000000183fa        0x6 /usr/bin/../lib/gcc/arm-none-eabi/7.3.1/../../../../arm-none-eabi/lib/thumb/v7-m/libc.a(lib_a-locale.o)
                                          0x2 (size before relaxing)
 *fill*         0x00000000000183fa        0x6 ff
 .rodata.__mprec_bigtens
                0x0000000000018400       0x28 /usr/bin/../lib/gcc/arm-none-eabi/7.3.1/../../../../arm-none-eabi/lib/thumb/v7-m/libc.a(lib_a-mprec.o)
                0x0000000000018400                __mprec_bigtens
 .rodata.__mprec_tens
                0x0000000000018428       0xc8 /usr/bin/../lib/gcc/arm-none-eabi/7.3.1/../../../../arm-none-eabi/lib/thumb/v7-m/libc.a(lib_a-mprec.o)
                0x0000000000018428                __mprec_tens
 .rodata.__mprec_tinytens
                0x00000000000184f0       0x28 /usr/bin/../lib/gcc/arm-none-eabi/7.3.1/../../../../arm-none-eabi/lib/thumb/v7-m/libc.a(lib_a-mprec.o)
                0x00000000000184f0                __mprec_tinytens
 .rodata.p05.6092
                0x0000000000018518        0xc /usr/bin/../lib/gcc/arm-none-eabi/7.3.1/../../../../arm-none-eabi/lib/thumb/v7-m/libc.a(lib_a-mprec.o)
 .rodata._ctype_
                0x0000000000018524      0x101 /usr/bin/../lib/gcc/arm-none-eabi/7.3.1/../../../../arm-none-eabi/lib/thumb/v7-m/libc.a(lib_a-ctype_.o)
                0x0000000000018524                _ctype_
 *fill*         0x0000000000018625        0x3 ff
 .rodata.log.str1.4
                0x0000000000018628        0x4 /usr/bin/../lib/gcc/arm-none-eabi/7.3.1/../../../../arm-none-eabi/lib/thumb/v7-m/libm.a(lib_a-w_log.o)
                                          0x5 (size before relaxing)
 .rodata.pow.str1.4
                0x000000000001862c        0x4 /usr/bin/../lib/gcc/arm-none-eabi/7.3.1/../../../../arm-none-eabi/lib/thumb/v7-m/libm.a(lib_a-w_pow.o)
 .rodata.__ieee754_pow.str1.4
                0x0000000000018630        0x1 /usr/bin/../lib/gcc/arm-none-eabi/7.3.1/../../../../arm-none-eabi/lib/thumb/v7-m/libm.a(lib_a-e_pow.o)
 .rodata.TWO52  0x0000000000018630       0x10 /usr/bin/../lib/gcc/arm-none-eabi/7.3.1/../../../../arm-none-eabi/lib/thumb/v7-m/libm.a(lib_a-s_rint.o)
 .rodata._get_semihosting_exts.str1.4
                0x0000000000018640       0x16 /usr/bin/../lib/gcc/arm-none-eabi/7.3.1/../../../../arm-none-eabi/lib/thumb/v7-m/librdimon.a(rdimon-syscalls.o)
 *fill*         0x0000000000018656        0x2 ff
 .rodata.initialise_monitor_handles.str1.4
                0x0000000000018658        0x4 /usr/bin/../lib/gcc/arm-none-eabi/7.3.1/../../../../arm-none-eabi/lib/thumb/v7-m/librdimon.a(rdimon-syscalls.o)
                0x000000000001865c                . = ALIGN (0x4)

.glue_7         0x000000000001865c        0x0
 .glue_7        0x000000000001865c        0x0 linker stubs

.glue_7t        0x000000000001865c        0x0
 .glue_7t       0x000000000001865c        0x0 linker stubs

.vfp11_veneer   0x000000000001865c        0x0
 .vfp11_veneer  0x000000000001865c        0x0 linker stubs

.v4_bx          0x000000000001865c        0x0
 .v4_bx         0x000000000001865c        0x0 linker stubs

.iplt           0x000000000001865c        0x0
 .iplt          0x000000000001865c        0x0 ./nxp-lpc/CMSISv2p00_LPC17xx/src/cr_startup_lpc176x.o

.ARM.extab      0x000000000001865c        0x0
 *(.ARM.extab* .gnu.linkonce.armextab.*)
 .ARM.extab     0x000000000001865c        0x0 /usr/bin/../lib/gcc/arm-none-eabi/7.3.1/thumb/v7-m/libgcc.a(_udivmoddi4.o)
                0x000000000001865c                __exidx_start = .
